This is LuaHBTeX, Version 1.24.0 (TeX Live 2026)  (format=lualatex 2026.4.10)  16 MAY 2026 14:15
 restricted system commands enabled.
 file:line:error style messages enabled.
**c:/latex/numodel-bundle/numodel/examples/showcase.tex
(c:/latex/numodel-bundle/numodel/examples/showcase.tex
LaTeX2e <2025-11-01>
L3 programming layer <2026-01-19>
Lua module: luaotfload 2024-12-03 v3.29 Lua based OpenType font support
Lua module: lualibs 2023-07-13 v2.76 ConTeXt Lua standard libraries.
Lua module: lualibs-extended 2023-07-13 v2.76 ConTeXt Lua libraries -- extended collection.
luaotfload | conf : Root cache directory is "C:/Users/paulz/.texlive2026/texmf-var/luatex-cache/generic/names".
luaotfload | init : Loading fontloader "fontloader-2023-12-28.lua" from kpse-resolved path "c:/texlive/2025/texmf-dist/tex/luatex/luaotfload/fontloader-2023-12-28.lua".
Lua-only attribute luaotfload@noligature = 1
luaotfload | init : Context OpenType loader version 3.134
Inserting `luaotfload.node_processor' in `pre_linebreak_filter'.
Inserting `luaotfload.node_processor' in `hpack_filter'.
Inserting `luaotfload.glyph_stream' in `glyph_stream_provider'.
Inserting `luaotfload.define_font' in `define_font'.
Lua-only attribute luaotfload_color_attribute = 2
luaotfload | conf : Root cache directory is "C:/Users/paulz/.texlive2026/texmf-var/luatex-cache/generic/names".
Inserting `luaotfload.harf.strip_prefix' in `find_opentype_file'.
Inserting `luaotfload.harf.strip_prefix' in `find_truetype_file'.
Removing  `luaotfload.glyph_stream' from `glyph_stream_provider'.
Inserting `luaotfload.harf.glyphstream' in `glyph_stream_provider'.
Inserting `luaotfload.harf.finalize_vlist' in `post_linebreak_filter'.
Inserting `luaotfload.harf.finalize_hlist' in `hpack_filter'.
Inserting `luaotfload.cleanup_files' in `wrapup_run'.
Inserting `luaotfload.harf.finalize_unicode' in `finish_pdffile'.
Inserting `luaotfload.glyphinfo' in `glyph_info'.
Lua-only attribute luaotfload.letterspace_done = 3
Inserting `luaotfload.aux.set_sscale_dimens' in `luaotfload.patch_font'.
Inserting `luaotfload.aux.set_font_index' in `luaotfload.patch_font'.
Inserting `luaotfload.aux.patch_cambria_domh' in `luaotfload.patch_font'.
Inserting `luaotfload.aux.fixup_fontdata' in `luaotfload.patch_font_unsafe'.
Inserting `luaotfload.aux.set_capheight' in `luaotfload.patch_font'.
Inserting `luaotfload.aux.set_xheight' in `luaotfload.patch_font'.
Inserting `luaotfload.rewrite_fontname' in `luaotfload.patch_font'.
Inserting `tracingstacklevels' in `input_level_string'. (c:/texlive/2025/texmf-dist/tex/latex/base/article.cls
Document Class: article 2025/01/22 v1.4n Standard LaTeX document class
(c:/texlive/2025/texmf-dist/tex/latex/base/size10.clo
File: size10.clo 2025/01/22 v1.4n Standard LaTeX file (size option)
luaotfload | db : Font names database loaded from C:/Users/paulz/.texlive2026/texmf-var/luatex-cache/generic/names/luaotfload-names.luc.gz)
\c@part=\count273
\c@section=\count274
\c@subsection=\count275
\c@subsubsection=\count276
\c@paragraph=\count277
\c@subparagraph=\count278
\c@figure=\count279
\c@table=\count280
\abovecaptionskip=\skip49
\belowcaptionskip=\skip50
\bibindent=\dimen147
) (c:/Users/paulz/texmf/tex/latex/numodel-bundle/numodel/numodel.sty
Package: numodel 2026/05/16 v0.2.0 Numerical physics models with Euler integration and Forrester diagrams
 (c:/texlive/2025/texmf-dist/tex/latex/l3kernel/expl3.sty
Package: expl3 2026-01-19 L3 programming layer (loader) 
 (c:/texlive/2025/texmf-dist/tex/latex/l3backend/l3backend-luatex.def
File: l3backend-luatex.def 2025-10-09 L3 backend support: PDF output (LuaTeX)
\l__color_backend_stack_int=\count281
Inserting `l3color' in `luaotfload.parse_color'.)) (c:/texlive/2025/texmf-dist/tex/latex/l3packages/xparse/xparse.sty
Package: xparse 2025-10-09 L3 Experimental document command parser
) (c:/texlive/2025/texmf-dist/tex/latex/l3packages/l3keys2e/l3keys2e.sty
Package: l3keys2e 2025-10-09 LaTeX2e option processing using LaTeX3 keys
) (c:/texlive/2025/texmf-dist/tex/latex/amsmath/amsmath.sty
Package: amsmath 2025/07/09 v2.17z AMS math features
\@mathmargin=\skip51

For additional information on amsmath, use the `?' option.
(c:/texlive/2025/texmf-dist/tex/latex/amsmath/amstext.sty
Package: amstext 2024/11/17 v2.01 AMS text
 (c:/texlive/2025/texmf-dist/tex/latex/amsmath/amsgen.sty
File: amsgen.sty 1999/11/30 v2.0 generic functions
\@emptytoks=\toks17
\ex@=\dimen148
)) (c:/texlive/2025/texmf-dist/tex/latex/amsmath/amsbsy.sty
Package: amsbsy 1999/11/29 v1.2d Bold Symbols
\pmbraise@=\dimen149
) (c:/texlive/2025/texmf-dist/tex/latex/amsmath/amsopn.sty
Package: amsopn 2022/04/08 v2.04 operator names
)
\inf@bad=\count282
LaTeX Info: Redefining \frac on input line 235.
\uproot@=\count283
\leftroot@=\count284
LaTeX Info: Redefining \overline on input line 398.
LaTeX Info: Redefining \colon on input line 409.
\classnum@=\count285
\DOTSCASE@=\count286
LaTeX Info: Redefining \ldots on input line 495.
LaTeX Info: Redefining \dots on input line 498.
LaTeX Info: Redefining \cdots on input line 619.
\Mathstrutbox@=\box53
\strutbox@=\box54
LaTeX Info: Redefining \big on input line 721.
LaTeX Info: Redefining \Big on input line 722.
LaTeX Info: Redefining \bigg on input line 723.
LaTeX Info: Redefining \Bigg on input line 724.
\big@size=\dimen150
LaTeX Font Info:    Redeclaring font encoding OML on input line 742.
LaTeX Font Info:    Redeclaring font encoding OMS on input line 743.
\macc@depth=\count287
LaTeX Info: Redefining \bmod on input line 904.
LaTeX Info: Redefining \pmod on input line 909.
LaTeX Info: Redefining \smash on input line 939.
LaTeX Info: Redefining \relbar on input line 969.
LaTeX Info: Redefining \Relbar on input line 970.
\c@MaxMatrixCols=\count288
\dotsspace@=\muskip17
\c@parentequation=\count289
\dspbrk@lvl=\count290
\tag@help=\toks18
\row@=\count291
\column@=\count292
\maxfields@=\count293
\andhelp@=\toks19
\eqnshift@=\dimen151
\alignsep@=\dimen152
\tagshift@=\dimen153
\tagwidth@=\dimen154
\totwidth@=\dimen155
\lineht@=\dimen156
\@envbody=\toks20
\multlinegap=\skip52
\multlinetaggap=\skip53
\mathdisplay@stack=\toks21
LaTeX Info: Redefining \[ on input line 2950.
LaTeX Info: Redefining \] on input line 2951.
) (c:/texlive/2025/texmf-dist/tex/latex/amsfonts/amssymb.sty
Package: amssymb 2013/01/14 v3.01 AMS font symbols
 (c:/texlive/2025/texmf-dist/tex/latex/amsfonts/amsfonts.sty
Package: amsfonts 2013/01/14 v3.01 Basic AMSFonts support
\symAMSa=\mathgroup4
\symAMSb=\mathgroup5
LaTeX Font Info:    Redeclaring math symbol \hbar on input line 98.
LaTeX Font Info:    Overwriting math alphabet `\mathfrak' in version `bold'
(Font)                  U/euf/m/n --> U/euf/b/n on input line 106.
)) (c:/texlive/2025/texmf-dist/tex/latex/pgf/frontendlayer/tikz.sty (c:/texlive/2025/texmf-dist/tex/latex/pgf/basiclayer/pgf.sty (c:/texlive/2025/texmf-dist/tex/latex/pgf/utilities/pgfrcs.sty (c:/texlive/2025/texmf-dist/tex/generic/pgf/utilities/pgfutil-common.tex
\pgfutil@everybye=\toks22
\pgfutil@tempdima=\dimen157
\pgfutil@tempdimb=\dimen158
) (c:/texlive/2025/texmf-dist/tex/generic/pgf/utilities/pgfutil-latex.def
\pgfutil@abb=\box55
) (c:/texlive/2025/texmf-dist/tex/generic/pgf/utilities/pgfrcs.code.tex (c:/texlive/2025/texmf-dist/tex/generic/pgf/pgf.revision.tex)
Package: pgfrcs 2025-08-29 v3.1.11a (3.1.11a)
))
Package: pgf 2025-08-29 v3.1.11a (3.1.11a)
 (c:/texlive/2025/texmf-dist/tex/latex/pgf/basiclayer/pgfcore.sty (c:/texlive/2025/texmf-dist/tex/latex/graphics/graphicx.sty
Package: graphicx 2024/12/31 v1.2e Enhanced LaTeX Graphics (DPC,SPQR)
 (c:/texlive/2025/texmf-dist/tex/latex/graphics/keyval.sty
Package: keyval 2022/05/29 v1.15 key=value parser (DPC)
\KV@toks@=\toks23
) (c:/texlive/2025/texmf-dist/tex/latex/graphics/graphics.sty
Package: graphics 2024/08/06 v1.4g Standard LaTeX Graphics (DPC,SPQR)
 (c:/texlive/2025/texmf-dist/tex/latex/graphics/trig.sty
Package: trig 2023/12/02 v1.11 sin cos tan (DPC)
) (c:/texlive/2025/texmf-dist/tex/latex/graphics-cfg/graphics.cfg
File: graphics.cfg 2016/06/04 v1.11 sample graphics configuration
)
Package graphics Info: Driver file: luatex.def on input line 106.
 (c:/texlive/2025/texmf-dist/tex/latex/graphics-def/luatex.def
File: luatex.def 2025/09/29 v1.2f Graphics/color driver for luatex
))
\Gin@req@height=\dimen159
\Gin@req@width=\dimen160
) (c:/texlive/2025/texmf-dist/tex/latex/pgf/systemlayer/pgfsys.sty (c:/texlive/2025/texmf-dist/tex/generic/pgf/systemlayer/pgfsys.code.tex
Package: pgfsys 2025-08-29 v3.1.11a (3.1.11a)
 (c:/texlive/2025/texmf-dist/tex/generic/pgf/utilities/pgfkeys.code.tex
\pgfkeys@pathtoks=\toks24
\pgfkeys@temptoks=\toks25
 (c:/texlive/2025/texmf-dist/tex/generic/pgf/utilities/pgfkeyslibraryfiltered.code.tex
\pgfkeys@tmptoks=\toks26
))
\pgf@x=\dimen161
\pgf@y=\dimen162
\pgf@xa=\dimen163
\pgf@ya=\dimen164
\pgf@xb=\dimen165
\pgf@yb=\dimen166
\pgf@xc=\dimen167
\pgf@yc=\dimen168
\pgf@xd=\dimen169
\pgf@yd=\dimen170
\w@pgf@writea=\write3
\r@pgf@reada=\read2
\c@pgf@counta=\count294
\c@pgf@countb=\count295
\c@pgf@countc=\count296
\c@pgf@countd=\count297
\t@pgf@toka=\toks27
\t@pgf@tokb=\toks28
\t@pgf@tokc=\toks29
\pgf@sys@id@count=\count298
 (c:/texlive/2025/texmf-dist/tex/generic/pgf/systemlayer/pgf.cfg
File: pgf.cfg 2025-08-29 v3.1.11a (3.1.11a)
)
Driver file for pgf: pgfsys-luatex.def
 (c:/texlive/2025/texmf-dist/tex/generic/pgf/systemlayer/pgfsys-luatex.def
File: pgfsys-luatex.def 2025-08-29 v3.1.11a (3.1.11a)
 (c:/texlive/2025/texmf-dist/tex/generic/pgf/systemlayer/pgfsys-common-pdf.def
File: pgfsys-common-pdf.def 2025-08-29 v3.1.11a (3.1.11a)
))) (c:/texlive/2025/texmf-dist/tex/generic/pgf/systemlayer/pgfsyssoftpath.code.tex
File: pgfsyssoftpath.code.tex 2025-08-29 v3.1.11a (3.1.11a)
\pgfsyssoftpath@smallbuffer@items=\count299
\pgfsyssoftpath@bigbuffer@items=\count300
) (c:/texlive/2025/texmf-dist/tex/generic/pgf/systemlayer/pgfsysprotocol.code.tex
File: pgfsysprotocol.code.tex 2025-08-29 v3.1.11a (3.1.11a)
)) (c:/texlive/2025/texmf-dist/tex/latex/xcolor/xcolor.sty
Package: xcolor 2024/09/29 v3.02 LaTeX color extensions (UK)
 (c:/texlive/2025/texmf-dist/tex/latex/graphics-cfg/color.cfg
File: color.cfg 2016/01/02 v1.6 sample color configuration
)
Package xcolor Info: Driver file: luatex.def on input line 274.
 (c:/texlive/2025/texmf-dist/tex/latex/graphics/mathcolor.ltx)
Package xcolor Info: Model `cmy' substituted by `cmy0' on input line 1349.
Package xcolor Info: Model `hsb' substituted by `rgb' on input line 1353.
Package xcolor Info: Model `RGB' extended on input line 1365.
Package xcolor Info: Model `HTML' substituted by `rgb' on input line 1367.
Package xcolor Info: Model `Hsb' substituted by `hsb' on input line 1368.
Package xcolor Info: Model `tHsb' substituted by `hsb' on input line 1369.
Package xcolor Info: Model `HSB' substituted by `hsb' on input line 1370.
Package xcolor Info: Model `Gray' substituted by `gray' on input line 1371.
Package xcolor Info: Model `wave' substituted by `hsb' on input line 1372.
) (c:/texlive/2025/texmf-dist/tex/generic/pgf/basiclayer/pgfcore.code.tex
Package: pgfcore 2025-08-29 v3.1.11a (3.1.11a)
 (c:/texlive/2025/texmf-dist/tex/generic/pgf/math/pgfmath.code.tex (c:/texlive/2025/texmf-dist/tex/generic/pgf/math/pgfmathutil.code.tex) (c:/texlive/2025/texmf-dist/tex/generic/pgf/math/pgfmathparser.code.tex
\pgfmath@dimen=\dimen171
\pgfmath@count=\count301
\pgfmath@box=\box56
\pgfmath@toks=\toks30
\pgfmath@stack@operand=\toks31
\pgfmath@stack@operation=\toks32
) (c:/texlive/2025/texmf-dist/tex/generic/pgf/math/pgfmathfunctions.code.tex) (c:/texlive/2025/texmf-dist/tex/generic/pgf/math/pgfmathfunctions.basic.code.tex) (c:/texlive/2025/texmf-dist/tex/generic/pgf/math/pgfmathfunctions.trigonometric.code.tex) (c:/texlive/2025/texmf-dist/tex/generic/pgf/math/pgfmathfunctions.random.code.tex) (c:/texlive/2025/texmf-dist/tex/generic/pgf/math/pgfmathfunctions.comparison.code.tex) (c:/texlive/2025/texmf-dist/tex/generic/pgf/math/pgfmathfunctions.base.code.tex) (c:/texlive/2025/texmf-dist/tex/generic/pgf/math/pgfmathfunctions.round.code.tex) (c:/texlive/2025/texmf-dist/tex/generic/pgf/math/pgfmathfunctions.misc.code.tex) (c:/texlive/2025/texmf-dist/tex/generic/pgf/math/pgfmathfunctions.integerarithmetics.code.tex) (c:/texlive/2025/texmf-dist/tex/generic/pgf/math/pgfmathcalc.code.tex) (c:/texlive/2025/texmf-dist/tex/generic/pgf/math/pgfmathfloat.code.tex
\c@pgfmathroundto@lastzeros=\count302
)) (c:/texlive/2025/texmf-dist/tex/generic/pgf/math/pgfint.code.tex) (c:/texlive/2025/texmf-dist/tex/generic/pgf/basiclayer/pgfcorepoints.code.tex
File: pgfcorepoints.code.tex 2025-08-29 v3.1.11a (3.1.11a)
\pgf@picminx=\dimen172
\pgf@picmaxx=\dimen173
\pgf@picminy=\dimen174
\pgf@picmaxy=\dimen175
\pgf@pathminx=\dimen176
\pgf@pathmaxx=\dimen177
\pgf@pathminy=\dimen178
\pgf@pathmaxy=\dimen179
\pgf@xx=\dimen180
\pgf@xy=\dimen181
\pgf@yx=\dimen182
\pgf@yy=\dimen183
\pgf@zx=\dimen184
\pgf@zy=\dimen185
) (c:/texlive/2025/texmf-dist/tex/generic/pgf/basiclayer/pgfcorepathconstruct.code.tex
File: pgfcorepathconstruct.code.tex 2025-08-29 v3.1.11a (3.1.11a)
\pgf@path@lastx=\dimen186
\pgf@path@lasty=\dimen187
) (c:/texlive/2025/texmf-dist/tex/generic/pgf/basiclayer/pgfcorepathusage.code.tex
File: pgfcorepathusage.code.tex 2025-08-29 v3.1.11a (3.1.11a)
\pgf@shorten@end@additional=\dimen188
\pgf@shorten@start@additional=\dimen189
) (c:/texlive/2025/texmf-dist/tex/generic/pgf/basiclayer/pgfcorescopes.code.tex
File: pgfcorescopes.code.tex 2025-08-29 v3.1.11a (3.1.11a)
\pgfpic=\box57
\pgf@hbox=\box58
\pgf@layerbox@main=\box59
\pgf@picture@serial@count=\count303
) (c:/texlive/2025/texmf-dist/tex/generic/pgf/basiclayer/pgfcoregraphicstate.code.tex
File: pgfcoregraphicstate.code.tex 2025-08-29 v3.1.11a (3.1.11a)
\pgflinewidth=\dimen190
) (c:/texlive/2025/texmf-dist/tex/generic/pgf/basiclayer/pgfcoretransformations.code.tex
File: pgfcoretransformations.code.tex 2025-08-29 v3.1.11a (3.1.11a)
\pgf@pt@x=\dimen191
\pgf@pt@y=\dimen192
\pgf@pt@temp=\dimen193
) (c:/texlive/2025/texmf-dist/tex/generic/pgf/basiclayer/pgfcorequick.code.tex
File: pgfcorequick.code.tex 2025-08-29 v3.1.11a (3.1.11a)
) (c:/texlive/2025/texmf-dist/tex/generic/pgf/basiclayer/pgfcoreobjects.code.tex
File: pgfcoreobjects.code.tex 2025-08-29 v3.1.11a (3.1.11a)
) (c:/texlive/2025/texmf-dist/tex/generic/pgf/basiclayer/pgfcorepathprocessing.code.tex
File: pgfcorepathprocessing.code.tex 2025-08-29 v3.1.11a (3.1.11a)
) (c:/texlive/2025/texmf-dist/tex/generic/pgf/basiclayer/pgfcorearrows.code.tex
File: pgfcorearrows.code.tex 2025-08-29 v3.1.11a (3.1.11a)
\pgfarrowsep=\dimen194
) (c:/texlive/2025/texmf-dist/tex/generic/pgf/basiclayer/pgfcoreshade.code.tex
File: pgfcoreshade.code.tex 2025-08-29 v3.1.11a (3.1.11a)
\pgf@max=\dimen195
\pgf@sys@shading@range@num=\count304
\pgf@shadingcount=\count305
) (c:/texlive/2025/texmf-dist/tex/generic/pgf/basiclayer/pgfcoreimage.code.tex
File: pgfcoreimage.code.tex 2025-08-29 v3.1.11a (3.1.11a)
) (c:/texlive/2025/texmf-dist/tex/generic/pgf/basiclayer/pgfcoreexternal.code.tex
File: pgfcoreexternal.code.tex 2025-08-29 v3.1.11a (3.1.11a)
\pgfexternal@startupbox=\box60
) (c:/texlive/2025/texmf-dist/tex/generic/pgf/basiclayer/pgfcorelayers.code.tex
File: pgfcorelayers.code.tex 2025-08-29 v3.1.11a (3.1.11a)
) (c:/texlive/2025/texmf-dist/tex/generic/pgf/basiclayer/pgfcoretransparency.code.tex
File: pgfcoretransparency.code.tex 2025-08-29 v3.1.11a (3.1.11a)
) (c:/texlive/2025/texmf-dist/tex/generic/pgf/basiclayer/pgfcorepatterns.code.tex
File: pgfcorepatterns.code.tex 2025-08-29 v3.1.11a (3.1.11a)
) (c:/texlive/2025/texmf-dist/tex/generic/pgf/basiclayer/pgfcorerdf.code.tex
File: pgfcorerdf.code.tex 2025-08-29 v3.1.11a (3.1.11a)
))) (c:/texlive/2025/texmf-dist/tex/generic/pgf/modules/pgfmoduleshapes.code.tex
File: pgfmoduleshapes.code.tex 2025-08-29 v3.1.11a (3.1.11a)
\pgfnodeparttextbox=\box61
) (c:/texlive/2025/texmf-dist/tex/generic/pgf/modules/pgfmoduleplot.code.tex
File: pgfmoduleplot.code.tex 2025-08-29 v3.1.11a (3.1.11a)
) (c:/texlive/2025/texmf-dist/tex/latex/pgf/compatibility/pgfcomp-version-0-65.sty
Package: pgfcomp-version-0-65 2025-08-29 v3.1.11a (3.1.11a)
\pgf@nodesepstart=\dimen196
\pgf@nodesepend=\dimen197
) (c:/texlive/2025/texmf-dist/tex/latex/pgf/compatibility/pgfcomp-version-1-18.sty
Package: pgfcomp-version-1-18 2025-08-29 v3.1.11a (3.1.11a)
)) (c:/texlive/2025/texmf-dist/tex/latex/pgf/utilities/pgffor.sty (c:/texlive/2025/texmf-dist/tex/latex/pgf/utilities/pgfkeys.sty (c:/texlive/2025/texmf-dist/tex/generic/pgf/utilities/pgfkeys.code.tex)) (c:/texlive/2025/texmf-dist/tex/latex/pgf/math/pgfmath.sty (c:/texlive/2025/texmf-dist/tex/generic/pgf/math/pgfmath.code.tex)) (c:/texlive/2025/texmf-dist/tex/generic/pgf/utilities/pgffor.code.tex
Package: pgffor 2025-08-29 v3.1.11a (3.1.11a)
\pgffor@iter=\dimen198
\pgffor@skip=\dimen199
\pgffor@stack=\toks33
\pgffor@toks=\toks34
)) (c:/texlive/2025/texmf-dist/tex/generic/pgf/frontendlayer/tikz/tikz.code.tex
Package: tikz 2025-08-29 v3.1.11a (3.1.11a)
 (c:/texlive/2025/texmf-dist/tex/generic/pgf/libraries/pgflibraryplothandlers.code.tex
File: pgflibraryplothandlers.code.tex 2025-08-29 v3.1.11a (3.1.11a)
\pgf@plot@mark@count=\count306
\pgfplotmarksize=\dimen256
)
\tikz@lastx=\dimen257
\tikz@lasty=\dimen258
\tikz@lastxsaved=\dimen259
\tikz@lastysaved=\dimen260
\tikz@lastmovetox=\dimen261
\tikz@lastmovetoy=\dimen262
\tikzleveldistance=\dimen263
\tikzsiblingdistance=\dimen264
\tikz@figbox=\box62
\tikz@figbox@bg=\box63
\tikz@tempbox=\box64
\tikz@tempbox@bg=\box65
\tikztreelevel=\count307
\tikznumberofchildren=\count308
\tikznumberofcurrentchild=\count309
\tikz@fig@count=\count310
 (c:/texlive/2025/texmf-dist/tex/generic/pgf/modules/pgfmodulematrix.code.tex
File: pgfmodulematrix.code.tex 2025-08-29 v3.1.11a (3.1.11a)
\pgfmatrixcurrentrow=\count311
\pgfmatrixcurrentcolumn=\count312
\pgf@matrix@numberofcolumns=\count313
)
\tikz@expandcount=\count314
 (c:/texlive/2025/texmf-dist/tex/generic/pgf/frontendlayer/tikz/libraries/tikzlibrarytopaths.code.tex
File: tikzlibrarytopaths.code.tex 2025-08-29 v3.1.11a (3.1.11a)
))) (c:/texlive/2025/texmf-dist/tex/generic/pgf/frontendlayer/tikz/libraries/tikzlibraryshapes.symbols.code.tex
File: tikzlibraryshapes.symbols.code.tex 2025-08-29 v3.1.11a (3.1.11a)
 (c:/texlive/2025/texmf-dist/tex/generic/pgf/libraries/shapes/pgflibraryshapes.symbols.code.tex
File: pgflibraryshapes.symbols.code.tex 2025-08-29 v3.1.11a (3.1.11a)
)) (c:/texlive/2025/texmf-dist/tex/generic/pgf/libraries/pgflibraryarrows.meta.code.tex
File: pgflibraryarrows.meta.code.tex 2025-08-29 v3.1.11a (3.1.11a)
\pgfarrowinset=\dimen265
\pgfarrowlength=\dimen266
\pgfarrowwidth=\dimen267
\pgfarrowlinewidth=\dimen268
) (c:/texlive/2025/texmf-dist/tex/lualatex/luacode/luacode.sty
Package: luacode 2012/01/23 v1.2a lua-in-tex helpers (mpg)
 (c:/texlive/2025/texmf-dist/tex/generic/iftex/ifluatex.sty
Package: ifluatex 2019/10/25 v1.5 ifluatex legacy package. Use iftex instead.
 (c:/texlive/2025/texmf-dist/tex/generic/iftex/iftex.sty
Package: iftex 2024/12/12 v1.0g TeX engine tests
)) (c:/texlive/2025/texmf-dist/tex/luatex/luatexbase/luatexbase.sty
Package: luatexbase 2015/10/04 v1.3 luatexbase interface to LuaTeX 
 (c:/texlive/2025/texmf-dist/tex/luatex/ctablestack/ctablestack.sty
Package: ctablestack 2015/10/01 v1.0 Catcode table stable support
\@catcodetablestackcnt=\count315
)
\CatcodeTableOther=\catcodetable14
\CatcodeTableExpl=\catcodetable15
)
\luacode@lines=\toks35
\luacode@table@soft=\catcodetable16
) (c:/texlive/2025/texmf-dist/tex/latex/siunitx/siunitx.sty
Package: siunitx 2025-07-09 v3.4.14 A comprehensive (SI) units package
\l__siunitx_number_uncert_offset_int=\count316
\l__siunitx_number_exponent_fixed_int=\count317
\l__siunitx_number_min_decimal_int=\count318
\l__siunitx_number_min_integer_int=\count319
\l__siunitx_number_round_precision_int=\count320
\l__siunitx_number_lower_threshold_int=\count321
\l__siunitx_number_upper_threshold_int=\count322
\l__siunitx_number_group_first_int=\count323
\l__siunitx_number_group_size_int=\count324
\l__siunitx_number_group_minimum_int=\count325
\l__siunitx_angle_tmp_dim=\dimen269
\l__siunitx_angle_marker_box=\box66
\l__siunitx_angle_unit_box=\box67
\l__siunitx_compound_count_int=\count326
 (c:/texlive/2025/texmf-dist/tex/latex/translations/translations.sty
Package: translations 2022/02/05 v1.12 internationalization of LaTeX2e packages (CN)
 (c:/texlive/2025/texmf-dist/tex/latex/etoolbox/etoolbox.sty
Package: etoolbox 2025/10/02 v2.5m e-TeX tools for LaTeX (JAW)
\etb@tempcnta=\count327
) (c:/texlive/2025/texmf-dist/tex/generic/pdftexcmds/pdftexcmds.sty
Package: pdftexcmds 2020-06-27 v0.33 Utility functions of pdfTeX for LuaTeX (HO)
 (c:/texlive/2025/texmf-dist/tex/generic/infwarerr/infwarerr.sty
Package: infwarerr 2019/12/03 v1.5 Providing info/warning/error messages (HO)
) (c:/texlive/2025/texmf-dist/tex/generic/ltxcmds/ltxcmds.sty
Package: ltxcmds 2023-12-04 v1.26 LaTeX kernel commands for general use (HO)
)
Package pdftexcmds Info: \pdf@primitive is available.
Package pdftexcmds Info: \pdf@ifprimitive is available.
Package pdftexcmds Info: \pdfdraftmode found.
\pdftexcmds@toks=\toks36
))
\l__siunitx_table_tmp_box=\box68
\l__siunitx_table_tmp_dim=\dimen270
\l__siunitx_table_column_width_dim=\dimen271
\l__siunitx_table_integer_box=\box69
\l__siunitx_table_decimal_box=\box70
\l__siunitx_table_uncert_box=\box71
\l__siunitx_table_before_box=\box72
\l__siunitx_table_after_box=\box73
\l__siunitx_table_before_dim=\dimen272
\l__siunitx_table_carry_dim=\dimen273
\l__siunitx_unit_tmp_int=\count328
\l__siunitx_unit_position_int=\count329
\l__siunitx_unit_total_int=\count330
 (c:/texlive/2025/texmf-dist/tex/latex/tools/array.sty
Package: array 2025/09/25 v2.6n Tabular extension package (FMi)
\col@sep=\dimen274
\ar@mcellbox=\box74
\extrarowheight=\dimen275
\NC@list=\toks37
\extratabsurround=\skip54
\backup@length=\skip55
\ar@cellbox=\box75
)) (c:/texlive/2025/texmf-dist/tex/latex/float/float.sty
Package: float 2001/11/08 v1.3d Float enhancements (AL)
\c@float@type=\count331
\float@exts=\toks38
\float@box=\box76
\@float@everytoks=\toks39
\@floatcapt=\box77
) (c:/Users/paulz/texmf/tex/latex/numodel-bundle/numodel-plot/numodel-plot.sty
Package: numodel-plot 2026/05/16 v0.2.0 Auto-sizing PGFPlots engine
 (c:/texlive/2025/texmf-dist/tex/latex/pgfplots/pgfplots.sty (c:/texlive/2025/texmf-dist/tex/generic/pgfplots/pgfplots.revision.tex)
Package: pgfplots 2025/08/14 v1.18.2 Data Visualization (1.18.2)
 (c:/texlive/2025/texmf-dist/tex/generic/pgfplots/pgfplots.code.tex (c:/texlive/2025/texmf-dist/tex/generic/pgfplots/pgfplotscore.code.tex
Package pgfplots info on input line 124: Initializing with LUA version Lua 5.3
\pgfplots@luabackend@table=\catcodetable17
\t@pgfplots@toka=\toks40
\t@pgfplots@tokb=\toks41
\t@pgfplots@tokc=\toks42
\pgfplots@tmpa=\dimen276
\c@pgfplots@coordindex=\count332
\c@pgfplots@scanlineindex=\count333
 (c:/texlive/2025/texmf-dist/tex/generic/pgfplots/sys/pgfplotssysgeneric.code.tex)) (c:/texlive/2025/texmf-dist/tex/generic/pgfplots/libs/pgfplotslibrary.code.tex) (c:/texlive/2025/texmf-dist/tex/generic/pgfplots/oldpgfcompatib/pgfplotsoldpgfsupp_loader.code.tex (c:/texlive/2025/texmf-dist/tex/generic/pgf/libraries/pgflibraryfpu.code.tex) (c:/texlive/2025/texmf-dist/tex/generic/pgfplots/oldpgfcompatib/pgfplotsoldpgfsupp_pgfutil-common-lists.tex) (c:/texlive/2025/texmf-dist/tex/generic/pgf/libraries/luamath/pgflibraryluamath.code.tex)
Package pgfplots info on input line 292: luamath library shipped with pgf 3.1.11a is up-to-date
) (c:/texlive/2025/texmf-dist/tex/generic/pgfplots/util/pgfplotsutil.code.tex
Package pgfplots info on input line 82: Found new luatex: initializing lua commands instead of write18 (shell-escape)
 (c:/texlive/2025/texmf-dist/tex/generic/pgfplots/liststructure/pgfplotsliststructure.code.tex) (c:/texlive/2025/texmf-dist/tex/generic/pgfplots/liststructure/pgfplotsliststructureext.code.tex) (c:/texlive/2025/texmf-dist/tex/generic/pgfplots/liststructure/pgfplotsarray.code.tex
\c@pgfplotsarray@tmp=\count334
) (c:/texlive/2025/texmf-dist/tex/generic/pgfplots/liststructure/pgfplotsmatrix.code.tex) (c:/texlive/2025/texmf-dist/tex/generic/pgfplots/numtable/pgfplotstableshared.code.tex
\c@pgfplotstable@counta=\count335
\t@pgfplotstable@a=\toks43
) (c:/texlive/2025/texmf-dist/tex/generic/pgfplots/liststructure/pgfplotsdeque.code.tex) (c:/texlive/2025/texmf-dist/tex/generic/pgfplots/util/pgfplotsbinary.code.tex (c:/texlive/2025/texmf-dist/tex/generic/pgfplots/util/pgfplotsbinary.data.code.tex)) (c:/texlive/2025/texmf-dist/tex/generic/pgfplots/util/pgfplotsutil.verb.code.tex) (c:/texlive/2025/texmf-dist/tex/generic/pgfplots/libs/pgflibrarypgfplots.surfshading.code.tex
\c@pgfplotslibrarysurf@no=\count336
 (c:/texlive/2025/texmf-dist/tex/generic/pgfplots/sys/pgflibrarypgfplots.surfshading.pgfsys-luatex.def))) (c:/texlive/2025/texmf-dist/tex/generic/pgfplots/util/pgfplotscolormap.code.tex (c:/texlive/2025/texmf-dist/tex/generic/pgfplots/util/pgfplotscolor.code.tex)) (c:/texlive/2025/texmf-dist/tex/generic/pgfplots/pgfplotsstackedplots.code.tex) (c:/texlive/2025/texmf-dist/tex/generic/pgfplots/pgfplotsplothandlers.code.tex (c:/texlive/2025/texmf-dist/tex/generic/pgfplots/pgfplotsmeshplothandler.code.tex (c:/texlive/2025/texmf-dist/tex/generic/pgfplots/pgfplotsmeshplotimage.code.tex))) (c:/texlive/2025/texmf-dist/tex/generic/pgfplots/pgfplots.scaling.code.tex) (c:/texlive/2025/texmf-dist/tex/generic/pgfplots/pgfplotscoordprocessing.code.tex) (c:/texlive/2025/texmf-dist/tex/generic/pgfplots/pgfplots.errorbars.code.tex) (c:/texlive/2025/texmf-dist/tex/generic/pgfplots/pgfplots.markers.code.tex) (c:/texlive/2025/texmf-dist/tex/generic/pgfplots/pgfplotsticks.code.tex) (c:/texlive/2025/texmf-dist/tex/generic/pgfplots/pgfplots.paths.code.tex) (c:/texlive/2025/texmf-dist/tex/generic/pgf/frontendlayer/tikz/libraries/tikzlibrarydecorations.code.tex (c:/texlive/2025/texmf-dist/tex/generic/pgf/modules/pgfmoduledecorations.code.tex
\pgfdecoratedcompleteddistance=\dimen277
\pgfdecoratedremainingdistance=\dimen278
\pgfdecoratedinputsegmentcompleteddistance=\dimen279
\pgfdecoratedinputsegmentremainingdistance=\dimen280
\pgf@decorate@distancetomove=\dimen281
\pgf@decorate@repeatstate=\count337
\pgfdecorationsegmentamplitude=\dimen282
\pgfdecorationsegmentlength=\dimen283
)
\tikz@lib@dec@box=\box78
)
(c:/texlive/2025/texmf-dist/tex/generic/pgf/frontendlayer/tikz/libraries/tikzlibrarydecorations.pathmorphing.code.tex (c:/texlive/2025/texmf-dist/tex/generic/pgf/libraries/decorations/pgflibrarydecorations.pathmorphing.code.tex)) (c:/texlive/2025/texmf-dist/tex/generic/pgf/frontendlayer/tikz/libraries/tikzlibrarydecorations.pathreplacing.code.tex (c:/texlive/2025/texmf-dist/tex/generic/pgf/libraries/decorations/pgflibrarydecorations.pathreplacing.code.tex)) (c:/texlive/2025/texmf-dist/tex/generic/pgfplots/libs/tikzlibrarypgfplots.contourlua.code.tex)
\pgfplots@numplots=\count338
\pgfplots@xmin@reg=\dimen284
\pgfplots@xmax@reg=\dimen285
\pgfplots@ymin@reg=\dimen286
\pgfplots@ymax@reg=\dimen287
\pgfplots@zmin@reg=\dimen288
\pgfplots@zmax@reg=\dimen289
) (c:/texlive/2025/texmf-dist/tex/generic/pgf/frontendlayer/tikz/libraries/tikzlibraryplotmarks.code.tex
File: tikzlibraryplotmarks.code.tex 2025-08-29 v3.1.11a (3.1.11a)
 (c:/texlive/2025/texmf-dist/tex/generic/pgf/libraries/pgflibraryplotmarks.code.tex
File: pgflibraryplotmarks.code.tex 2025-08-29 v3.1.11a (3.1.11a)
))) (c:/texlive/2025/texmf-dist/tex/generic/pgfplots/libs/tikzlibrarypgfplots.fillbetween.code.tex (c:/texlive/2025/texmf-dist/tex/generic/pgfplots/pgfcontrib/tikzlibraryfillbetween.code.tex (c:/texlive/2025/texmf-dist/tex/generic/pgf/frontendlayer/tikz/libraries/tikzlibraryintersections.code.tex (c:/texlive/2025/texmf-dist/tex/generic/pgf/libraries/pgflibraryintersections.code.tex
\pgf@intersect@solutions=\count339
)) (c:/texlive/2025/texmf-dist/tex/generic/pgfplots/pgfcontrib/tikzlibrarydecorations.softclip.code.tex (c:/texlive/2025/texmf-dist/tex/generic/pgfplots/pgfcontrib/pgflibraryfillbetween.code.tex))) (c:/texlive/2025/texmf-dist/tex/generic/pgfplots/libs/tikzlibrarypgfplots.decorations.softclip.code.tex)))
\g_mrule_counter_int=\count340
\g_numodel_steps_int=\count341
\g_numodel_maxiter_int=\count342
\g_numodel_gridmaxx_int=\count343
 (c:/Users/paulz/texmf/tex/latex/numodel-bundle/numodel/numodel-EN.def
File: numodel-EN.def 2026/05/16 v0.2.0 numodel keyword table -- English (XMILE)
) (c:/Users/paulz/texmf/tex/latex/numodel-bundle/numodel/numodel-NL.def
File: numodel-NL.def 2026/05/16 v0.2.0 numodel keyword table -- Dutch (CoachTaal)
)
\l__numodel_row_int=\count344
\l__numodel_dispnum_int=\count345
\l__numodel_startrow_int=\count346
\l__numodel_numrules_int=\count347
\l__numodel_numstarts_int=\count348
) (c:/texlive/2025/texmf-dist/tex/latex/geometry/geometry.sty
Package: geometry 2026/03/07 v6.0 Page Geometry
 (c:/texlive/2025/texmf-dist/tex/generic/iftex/ifvtex.sty
Package: ifvtex 2019/10/25 v1.7 ifvtex legacy package. Use iftex instead.
)
\Gm@cnth=\count349
\Gm@cntv=\count350
\c@Gm@tempcnt=\count351
\Gm@bindingoffset=\dimen290
\Gm@wd@mp=\dimen291
\Gm@odd@mp=\dimen292
\Gm@even@mp=\dimen293
\Gm@layoutwidth=\dimen294
\Gm@layoutheight=\dimen295
\Gm@layouthoffset=\dimen296
\Gm@layoutvoffset=\dimen297
\Gm@dimlist=\toks44
)
Package translations Info: No language package found. I am going to use `english' as default language. on input line 11.

No file showcase.aux.

\openout1 = showcase.aux
LaTeX Font Info:    Checking defaults for OML/cmm/m/it on input line 11.
LaTeX Font Info:    ... okay on input line 11.
LaTeX Font Info:    Checking defaults for OMS/cmsy/m/n on input line 11.
LaTeX Font Info:    ... okay on input line 11.
LaTeX Font Info:    Checking defaults for OT1/cmr/m/n on input line 11.
LaTeX Font Info:    ... okay on input line 11.
LaTeX Font Info:    Checking defaults for T1/cmr/m/n on input line 11.
LaTeX Font Info:    ... okay on input line 11.
LaTeX Font Info:    Checking defaults for TS1/cmr/m/n on input line 11.
LaTeX Font Info:    ... okay on input line 11.
LaTeX Font Info:    Checking defaults for TU/lmr/m/n on input line 11.
LaTeX Font Info:    ... okay on input line 11.
LaTeX Font Info:    Checking defaults for OMX/cmex/m/n on input line 11.
LaTeX Font Info:    ... okay on input line 11.
LaTeX Font Info:    Checking defaults for U/cmr/m/n on input line 11.
LaTeX Font Info:    ... okay on input line 11.
(c:/texlive/2025/texmf-dist/tex/context/base/mkii/supp-pdf.mkii
[Loading MPS to PDF converter (version 2006.09.02).]
\scratchcounter=\count352
\scratchdimen=\dimen298
\scratchbox=\box79
\nofMPsegments=\count353
\nofMParguments=\count354
\everyMPshowfont=\toks45
\MPscratchCnt=\count355
\MPscratchDim=\dimen299
\MPnumerator=\count356
\makeMPintoPDFobject=\count357
\everyMPtoPDFconversion=\toks46
) (c:/texlive/2025/texmf-dist/tex/latex/epstopdf-pkg/epstopdf-base.sty
Package: epstopdf-base 2020-01-24 v2.11 Base part for package epstopdf
Package epstopdf-base Info: Redefining graphics rule for `.eps' on input line 485.
 (c:/texlive/2025/texmf-dist/tex/latex/latexconfig/epstopdf-sys.cfg
File: epstopdf-sys.cfg 2010/07/13 v1.3 Configuration of (r)epstopdf for TeX Live
)) (c:/texlive/2025/texmf-dist/tex/latex/translations/translations-basic-dictionary-english.trsl
File: translations-basic-dictionary-english.trsl (english translation file `translations-basic-dictionary')
)
Package translations Info: loading dictionary `translations-basic-dictionary' for `english'. on input line 11.

Package pgfplots notification 'compat/show suggested version=true': document has been generated with the most recent feature set (\pgfplotsset{compat=1.18}).

*geometry* driver: auto-detecting
*geometry* detected driver: luatex
*geometry* verbose mode - [ preamble ] result:
* driver: luatex
* paper: a4paper
* layout: <same size as paper>
* layoutoffset:(h,v)=(0.0pt,0.0pt)
* modes: 
* h-part:(L,W,R)=(14.22636pt, 569.05515pt, 14.22636pt)
* v-part:(T,H,B)=(14.22636pt, 816.59412pt, 14.22636pt)
* \paperwidth=597.50787pt
* \paperheight=845.04684pt
* \textwidth=569.05515pt
* \textheight=816.59412pt
* \oddsidemargin=-58.04362pt
* \evensidemargin=-58.04362pt
* \topmargin=-95.04362pt
* \headheight=12.0pt
* \headsep=25.0pt
* \topskip=10.0pt
* \footskip=30.0pt
* \marginparwidth=65.0pt
* \marginparsep=11.0pt
* \columnsep=10.0pt
* \skip\footins=9.0pt plus 4.0pt minus 2.0pt
* \hoffset=0.0pt
* \voffset=0.0pt
* \mag=1000
* \@twocolumnfalse
* \@twosidefalse
* \@mparswitchfalse
* \@reversemarginfalse
* (1in=72.27pt=25.4mm, 1cm=28.453pt)

NEWPREFIX start: lift
NEWPREFIX save current: 
NEWPREFIX register
NEWPREFIX init_backup
\g__numodel_lift_rulecounter_int=\count358
\g__numodel_lift_steps_int=\count359
NEWPREFIX lua_init
NEWPREFIX clear_state
NEWPREFIX set_current
NEWPREFIX done: lift
MVAR start: T
MVAR before-keys-set
MVAR after-keys-set
MVAR eff: lift
MVAR body fullname: liftT
MVAR done: T
MVAR start: Dt
MVAR before-keys-set
MVAR after-keys-set
MVAR eff: lift
MVAR body fullname: liftDt
MVAR done: Dt
MVAR start: Tend
MVAR before-keys-set
MVAR after-keys-set
MVAR eff: lift
MVAR body fullname: liftTend
MVAR done: Tend
MVAR start: J
MVAR before-keys-set
MVAR after-keys-set
MVAR eff: lift
MVAR body fullname: liftJ
MVAR done: J
MVAR start: G
MVAR before-keys-set
MVAR after-keys-set
MVAR eff: lift
MVAR body fullname: liftG
MVAR done: G
MVAR start: Mcab
MVAR before-keys-set
MVAR after-keys-set
MVAR eff: lift
MVAR body fullname: liftMcab
MVAR done: Mcab
MVAR start: Mcon
MVAR before-keys-set
MVAR after-keys-set
MVAR eff: lift
MVAR body fullname: liftMcon
MVAR done: Mcon
MVAR start: Frol
MVAR before-keys-set
MVAR after-keys-set
MVAR eff: lift
MVAR body fullname: liftFrol
MVAR done: Frol
MVAR start: FzCab
MVAR before-keys-set
MVAR after-keys-set
MVAR eff: lift
MVAR body fullname: liftFzCab
MVAR done: FzCab
MVAR start: FzCon
MVAR before-keys-set
MVAR after-keys-set
MVAR eff: lift
MVAR body fullname: liftFzCon
MVAR done: FzCon
MVAR start: FzNet
MVAR before-keys-set
MVAR after-keys-set
MVAR eff: lift
MVAR body fullname: liftFzNet
MVAR done: FzNet
MVAR start: Fmotor
MVAR before-keys-set
MVAR after-keys-set
MVAR eff: lift
MVAR body fullname: liftFmotor
MVAR done: Fmotor
MVAR start: EZ
MVAR before-keys-set
MVAR after-keys-set
MVAR eff: lift
MVAR body fullname: liftEZ
MVAR done: EZ
MVAR start: Esys
MVAR before-keys-set
MVAR after-keys-set
MVAR eff: lift
MVAR body fullname: liftEsys
MVAR done: Esys
MVAR start: Pout
MVAR before-keys-set
MVAR after-keys-set
MVAR eff: lift
MVAR body fullname: liftPout
MVAR done: Pout
MVAR start: dMGV
MVAR before-keys-set
MVAR after-keys-set
MVAR eff: lift
MVAR body fullname: liftdMGV
MVAR done: dMGV
MVAR start: A
MVAR before-keys-set
MVAR after-keys-set
MVAR eff: lift
MVAR body fullname: liftA
MVAR done: A
MVAR start: V
MVAR before-keys-set
MVAR after-keys-set
MVAR eff: lift
MVAR body fullname: liftV
MVAR done: V
MVAR start: H
MVAR before-keys-set
MVAR after-keys-set
MVAR eff: lift
MVAR body fullname: liftH
MVAR done: H
MRULE start: FzCab
VTD input: \liftMcab * \liftG 
VTD seq: liftT|liftDt|liftTend|liftJ|liftG|liftMcab|liftMcon|liftFrol|liftFzCab|liftFzCon|liftFzNet|liftFmotor|liftEZ|liftEsys|liftPout|liftdMGV|liftA|liftV|liftH
VTD iter: liftT
VTD replace \c {liftT} with t
VTD iter: liftDt
VTD replace \c {liftDt} with dt
VTD iter: liftTend
VTD replace \c {liftTend} with T
VTD iter: liftJ
VTD replace \c {liftJ} with j
VTD iter: liftG
VTD replace \c {liftG} with g
VTD iter: liftMcab
VTD replace \c {liftMcab} with m_{cab}
VTD iter: liftMcon
VTD replace \c {liftMcon} with m_{con}
VTD iter: liftFrol
VTD replace \c {liftFrol} with F_{rol}
VTD iter: liftFzCab
VTD replace \c {liftFzCab} with F_{Z,cab}
VTD iter: liftFzCon
VTD replace \c {liftFzCon} with F_{Z,con}
VTD iter: liftFzNet
VTD replace \c {liftFzNet} with F_{Z,net}
VTD iter: liftFmotor
VTD replace \c {liftFmotor} with F_{motor}
VTD iter: liftEZ
VTD replace \c {liftEZ} with E_Z
VTD iter: liftEsys
VTD replace \c {liftEsys} with E_{sys}
VTD iter: liftPout
VTD replace \c {liftPout} with P_{out}
VTD iter: liftdMGV
VTD replace \c {liftdMGV} with dMGV
VTD iter: liftA
VTD replace \c {liftA} with a
VTD iter: liftV
VTD replace \c {liftV} with v
VTD iter: liftH
VTD replace \c {liftH} with h
MRULE rhs after: m_{cab}\cdot   g
MRULE display: F_{Z,cab}\,=\,m_{cab}\cdot   g
MRULE done: FzCab
MRULE start: FzCon
VTD input: \liftMcon * \liftG 
VTD seq: liftT|liftDt|liftTend|liftJ|liftG|liftMcab|liftMcon|liftFrol|liftFzCab|liftFzCon|liftFzNet|liftFmotor|liftEZ|liftEsys|liftPout|liftdMGV|liftA|liftV|liftH
VTD iter: liftT
VTD replace \c {liftT} with t
VTD iter: liftDt
VTD replace \c {liftDt} with dt
VTD iter: liftTend
VTD replace \c {liftTend} with T
VTD iter: liftJ
VTD replace \c {liftJ} with j
VTD iter: liftG
VTD replace \c {liftG} with g
VTD iter: liftMcab
VTD replace \c {liftMcab} with m_{cab}
VTD iter: liftMcon
VTD replace \c {liftMcon} with m_{con}
VTD iter: liftFrol
VTD replace \c {liftFrol} with F_{rol}
VTD iter: liftFzCab
VTD replace \c {liftFzCab} with F_{Z,cab}
VTD iter: liftFzCon
VTD replace \c {liftFzCon} with F_{Z,con}
VTD iter: liftFzNet
VTD replace \c {liftFzNet} with F_{Z,net}
VTD iter: liftFmotor
VTD replace \c {liftFmotor} with F_{motor}
VTD iter: liftEZ
VTD replace \c {liftEZ} with E_Z
VTD iter: liftEsys
VTD replace \c {liftEsys} with E_{sys}
VTD iter: liftPout
VTD replace \c {liftPout} with P_{out}
VTD iter: liftdMGV
VTD replace \c {liftdMGV} with dMGV
VTD iter: liftA
VTD replace \c {liftA} with a
VTD iter: liftV
VTD replace \c {liftV} with v
VTD iter: liftH
VTD replace \c {liftH} with h
MRULE rhs after: m_{con}\cdot   g
MRULE display: F_{Z,con}\,=\,m_{con}\cdot   g
MRULE done: FzCon
MRULE start: FzNet
VTD input: \liftFzCab - \liftFzCon 
VTD seq: liftT|liftDt|liftTend|liftJ|liftG|liftMcab|liftMcon|liftFrol|liftFzCab|liftFzCon|liftFzNet|liftFmotor|liftEZ|liftEsys|liftPout|liftdMGV|liftA|liftV|liftH
VTD iter: liftT
VTD replace \c {liftT} with t
VTD iter: liftDt
VTD replace \c {liftDt} with dt
VTD iter: liftTend
VTD replace \c {liftTend} with T
VTD iter: liftJ
VTD replace \c {liftJ} with j
VTD iter: liftG
VTD replace \c {liftG} with g
VTD iter: liftMcab
VTD replace \c {liftMcab} with m_{cab}
VTD iter: liftMcon
VTD replace \c {liftMcon} with m_{con}
VTD iter: liftFrol
VTD replace \c {liftFrol} with F_{rol}
VTD iter: liftFzCab
VTD replace \c {liftFzCab} with F_{Z,cab}
VTD iter: liftFzCon
VTD replace \c {liftFzCon} with F_{Z,con}
VTD iter: liftFzNet
VTD replace \c {liftFzNet} with F_{Z,net}
VTD iter: liftFmotor
VTD replace \c {liftFmotor} with F_{motor}
VTD iter: liftEZ
VTD replace \c {liftEZ} with E_Z
VTD iter: liftEsys
VTD replace \c {liftEsys} with E_{sys}
VTD iter: liftPout
VTD replace \c {liftPout} with P_{out}
VTD iter: liftdMGV
VTD replace \c {liftdMGV} with dMGV
VTD iter: liftA
VTD replace \c {liftA} with a
VTD iter: liftV
VTD replace \c {liftV} with v
VTD iter: liftH
VTD replace \c {liftH} with h
MRULE rhs after: F_{Z,cab}- F_{Z,con}
MRULE display: F_{Z,net}\,=\,F_{Z,cab}- F_{Z,con}
MRULE done: FzNet
MRULE start: A
VTD input: (\liftT < \liftTend / 4) || (\liftT > \liftTend * 3 / 4)
VTD seq: liftT|liftDt|liftTend|liftJ|liftG|liftMcab|liftMcon|liftFrol|liftFzCab|liftFzCon|liftFzNet|liftFmotor|liftEZ|liftEsys|liftPout|liftdMGV|liftA|liftV|liftH
VTD iter: liftT
VTD replace \c {liftT} with t
VTD iter: liftDt
VTD replace \c {liftDt} with dt
VTD iter: liftTend
VTD replace \c {liftTend} with T
VTD iter: liftJ
VTD replace \c {liftJ} with j
VTD iter: liftG
VTD replace \c {liftG} with g
VTD iter: liftMcab
VTD replace \c {liftMcab} with m_{cab}
VTD iter: liftMcon
VTD replace \c {liftMcon} with m_{con}
VTD iter: liftFrol
VTD replace \c {liftFrol} with F_{rol}
VTD iter: liftFzCab
VTD replace \c {liftFzCab} with F_{Z,cab}
VTD iter: liftFzCon
VTD replace \c {liftFzCon} with F_{Z,con}
VTD iter: liftFzNet
VTD replace \c {liftFzNet} with F_{Z,net}
VTD iter: liftFmotor
VTD replace \c {liftFmotor} with F_{motor}
VTD iter: liftEZ
VTD replace \c {liftEZ} with E_Z
VTD iter: liftEsys
VTD replace \c {liftEsys} with E_{sys}
VTD iter: liftPout
VTD replace \c {liftPout} with P_{out}
VTD iter: liftdMGV
VTD replace \c {liftdMGV} with dMGV
VTD iter: liftA
VTD replace \c {liftA} with a
VTD iter: liftV
VTD replace \c {liftV} with v
VTD iter: liftH
VTD replace \c {liftH} with h
VTD input: \liftA + \liftJ * \liftDt 
VTD seq: liftT|liftDt|liftTend|liftJ|liftG|liftMcab|liftMcon|liftFrol|liftFzCab|liftFzCon|liftFzNet|liftFmotor|liftEZ|liftEsys|liftPout|liftdMGV|liftA|liftV|liftH
VTD iter: liftT
VTD replace \c {liftT} with t
VTD iter: liftDt
VTD replace \c {liftDt} with dt
VTD iter: liftTend
VTD replace \c {liftTend} with T
VTD iter: liftJ
VTD replace \c {liftJ} with j
VTD iter: liftG
VTD replace \c {liftG} with g
VTD iter: liftMcab
VTD replace \c {liftMcab} with m_{cab}
VTD iter: liftMcon
VTD replace \c {liftMcon} with m_{con}
VTD iter: liftFrol
VTD replace \c {liftFrol} with F_{rol}
VTD iter: liftFzCab
VTD replace \c {liftFzCab} with F_{Z,cab}
VTD iter: liftFzCon
VTD replace \c {liftFzCon} with F_{Z,con}
VTD iter: liftFzNet
VTD replace \c {liftFzNet} with F_{Z,net}
VTD iter: liftFmotor
VTD replace \c {liftFmotor} with F_{motor}
VTD iter: liftEZ
VTD replace \c {liftEZ} with E_Z
VTD iter: liftEsys
VTD replace \c {liftEsys} with E_{sys}
VTD iter: liftPout
VTD replace \c {liftPout} with P_{out}
VTD iter: liftdMGV
VTD replace \c {liftdMGV} with dMGV
VTD iter: liftA
VTD replace \c {liftA} with a
VTD iter: liftV
VTD replace \c {liftV} with v
VTD iter: liftH
VTD replace \c {liftH} with h
VTD input: \liftA - \liftJ * \liftDt 
VTD seq: liftT|liftDt|liftTend|liftJ|liftG|liftMcab|liftMcon|liftFrol|liftFzCab|liftFzCon|liftFzNet|liftFmotor|liftEZ|liftEsys|liftPout|liftdMGV|liftA|liftV|liftH
VTD iter: liftT
VTD replace \c {liftT} with t
VTD iter: liftDt
VTD replace \c {liftDt} with dt
VTD iter: liftTend
VTD replace \c {liftTend} with T
VTD iter: liftJ
VTD replace \c {liftJ} with j
VTD iter: liftG
VTD replace \c {liftG} with g
VTD iter: liftMcab
VTD replace \c {liftMcab} with m_{cab}
VTD iter: liftMcon
VTD replace \c {liftMcon} with m_{con}
VTD iter: liftFrol
VTD replace \c {liftFrol} with F_{rol}
VTD iter: liftFzCab
VTD replace \c {liftFzCab} with F_{Z,cab}
VTD iter: liftFzCon
VTD replace \c {liftFzCon} with F_{Z,con}
VTD iter: liftFzNet
VTD replace \c {liftFzNet} with F_{Z,net}
VTD iter: liftFmotor
VTD replace \c {liftFmotor} with F_{motor}
VTD iter: liftEZ
VTD replace \c {liftEZ} with E_Z
VTD iter: liftEsys
VTD replace \c {liftEsys} with E_{sys}
VTD iter: liftPout
VTD replace \c {liftPout} with P_{out}
VTD iter: liftdMGV
VTD replace \c {liftdMGV} with dMGV
VTD iter: liftA
VTD replace \c {liftA} with a
VTD iter: liftV
VTD replace \c {liftV} with v
VTD iter: liftH
VTD replace \c {liftH} with h
MRULE done: A
MRULE start: V
VTD input: \liftV + \liftA * \liftDt 
VTD seq: liftT|liftDt|liftTend|liftJ|liftG|liftMcab|liftMcon|liftFrol|liftFzCab|liftFzCon|liftFzNet|liftFmotor|liftEZ|liftEsys|liftPout|liftdMGV|liftA|liftV|liftH
VTD iter: liftT
VTD replace \c {liftT} with t
VTD iter: liftDt
VTD replace \c {liftDt} with dt
VTD iter: liftTend
VTD replace \c {liftTend} with T
VTD iter: liftJ
VTD replace \c {liftJ} with j
VTD iter: liftG
VTD replace \c {liftG} with g
VTD iter: liftMcab
VTD replace \c {liftMcab} with m_{cab}
VTD iter: liftMcon
VTD replace \c {liftMcon} with m_{con}
VTD iter: liftFrol
VTD replace \c {liftFrol} with F_{rol}
VTD iter: liftFzCab
VTD replace \c {liftFzCab} with F_{Z,cab}
VTD iter: liftFzCon
VTD replace \c {liftFzCon} with F_{Z,con}
VTD iter: liftFzNet
VTD replace \c {liftFzNet} with F_{Z,net}
VTD iter: liftFmotor
VTD replace \c {liftFmotor} with F_{motor}
VTD iter: liftEZ
VTD replace \c {liftEZ} with E_Z
VTD iter: liftEsys
VTD replace \c {liftEsys} with E_{sys}
VTD iter: liftPout
VTD replace \c {liftPout} with P_{out}
VTD iter: liftdMGV
VTD replace \c {liftdMGV} with dMGV
VTD iter: liftA
VTD replace \c {liftA} with a
VTD iter: liftV
VTD replace \c {liftV} with v
VTD iter: liftH
VTD replace \c {liftH} with h
MRULE rhs after: v+ a\cdot   dt
MRULE display: v\,=\,v+ a\cdot   dt
MRULE done: V
MRULE start: H
MRULE done: H
MRULE start: Fmotor
MRULE done: Fmotor
MRULE start: dMGV
VTD input: (\liftMcab -\liftMcon )*\liftG * \liftV 
VTD seq: liftT|liftDt|liftTend|liftJ|liftG|liftMcab|liftMcon|liftFrol|liftFzCab|liftFzCon|liftFzNet|liftFmotor|liftEZ|liftEsys|liftPout|liftdMGV|liftA|liftV|liftH
VTD iter: liftT
VTD replace \c {liftT} with t
VTD iter: liftDt
VTD replace \c {liftDt} with dt
VTD iter: liftTend
VTD replace \c {liftTend} with T
VTD iter: liftJ
VTD replace \c {liftJ} with j
VTD iter: liftG
VTD replace \c {liftG} with g
VTD iter: liftMcab
VTD replace \c {liftMcab} with m_{cab}
VTD iter: liftMcon
VTD replace \c {liftMcon} with m_{con}
VTD iter: liftFrol
VTD replace \c {liftFrol} with F_{rol}
VTD iter: liftFzCab
VTD replace \c {liftFzCab} with F_{Z,cab}
VTD iter: liftFzCon
VTD replace \c {liftFzCon} with F_{Z,con}
VTD iter: liftFzNet
VTD replace \c {liftFzNet} with F_{Z,net}
VTD iter: liftFmotor
VTD replace \c {liftFmotor} with F_{motor}
VTD iter: liftEZ
VTD replace \c {liftEZ} with E_Z
VTD iter: liftEsys
VTD replace \c {liftEsys} with E_{sys}
VTD iter: liftPout
VTD replace \c {liftPout} with P_{out}
VTD iter: liftdMGV
VTD replace \c {liftdMGV} with dMGV
VTD iter: liftA
VTD replace \c {liftA} with a
VTD iter: liftV
VTD replace \c {liftV} with v
VTD iter: liftH
VTD replace \c {liftH} with h
MRULE rhs after: (m_{cab}-m_{con})\cdot  g\cdot   v
MRULE display: dMGV\,=\,(m_{cab}-m_{con})\cdot  g\cdot   v
MRULE done: dMGV
MRULE start: Pout
VTD input: \liftFrol * \liftV 
VTD seq: liftT|liftDt|liftTend|liftJ|liftG|liftMcab|liftMcon|liftFrol|liftFzCab|liftFzCon|liftFzNet|liftFmotor|liftEZ|liftEsys|liftPout|liftdMGV|liftA|liftV|liftH
VTD iter: liftT
VTD replace \c {liftT} with t
VTD iter: liftDt
VTD replace \c {liftDt} with dt
VTD iter: liftTend
VTD replace \c {liftTend} with T
VTD iter: liftJ
VTD replace \c {liftJ} with j
VTD iter: liftG
VTD replace \c {liftG} with g
VTD iter: liftMcab
VTD replace \c {liftMcab} with m_{cab}
VTD iter: liftMcon
VTD replace \c {liftMcon} with m_{con}
VTD iter: liftFrol
VTD replace \c {liftFrol} with F_{rol}
VTD iter: liftFzCab
VTD replace \c {liftFzCab} with F_{Z,cab}
VTD iter: liftFzCon
VTD replace \c {liftFzCon} with F_{Z,con}
VTD iter: liftFzNet
VTD replace \c {liftFzNet} with F_{Z,net}
VTD iter: liftFmotor
VTD replace \c {liftFmotor} with F_{motor}
VTD iter: liftEZ
VTD replace \c {liftEZ} with E_Z
VTD iter: liftEsys
VTD replace \c {liftEsys} with E_{sys}
VTD iter: liftPout
VTD replace \c {liftPout} with P_{out}
VTD iter: liftdMGV
VTD replace \c {liftdMGV} with dMGV
VTD iter: liftA
VTD replace \c {liftA} with a
VTD iter: liftV
VTD replace \c {liftV} with v
VTD iter: liftH
VTD replace \c {liftH} with h
MRULE rhs after: F_{rol}\cdot   v
MRULE display: P_{out}\,=\,F_{rol}\cdot   v
MRULE done: Pout
MRULE start: EZ
VTD input: \liftEZ - \liftdMGV * \liftDt 
VTD seq: liftT|liftDt|liftTend|liftJ|liftG|liftMcab|liftMcon|liftFrol|liftFzCab|liftFzCon|liftFzNet|liftFmotor|liftEZ|liftEsys|liftPout|liftdMGV|liftA|liftV|liftH
VTD iter: liftT
VTD replace \c {liftT} with t
VTD iter: liftDt
VTD replace \c {liftDt} with dt
VTD iter: liftTend
VTD replace \c {liftTend} with T
VTD iter: liftJ
VTD replace \c {liftJ} with j
VTD iter: liftG
VTD replace \c {liftG} with g
VTD iter: liftMcab
VTD replace \c {liftMcab} with m_{cab}
VTD iter: liftMcon
VTD replace \c {liftMcon} with m_{con}
VTD iter: liftFrol
VTD replace \c {liftFrol} with F_{rol}
VTD iter: liftFzCab
VTD replace \c {liftFzCab} with F_{Z,cab}
VTD iter: liftFzCon
VTD replace \c {liftFzCon} with F_{Z,con}
VTD iter: liftFzNet
VTD replace \c {liftFzNet} with F_{Z,net}
VTD iter: liftFmotor
VTD replace \c {liftFmotor} with F_{motor}
VTD iter: liftEZ
VTD replace \c {liftEZ} with E_Z
VTD iter: liftEsys
VTD replace \c {liftEsys} with E_{sys}
VTD iter: liftPout
VTD replace \c {liftPout} with P_{out}
VTD iter: liftdMGV
VTD replace \c {liftdMGV} with dMGV
VTD iter: liftA
VTD replace \c {liftA} with a
VTD iter: liftV
VTD replace \c {liftV} with v
VTD iter: liftH
VTD replace \c {liftH} with h
MRULE rhs after: E_Z- dMGV\cdot   dt
MRULE display: E_Z\,=\,E_Z- dMGV\cdot   dt
MRULE done: EZ
MRULE start: Esys
VTD input: \liftEsys - \liftPout * \liftDt + \liftdMGV * \liftDt 
VTD seq: liftT|liftDt|liftTend|liftJ|liftG|liftMcab|liftMcon|liftFrol|liftFzCab|liftFzCon|liftFzNet|liftFmotor|liftEZ|liftEsys|liftPout|liftdMGV|liftA|liftV|liftH
VTD iter: liftT
VTD replace \c {liftT} with t
VTD iter: liftDt
VTD replace \c {liftDt} with dt
VTD iter: liftTend
VTD replace \c {liftTend} with T
VTD iter: liftJ
VTD replace \c {liftJ} with j
VTD iter: liftG
VTD replace \c {liftG} with g
VTD iter: liftMcab
VTD replace \c {liftMcab} with m_{cab}
VTD iter: liftMcon
VTD replace \c {liftMcon} with m_{con}
VTD iter: liftFrol
VTD replace \c {liftFrol} with F_{rol}
VTD iter: liftFzCab
VTD replace \c {liftFzCab} with F_{Z,cab}
VTD iter: liftFzCon
VTD replace \c {liftFzCon} with F_{Z,con}
VTD iter: liftFzNet
VTD replace \c {liftFzNet} with F_{Z,net}
VTD iter: liftFmotor
VTD replace \c {liftFmotor} with F_{motor}
VTD iter: liftEZ
VTD replace \c {liftEZ} with E_Z
VTD iter: liftEsys
VTD replace \c {liftEsys} with E_{sys}
VTD iter: liftPout
VTD replace \c {liftPout} with P_{out}
VTD iter: liftdMGV
VTD replace \c {liftdMGV} with dMGV
VTD iter: liftA
VTD replace \c {liftA} with a
VTD iter: liftV
VTD replace \c {liftV} with v
VTD iter: liftH
VTD replace \c {liftH} with h
MRULE rhs after: E_{sys}- P_{out}\cdot   dt+ dMGV\cdot   dt
MRULE display: E_{sys}\,=\,E_{sys}- P_{out}\cdot   dt+ dMGV\cdot   dt
MRULE done: Esys
MRULE start: T
VTD input: \liftT + \liftDt 
VTD seq: liftT|liftDt|liftTend|liftJ|liftG|liftMcab|liftMcon|liftFrol|liftFzCab|liftFzCon|liftFzNet|liftFmotor|liftEZ|liftEsys|liftPout|liftdMGV|liftA|liftV|liftH
VTD iter: liftT
VTD replace \c {liftT} with t
VTD iter: liftDt
VTD replace \c {liftDt} with dt
VTD iter: liftTend
VTD replace \c {liftTend} with T
VTD iter: liftJ
VTD replace \c {liftJ} with j
VTD iter: liftG
VTD replace \c {liftG} with g
VTD iter: liftMcab
VTD replace \c {liftMcab} with m_{cab}
VTD iter: liftMcon
VTD replace \c {liftMcon} with m_{con}
VTD iter: liftFrol
VTD replace \c {liftFrol} with F_{rol}
VTD iter: liftFzCab
VTD replace \c {liftFzCab} with F_{Z,cab}
VTD iter: liftFzCon
VTD replace \c {liftFzCon} with F_{Z,con}
VTD iter: liftFzNet
VTD replace \c {liftFzNet} with F_{Z,net}
VTD iter: liftFmotor
VTD replace \c {liftFmotor} with F_{motor}
VTD iter: liftEZ
VTD replace \c {liftEZ} with E_Z
VTD iter: liftEsys
VTD replace \c {liftEsys} with E_{sys}
VTD iter: liftPout
VTD replace \c {liftPout} with P_{out}
VTD iter: liftdMGV
VTD replace \c {liftdMGV} with dMGV
VTD iter: liftA
VTD replace \c {liftA} with a
VTD iter: liftV
VTD replace \c {liftV} with v
VTD iter: liftH
VTD replace \c {liftH} with h
MRULE rhs after: t+ dt
MRULE display: t\,=\,t+ dt
MRULE done: T
MSTOP start
VTD input: \liftT >= \liftTend 
VTD seq: liftT|liftDt|liftTend|liftJ|liftG|liftMcab|liftMcon|liftFrol|liftFzCab|liftFzCon|liftFzNet|liftFmotor|liftEZ|liftEsys|liftPout|liftdMGV|liftA|liftV|liftH
VTD iter: liftT
VTD replace \c {liftT} with t
VTD iter: liftDt
VTD replace \c {liftDt} with dt
VTD iter: liftTend
VTD replace \c {liftTend} with T
VTD iter: liftJ
VTD replace \c {liftJ} with j
VTD iter: liftG
VTD replace \c {liftG} with g
VTD iter: liftMcab
VTD replace \c {liftMcab} with m_{cab}
VTD iter: liftMcon
VTD replace \c {liftMcon} with m_{con}
VTD iter: liftFrol
VTD replace \c {liftFrol} with F_{rol}
VTD iter: liftFzCab
VTD replace \c {liftFzCab} with F_{Z,cab}
VTD iter: liftFzCon
VTD replace \c {liftFzCon} with F_{Z,con}
VTD iter: liftFzNet
VTD replace \c {liftFzNet} with F_{Z,net}
VTD iter: liftFmotor
VTD replace \c {liftFmotor} with F_{motor}
VTD iter: liftEZ
VTD replace \c {liftEZ} with E_Z
VTD iter: liftEsys
VTD replace \c {liftEsys} with E_{sys}
VTD iter: liftPout
VTD replace \c {liftPout} with P_{out}
VTD iter: liftdMGV
VTD replace \c {liftdMGV} with dMGV
VTD iter: liftA
VTD replace \c {liftA} with a
VTD iter: liftV
VTD replace \c {liftV} with v
VTD iter: liftH
VTD replace \c {liftH} with h
MSTOP done
TEXTMODEL start
BUILD_TABLE rules: F_{Z,cab}\,=\,m_{cab}\cdot   g|F_{Z,con}\,=\,m_{con}\cdot   g|F_{Z,net}\,=\,F_{Z,cab}- F_{Z,con}|\protect \protect \unhbox \voidb@x \hbox {Als }(t< T/ 4) \text { OF } (t> T\cdot   3 / 4)\protect \protect \unhbox \voidb@x \hbox { Dan}|\quad a\,=\,a+ j\cdot   dt|\protect \protect \unhbox \voidb@x \hbox {Anders}|\quad a\,=\,a- j\cdot   dt|\protect \protect \unhbox \voidb@x \hbox {EindAls}|v\,=\,v+ a\cdot   dt|h\,=\,\cdots |F_{motor}\,=\,\cdots |dMGV\,=\,(m_{cab}-m_{con})\cdot  g\cdot   v|P_{out}\,=\,F_{rol}\cdot   v|E_Z\,=\,E_Z- dMGV\cdot   dt|E_{sys}\,=\,E_{sys}- P_{out}\cdot   dt+ dMGV\cdot   dt|t\,=\,t+ dt|\protect \protect \unhbox \voidb@x \hbox {Als }t\geqslant   T\protect \protect \unhbox \voidb@x \hbox { Dan}\protect \protect \unhbox \voidb@x \hbox { Stop }\protect \protect \unhbox \voidb@x \hbox {EindAls}
BUILD_TABLE types: rule|rule|rule|rule|cont|cont|cont|cont|rule|rule|rule|rule|rule|rule|rule|rule|rule
BUILD_TABLE numrules: 17
BUILD_TABLE numstarts: 11
BUILD_TABLE before-step table: \begin {tabular}{r|l|l}&\textbf {model}&\textbf {startwaarden}\\\hline 
BUILD_TABLE iter row: 0
BUILD_TABLE row: 1type: rule
BUILD_TABLE emit rule num: 1content: F_{Z,cab}\,=\,m_{cab}\cdot   g
BUILD_TABLE after-emit table tail: {tabular}{r|l|l}&\textbf {model}&\textbf {startwaarden}\\\hline \rule {0pt}{2.6ex}1&$F_{Z,cab}\,=\,m_{cab}\cdot   g$&
BUILD_TABLE iter row: 1
BUILD_TABLE row: 2type: rule
BUILD_TABLE emit rule num: 2content: F_{Z,con}\,=\,m_{con}\cdot   g
BUILD_TABLE after-emit table tail: {tabular}{r|l|l}&\textbf {model}&\textbf {startwaarden}\\\hline \rule {0pt}{2.6ex}1&$F_{Z,cab}\,=\,m_{cab}\cdot   g$&$t=\liftTqty $\\\rule {0pt}{2.6ex}2&$F_{Z,con}\,=\,m_{con}\cdot   g$&
BUILD_TABLE iter row: 2
BUILD_TABLE row: 3type: rule
BUILD_TABLE emit rule num: 3content: F_{Z,net}\,=\,F_{Z,cab}- F_{Z,con}
BUILD_TABLE after-emit table tail: {tabular}{r|l|l}&\textbf {model}&\textbf {startwaarden}\\\hline \rule {0pt}{2.6ex}1&$F_{Z,cab}\,=\,m_{cab}\cdot   g$&$t=\liftTqty $\\\rule {0pt}{2.6ex}2&$F_{Z,con}\,=\,m_{con}\cdot   g$&$dt=\liftDtqty $\\\rule {0pt}{2.6ex}3&$F_{Z,net}\,=\,F_{Z,cab}- F_{Z,con}$&
BUILD_TABLE iter row: 3
BUILD_TABLE row: 4type: rule
BUILD_TABLE emit rule num: 4content: \protect \protect \unhbox \voidb@x \hbox {Als }(t< T/ 4) \text { OF } (t> T\cdot   3 / 4)\protect \protect \unhbox \voidb@x \hbox { Dan}
BUILD_TABLE after-emit table tail: {tabular}{r|l|l}&\textbf {model}&\textbf {startwaarden}\\\hline \rule {0pt}{2.6ex}1&$F_{Z,cab}\,=\,m_{cab}\cdot   g$&$t=\liftTqty $\\\rule {0pt}{2.6ex}2&$F_{Z,con}\,=\,m_{con}\cdot   g$&$dt=\liftDtqty $\\\rule {0pt}{2.6ex}3&$F_{Z,net}\,=\,F_{Z,cab}- F_{Z,con}$&$T=\liftTendqty $\\\rule {0pt}{2.6ex}4&$\protect \protect \unhbox \voidb@x \hbox {Als }(t< T/ 4) \text { OF } (t> T\cdot   3 / 4)\protect \protect \unhbox \voidb@x \hbox { Dan}$&
BUILD_TABLE iter row: 4
BUILD_TABLE row: 5type: cont
BUILD_TABLE iter row: 5
BUILD_TABLE row: 6type: cont
BUILD_TABLE iter row: 6
BUILD_TABLE row: 7type: cont
BUILD_TABLE iter row: 7
BUILD_TABLE row: 8type: cont
BUILD_TABLE iter row: 8
BUILD_TABLE row: 9type: rule
BUILD_TABLE emit rule num: 5content: v\,=\,v+ a\cdot   dt
BUILD_TABLE after-emit table tail: {tabular}{r|l|l}&\textbf {model}&\textbf {startwaarden}\\\hline \rule {0pt}{2.6ex}1&$F_{Z,cab}\,=\,m_{cab}\cdot   g$&$t=\liftTqty $\\\rule {0pt}{2.6ex}2&$F_{Z,con}\,=\,m_{con}\cdot   g$&$dt=\liftDtqty $\\\rule {0pt}{2.6ex}3&$F_{Z,net}\,=\,F_{Z,cab}- F_{Z,con}$&$T=\liftTendqty $\\\rule {0pt}{2.6ex}4&$\protect \protect \unhbox \voidb@x \hbox {Als }(t< T/ 4) \text { OF } (t> T\cdot   3 / 4)\protect \protect \unhbox \voidb@x \hbox { Dan}$&$j=\liftJqty $\\\rule {0pt}{2.6ex}&$\quad a\,=\,a+ j\cdot   dt$&$g=\liftGqty $\\\rule {0pt}{2.6ex}&$\protect \protect \unhbox \voidb@x \hbox {Anders}$&$m_{cab}=\liftMcabqty $\\\rule {0pt}{2.6ex}&$\quad a\,=\,a- j\cdot   dt$&$m_{con}=\liftMconqty $\\\rule {0pt}{2.6ex}&$\protect \protect \unhbox \voidb@x \hbox {EindAls}$&$F_{rol}=\liftFrolqty $\\\rule {0pt}{2.6ex}5&$v\,=\,v+ a\cdot   dt$&
BUILD_TABLE iter row: 9
BUILD_TABLE row: 10type: rule
BUILD_TABLE emit rule num: 6content: h\,=\,\cdots 
BUILD_TABLE after-emit table tail: {tabular}{r|l|l}&\textbf {model}&\textbf {startwaarden}\\\hline \rule {0pt}{2.6ex}1&$F_{Z,cab}\,=\,m_{cab}\cdot   g$&$t=\liftTqty $\\\rule {0pt}{2.6ex}2&$F_{Z,con}\,=\,m_{con}\cdot   g$&$dt=\liftDtqty $\\\rule {0pt}{2.6ex}3&$F_{Z,net}\,=\,F_{Z,cab}- F_{Z,con}$&$T=\liftTendqty $\\\rule {0pt}{2.6ex}4&$\protect \protect \unhbox \voidb@x \hbox {Als }(t< T/ 4) \text { OF } (t> T\cdot   3 / 4)\protect \protect \unhbox \voidb@x \hbox { Dan}$&$j=\liftJqty $\\\rule {0pt}{2.6ex}&$\quad a\,=\,a+ j\cdot   dt$&$g=\liftGqty $\\\rule {0pt}{2.6ex}&$\protect \protect \unhbox \voidb@x \hbox {Anders}$&$m_{cab}=\liftMcabqty $\\\rule {0pt}{2.6ex}&$\quad a\,=\,a- j\cdot   dt$&$m_{con}=\liftMconqty $\\\rule {0pt}{2.6ex}&$\protect \protect \unhbox \voidb@x \hbox {EindAls}$&$F_{rol}=\liftFrolqty $\\\rule {0pt}{2.6ex}5&$v\,=\,v+ a\cdot   dt$&$a=\liftAqty $\\\rule {0pt}{2.6ex}6&$h\,=\,\cdots $&
BUILD_TABLE iter row: 10
BUILD_TABLE row: 11type: rule
BUILD_TABLE emit rule num: 7content: F_{motor}\,=\,\cdots 
BUILD_TABLE after-emit table tail: {tabular}{r|l|l}&\textbf {model}&\textbf {startwaarden}\\\hline \rule {0pt}{2.6ex}1&$F_{Z,cab}\,=\,m_{cab}\cdot   g$&$t=\liftTqty $\\\rule {0pt}{2.6ex}2&$F_{Z,con}\,=\,m_{con}\cdot   g$&$dt=\liftDtqty $\\\rule {0pt}{2.6ex}3&$F_{Z,net}\,=\,F_{Z,cab}- F_{Z,con}$&$T=\liftTendqty $\\\rule {0pt}{2.6ex}4&$\protect \protect \unhbox \voidb@x \hbox {Als }(t< T/ 4) \text { OF } (t> T\cdot   3 / 4)\protect \protect \unhbox \voidb@x \hbox { Dan}$&$j=\liftJqty $\\\rule {0pt}{2.6ex}&$\quad a\,=\,a+ j\cdot   dt$&$g=\liftGqty $\\\rule {0pt}{2.6ex}&$\protect \protect \unhbox \voidb@x \hbox {Anders}$&$m_{cab}=\liftMcabqty $\\\rule {0pt}{2.6ex}&$\quad a\,=\,a- j\cdot   dt$&$m_{con}=\liftMconqty $\\\rule {0pt}{2.6ex}&$\protect \protect \unhbox \voidb@x \hbox {EindAls}$&$F_{rol}=\liftFrolqty $\\\rule {0pt}{2.6ex}5&$v\,=\,v+ a\cdot   dt$&$a=\liftAqty $\\\rule {0pt}{2.6ex}6&$h\,=\,\cdots $&$v=\liftVqty $\\\rule {0pt}{2.6ex}7&$F_{motor}\,=\,\cdots $&
BUILD_TABLE iter row: 11
BUILD_TABLE row: 12type: rule
BUILD_TABLE emit rule num: 8content: dMGV\,=\,(m_{cab}-m_{con})\cdot  g\cdot   v
BUILD_TABLE after-emit table tail: {tabular}{r|l|l}&\textbf {model}&\textbf {startwaarden}\\\hline \rule {0pt}{2.6ex}1&$F_{Z,cab}\,=\,m_{cab}\cdot   g$&$t=\liftTqty $\\\rule {0pt}{2.6ex}2&$F_{Z,con}\,=\,m_{con}\cdot   g$&$dt=\liftDtqty $\\\rule {0pt}{2.6ex}3&$F_{Z,net}\,=\,F_{Z,cab}- F_{Z,con}$&$T=\liftTendqty $\\\rule {0pt}{2.6ex}4&$\protect \protect \unhbox \voidb@x \hbox {Als }(t< T/ 4) \text { OF } (t> T\cdot   3 / 4)\protect \protect \unhbox \voidb@x \hbox { Dan}$&$j=\liftJqty $\\\rule {0pt}{2.6ex}&$\quad a\,=\,a+ j\cdot   dt$&$g=\liftGqty $\\\rule {0pt}{2.6ex}&$\protect \protect \unhbox \voidb@x \hbox {Anders}$&$m_{cab}=\liftMcabqty $\\\rule {0pt}{2.6ex}&$\quad a\,=\,a- j\cdot   dt$&$m_{con}=\liftMconqty $\\\rule {0pt}{2.6ex}&$\protect \protect \unhbox \voidb@x \hbox {EindAls}$&$F_{rol}=\liftFrolqty $\\\rule {0pt}{2.6ex}5&$v\,=\,v+ a\cdot   dt$&$a=\liftAqty $\\\rule {0pt}{2.6ex}6&$h\,=\,\cdots $&$v=\liftVqty $\\\rule {0pt}{2.6ex}7&$F_{motor}\,=\,\cdots $&$h=\liftHqty $\\\rule {0pt}{2.6ex}8&$dMGV\,=\,(m_{cab}-m_{con})\cdot  g\cdot   v$&
BUILD_TABLE iter row: 12
BUILD_TABLE row: 13type: rule
BUILD_TABLE emit rule num: 9content: P_{out}\,=\,F_{rol}\cdot   v
BUILD_TABLE after-emit table tail: {tabular}{r|l|l}&\textbf {model}&\textbf {startwaarden}\\\hline \rule {0pt}{2.6ex}1&$F_{Z,cab}\,=\,m_{cab}\cdot   g$&$t=\liftTqty $\\\rule {0pt}{2.6ex}2&$F_{Z,con}\,=\,m_{con}\cdot   g$&$dt=\liftDtqty $\\\rule {0pt}{2.6ex}3&$F_{Z,net}\,=\,F_{Z,cab}- F_{Z,con}$&$T=\liftTendqty $\\\rule {0pt}{2.6ex}4&$\protect \protect \unhbox \voidb@x \hbox {Als }(t< T/ 4) \text { OF } (t> T\cdot   3 / 4)\protect \protect \unhbox \voidb@x \hbox { Dan}$&$j=\liftJqty $\\\rule {0pt}{2.6ex}&$\quad a\,=\,a+ j\cdot   dt$&$g=\liftGqty $\\\rule {0pt}{2.6ex}&$\protect \protect \unhbox \voidb@x \hbox {Anders}$&$m_{cab}=\liftMcabqty $\\\rule {0pt}{2.6ex}&$\quad a\,=\,a- j\cdot   dt$&$m_{con}=\liftMconqty $\\\rule {0pt}{2.6ex}&$\protect \protect \unhbox \voidb@x \hbox {EindAls}$&$F_{rol}=\liftFrolqty $\\\rule {0pt}{2.6ex}5&$v\,=\,v+ a\cdot   dt$&$a=\liftAqty $\\\rule {0pt}{2.6ex}6&$h\,=\,\cdots $&$v=\liftVqty $\\\rule {0pt}{2.6ex}7&$F_{motor}\,=\,\cdots $&$h=\liftHqty $\\\rule {0pt}{2.6ex}8&$dMGV\,=\,(m_{cab}-m_{con})\cdot  g\cdot   v$&\\\rule {0pt}{2.6ex}9&$P_{out}\,=\,F_{rol}\cdot   v$&
BUILD_TABLE iter row: 13
BUILD_TABLE row: 14type: rule
BUILD_TABLE emit rule num: 10content: E_Z\,=\,E_Z- dMGV\cdot   dt
BUILD_TABLE after-emit table tail: {tabular}{r|l|l}&\textbf {model}&\textbf {startwaarden}\\\hline \rule {0pt}{2.6ex}1&$F_{Z,cab}\,=\,m_{cab}\cdot   g$&$t=\liftTqty $\\\rule {0pt}{2.6ex}2&$F_{Z,con}\,=\,m_{con}\cdot   g$&$dt=\liftDtqty $\\\rule {0pt}{2.6ex}3&$F_{Z,net}\,=\,F_{Z,cab}- F_{Z,con}$&$T=\liftTendqty $\\\rule {0pt}{2.6ex}4&$\protect \protect \unhbox \voidb@x \hbox {Als }(t< T/ 4) \text { OF } (t> T\cdot   3 / 4)\protect \protect \unhbox \voidb@x \hbox { Dan}$&$j=\liftJqty $\\\rule {0pt}{2.6ex}&$\quad a\,=\,a+ j\cdot   dt$&$g=\liftGqty $\\\rule {0pt}{2.6ex}&$\protect \protect \unhbox \voidb@x \hbox {Anders}$&$m_{cab}=\liftMcabqty $\\\rule {0pt}{2.6ex}&$\quad a\,=\,a- j\cdot   dt$&$m_{con}=\liftMconqty $\\\rule {0pt}{2.6ex}&$\protect \protect \unhbox \voidb@x \hbox {EindAls}$&$F_{rol}=\liftFrolqty $\\\rule {0pt}{2.6ex}5&$v\,=\,v+ a\cdot   dt$&$a=\liftAqty $\\\rule {0pt}{2.6ex}6&$h\,=\,\cdots $&$v=\liftVqty $\\\rule {0pt}{2.6ex}7&$F_{motor}\,=\,\cdots $&$h=\liftHqty $\\\rule {0pt}{2.6ex}8&$dMGV\,=\,(m_{cab}-m_{con})\cdot  g\cdot   v$&\\\rule {0pt}{2.6ex}9&$P_{out}\,=\,F_{rol}\cdot   v$&\\\rule {0pt}{2.6ex}10&$E_Z\,=\,E_Z- dMGV\cdot   dt$&
BUILD_TABLE iter row: 14
BUILD_TABLE row: 15type: rule
BUILD_TABLE emit rule num: 11content: E_{sys}\,=\,E_{sys}- P_{out}\cdot   dt+ dMGV\cdot   dt
BUILD_TABLE after-emit table tail: {tabular}{r|l|l}&\textbf {model}&\textbf {startwaarden}\\\hline \rule {0pt}{2.6ex}1&$F_{Z,cab}\,=\,m_{cab}\cdot   g$&$t=\liftTqty $\\\rule {0pt}{2.6ex}2&$F_{Z,con}\,=\,m_{con}\cdot   g$&$dt=\liftDtqty $\\\rule {0pt}{2.6ex}3&$F_{Z,net}\,=\,F_{Z,cab}- F_{Z,con}$&$T=\liftTendqty $\\\rule {0pt}{2.6ex}4&$\protect \protect \unhbox \voidb@x \hbox {Als }(t< T/ 4) \text { OF } (t> T\cdot   3 / 4)\protect \protect \unhbox \voidb@x \hbox { Dan}$&$j=\liftJqty $\\\rule {0pt}{2.6ex}&$\quad a\,=\,a+ j\cdot   dt$&$g=\liftGqty $\\\rule {0pt}{2.6ex}&$\protect \protect \unhbox \voidb@x \hbox {Anders}$&$m_{cab}=\liftMcabqty $\\\rule {0pt}{2.6ex}&$\quad a\,=\,a- j\cdot   dt$&$m_{con}=\liftMconqty $\\\rule {0pt}{2.6ex}&$\protect \protect \unhbox \voidb@x \hbox {EindAls}$&$F_{rol}=\liftFrolqty $\\\rule {0pt}{2.6ex}5&$v\,=\,v+ a\cdot   dt$&$a=\liftAqty $\\\rule {0pt}{2.6ex}6&$h\,=\,\cdots $&$v=\liftVqty $\\\rule {0pt}{2.6ex}7&$F_{motor}\,=\,\cdots $&$h=\liftHqty $\\\rule {0pt}{2.6ex}8&$dMGV\,=\,(m_{cab}-m_{con})\cdot  g\cdot   v$&\\\rule {0pt}{2.6ex}9&$P_{out}\,=\,F_{rol}\cdot   v$&\\\rule {0pt}{2.6ex}10&$E_Z\,=\,E_Z- dMGV\cdot   dt$&\\\rule {0pt}{2.6ex}11&$E_{sys}\,=\,E_{sys}- P_{out}\cdot   dt+ dMGV\cdot   dt$&
BUILD_TABLE iter row: 15
BUILD_TABLE row: 16type: rule
BUILD_TABLE emit rule num: 12content: t\,=\,t+ dt
BUILD_TABLE after-emit table tail: {tabular}{r|l|l}&\textbf {model}&\textbf {startwaarden}\\\hline \rule {0pt}{2.6ex}1&$F_{Z,cab}\,=\,m_{cab}\cdot   g$&$t=\liftTqty $\\\rule {0pt}{2.6ex}2&$F_{Z,con}\,=\,m_{con}\cdot   g$&$dt=\liftDtqty $\\\rule {0pt}{2.6ex}3&$F_{Z,net}\,=\,F_{Z,cab}- F_{Z,con}$&$T=\liftTendqty $\\\rule {0pt}{2.6ex}4&$\protect \protect \unhbox \voidb@x \hbox {Als }(t< T/ 4) \text { OF } (t> T\cdot   3 / 4)\protect \protect \unhbox \voidb@x \hbox { Dan}$&$j=\liftJqty $\\\rule {0pt}{2.6ex}&$\quad a\,=\,a+ j\cdot   dt$&$g=\liftGqty $\\\rule {0pt}{2.6ex}&$\protect \protect \unhbox \voidb@x \hbox {Anders}$&$m_{cab}=\liftMcabqty $\\\rule {0pt}{2.6ex}&$\quad a\,=\,a- j\cdot   dt$&$m_{con}=\liftMconqty $\\\rule {0pt}{2.6ex}&$\protect \protect \unhbox \voidb@x \hbox {EindAls}$&$F_{rol}=\liftFrolqty $\\\rule {0pt}{2.6ex}5&$v\,=\,v+ a\cdot   dt$&$a=\liftAqty $\\\rule {0pt}{2.6ex}6&$h\,=\,\cdots $&$v=\liftVqty $\\\rule {0pt}{2.6ex}7&$F_{motor}\,=\,\cdots $&$h=\liftHqty $\\\rule {0pt}{2.6ex}8&$dMGV\,=\,(m_{cab}-m_{con})\cdot  g\cdot   v$&\\\rule {0pt}{2.6ex}9&$P_{out}\,=\,F_{rol}\cdot   v$&\\\rule {0pt}{2.6ex}10&$E_Z\,=\,E_Z- dMGV\cdot   dt$&\\\rule {0pt}{2.6ex}11&$E_{sys}\,=\,E_{sys}- P_{out}\cdot   dt+ dMGV\cdot   dt$&\\\rule {0pt}{2.6ex}12&$t\,=\,t+ dt$&
BUILD_TABLE iter row: 16
BUILD_TABLE row: 17type: rule
BUILD_TABLE emit rule num: 13content: \protect \protect \unhbox \voidb@x \hbox {Als }t\geqslant   T\protect \protect \unhbox \voidb@x \hbox { Dan}\protect \protect \unhbox \voidb@x \hbox { Stop }\protect \protect \unhbox \voidb@x \hbox {EindAls}
BUILD_TABLE after-emit table tail: {tabular}{r|l|l}&\textbf {model}&\textbf {startwaarden}\\\hline \rule {0pt}{2.6ex}1&$F_{Z,cab}\,=\,m_{cab}\cdot   g$&$t=\liftTqty $\\\rule {0pt}{2.6ex}2&$F_{Z,con}\,=\,m_{con}\cdot   g$&$dt=\liftDtqty $\\\rule {0pt}{2.6ex}3&$F_{Z,net}\,=\,F_{Z,cab}- F_{Z,con}$&$T=\liftTendqty $\\\rule {0pt}{2.6ex}4&$\protect \protect \unhbox \voidb@x \hbox {Als }(t< T/ 4) \text { OF } (t> T\cdot   3 / 4)\protect \protect \unhbox \voidb@x \hbox { Dan}$&$j=\liftJqty $\\\rule {0pt}{2.6ex}&$\quad a\,=\,a+ j\cdot   dt$&$g=\liftGqty $\\\rule {0pt}{2.6ex}&$\protect \protect \unhbox \voidb@x \hbox {Anders}$&$m_{cab}=\liftMcabqty $\\\rule {0pt}{2.6ex}&$\quad a\,=\,a- j\cdot   dt$&$m_{con}=\liftMconqty $\\\rule {0pt}{2.6ex}&$\protect \protect \unhbox \voidb@x \hbox {EindAls}$&$F_{rol}=\liftFrolqty $\\\rule {0pt}{2.6ex}5&$v\,=\,v+ a\cdot   dt$&$a=\liftAqty $\\\rule {0pt}{2.6ex}6&$h\,=\,\cdots $&$v=\liftVqty $\\\rule {0pt}{2.6ex}7&$F_{motor}\,=\,\cdots $&$h=\liftHqty $\\\rule {0pt}{2.6ex}8&$dMGV\,=\,(m_{cab}-m_{con})\cdot  g\cdot   v$&\\\rule {0pt}{2.6ex}9&$P_{out}\,=\,F_{rol}\cdot   v$&\\\rule {0pt}{2.6ex}10&$E_Z\,=\,E_Z- dMGV\cdot   dt$&\\\rule {0pt}{2.6ex}11&$E_{sys}\,=\,E_{sys}- P_{out}\cdot   dt+ dMGV\cdot   dt$&\\\rule {0pt}{2.6ex}12&$t\,=\,t+ dt$&\\\rule {0pt}{2.6ex}13&$\protect \protect \unhbox \voidb@x \hbox {Als }t\geqslant   T\protect \protect \unhbox \voidb@x \hbox { Dan}\protect \protect \unhbox \voidb@x \hbox { Stop }\protect \protect \unhbox \voidb@x \hbox {EindAls}$&
TEXTMODEL table: \begin {tabular}{r|l|l}&\textbf {model}&\textbf {startwaarden}\\\hline \rule {0pt}{2.6ex}1&$F_{Z,cab}\,=\,m_{cab}\cdot   g$&$t=\liftTqty $\\\rule {0pt}{2.6ex}2&$F_{Z,con}\,=\,m_{con}\cdot   g$&$dt=\liftDtqty $\\\rule {0pt}{2.6ex}3&$F_{Z,net}\,=\,F_{Z,cab}- F_{Z,con}$&$T=\liftTendqty $\\\rule {0pt}{2.6ex}4&$\protect \protect \unhbox \voidb@x \hbox {Als }(t< T/ 4) \text { OF } (t> T\cdot   3 / 4)\protect \protect \unhbox \voidb@x \hbox { Dan}$&$j=\liftJqty $\\\rule {0pt}{2.6ex}&$\quad a\,=\,a+ j\cdot   dt$&$g=\liftGqty $\\\rule {0pt}{2.6ex}&$\protect \protect \unhbox \voidb@x \hbox {Anders}$&$m_{cab}=\liftMcabqty $\\\rule {0pt}{2.6ex}&$\quad a\,=\,a- j\cdot   dt$&$m_{con}=\liftMconqty $\\\rule {0pt}{2.6ex}&$\protect \protect \unhbox \voidb@x \hbox {EindAls}$&$F_{rol}=\liftFrolqty $\\\rule {0pt}{2.6ex}5&$v\,=\,v+ a\cdot   dt$&$a=\liftAqty $\\\rule {0pt}{2.6ex}6&$h\,=\,\cdots $&$v=\liftVqty $\\\rule {0pt}{2.6ex}7&$F_{motor}\,=\,\cdots $&$h=\liftHqty $\\\rule {0pt}{2.6ex}8&$dMGV\,=\,(m_{cab}-m_{con})\cdot  g\cdot   v$&\\\rule {0pt}{2.6ex}9&$P_{out}\,=\,F_{rol}\cdot   v$&\\\rule {0pt}{2.6ex}10&$E_Z\,=\,E_Z- dMGV\cdot   dt$&\\\rule {0pt}{2.6ex}11&$E_{sys}\,=\,E_{sys}- P_{out}\cdot   dt+ dMGV\cdot   dt$&\\\rule {0pt}{2.6ex}12&$t\,=\,t+ dt$&\\\rule {0pt}{2.6ex}13&$\protect \protect \unhbox \voidb@x \hbox {Als }t\geqslant   T\protect \protect \unhbox \voidb@x \hbox { Dan}\protect \protect \unhbox \voidb@x \hbox { Stop }\protect \protect \unhbox \voidb@x \hbox {EindAls}$&\\\end {tabular}
LaTeX Font Info:    Trying to load font information for U+msa on input line 60.
(c:/texlive/2025/texmf-dist/tex/latex/amsfonts/umsa.fd
File: umsa.fd 2013/01/14 v3.01 AMS symbols A
)
LaTeX Font Info:    Trying to load font information for U+msb on input line 60.
 (c:/texlive/2025/texmf-dist/tex/latex/amsfonts/umsb.fd
File: umsb.fd 2013/01/14 v3.01 AMS symbols B
)
TEXTMODEL done
BUILD: step 0 reset auto-positions
BUILD: step 1 lua layout writeback
BUILD: step 2 tikzpicture
NODE: liftT
NODE: liftDt
NODE: liftTend
NODE: liftJ
NODE: liftG
NODE: liftMcab
NODE: liftMcon
NODE: liftFrol
NODE: liftFzCab
NODE: liftFzCon
NODE: liftFzNet
NODE: liftFmotor
NODE: liftEZ
NODE: liftEsys
NODE: liftPout
NODE: liftdMGV
NODE: liftA
NODE: liftV
NODE: liftH
BUILD: step 5 stock-valve nodes
BUILD: step 6 flow arrows
BUILD: step 6a valve nodes
BUILD: step 6b+7 causal arrows (Lua)
BUILD: step 8 done
COMPUTE start
COMPUTE done
[1

{c:/texlive/2025/texmf-var/fonts/map/pdftex/updmap/pdftex.map}]
NEWPREFIX start: d
NEWPREFIX save current: lift
NEWPREFIX register
NEWPREFIX init_backup
\g__numodel_d_rulecounter_int=\count360
\g__numodel_d_steps_int=\count361
NEWPREFIX lua_init
NEWPREFIX clear_state
NEWPREFIX set_current
NEWPREFIX done: d
MVAR start: T
MVAR before-keys-set
MVAR after-keys-set
MVAR eff: d
MVAR body fullname: dT
MVAR done: T
MVAR start: Dt
MVAR before-keys-set
MVAR after-keys-set
MVAR eff: d
MVAR body fullname: dDt
MVAR done: Dt
MVAR start: N
MVAR before-keys-set
MVAR after-keys-set
MVAR eff: d
MVAR body fullname: dN
MVAR done: N
MVAR start: R
MVAR before-keys-set
MVAR after-keys-set
MVAR eff: d
MVAR body fullname: dR
MVAR done: R
MRULE start: N
VTD input: \dN + \dR * \dDt 
VTD seq: dT|dDt|dN|dR
VTD iter: dT
VTD replace \c {dT} with t
VTD iter: dDt
VTD replace \c {dDt} with dt
VTD iter: dN
VTD replace \c {dN} with n
VTD iter: dR
VTD replace \c {dR} with r
MRULE rhs after: n+ r\cdot   dt
MRULE display: n\,=\,n+ r\cdot   dt
MRULE done: N
MRULE start: T
VTD input: \dT + \dDt 
VTD seq: dT|dDt|dN|dR
VTD iter: dT
VTD replace \c {dT} with t
VTD iter: dDt
VTD replace \c {dDt} with dt
VTD iter: dN
VTD replace \c {dN} with n
VTD iter: dR
VTD replace \c {dR} with r
MRULE rhs after: t+ dt
MRULE display: t\,=\,t+ dt
MRULE done: T
MSTOP start
VTD input: \dT >= 5
VTD seq: dT|dDt|dN|dR
VTD iter: dT
VTD replace \c {dT} with t
VTD iter: dDt
VTD replace \c {dDt} with dt
VTD iter: dN
VTD replace \c {dN} with n
VTD iter: dR
VTD replace \c {dR} with r
MSTOP done
TEXTMODEL start
BUILD_TABLE rules: n\,=\,n+ r\cdot   dt|t\,=\,t+ dt|\protect \protect \unhbox \voidb@x \hbox {Als }t\geqslant   5\protect \protect \unhbox \voidb@x \hbox { Dan}\protect \protect \unhbox \voidb@x \hbox { Stop }\protect \protect \unhbox \voidb@x \hbox {EindAls}
BUILD_TABLE types: rule|rule|rule
BUILD_TABLE numrules: 3
BUILD_TABLE numstarts: 4
BUILD_TABLE before-step table: \begin {tabular}{r|l|l}&\textbf {model}&\textbf {startwaarden}\\\hline 
BUILD_TABLE iter row: 0
BUILD_TABLE row: 1type: rule
BUILD_TABLE emit rule num: 1content: n\,=\,n+ r\cdot   dt
BUILD_TABLE after-emit table tail: {tabular}{r|l|l}&\textbf {model}&\textbf {startwaarden}\\\hline \rule {0pt}{2.6ex}1&$n\,=\,n+ r\cdot   dt$&
BUILD_TABLE iter row: 1
BUILD_TABLE row: 2type: rule
BUILD_TABLE emit rule num: 2content: t\,=\,t+ dt
BUILD_TABLE after-emit table tail: {tabular}{r|l|l}&\textbf {model}&\textbf {startwaarden}\\\hline \rule {0pt}{2.6ex}1&$n\,=\,n+ r\cdot   dt$&$t=\dTqty $\\\rule {0pt}{2.6ex}2&$t\,=\,t+ dt$&
BUILD_TABLE iter row: 2
BUILD_TABLE row: 3type: rule
BUILD_TABLE emit rule num: 3content: \protect \protect \unhbox \voidb@x \hbox {Als }t\geqslant   5\protect \protect \unhbox \voidb@x \hbox { Dan}\protect \protect \unhbox \voidb@x \hbox { Stop }\protect \protect \unhbox \voidb@x \hbox {EindAls}
BUILD_TABLE after-emit table tail: {tabular}{r|l|l}&\textbf {model}&\textbf {startwaarden}\\\hline \rule {0pt}{2.6ex}1&$n\,=\,n+ r\cdot   dt$&$t=\dTqty $\\\rule {0pt}{2.6ex}2&$t\,=\,t+ dt$&$dt=\dDtqty $\\\rule {0pt}{2.6ex}3&$\protect \protect \unhbox \voidb@x \hbox {Als }t\geqslant   5\protect \protect \unhbox \voidb@x \hbox { Dan}\protect \protect \unhbox \voidb@x \hbox { Stop }\protect \protect \unhbox \voidb@x \hbox {EindAls}$&
TEXTMODEL table: \begin {tabular}{r|l|l}&\textbf {model}&\textbf {startwaarden}\\\hline \rule {0pt}{2.6ex}1&$n\,=\,n+ r\cdot   dt$&$t=\dTqty $\\\rule {0pt}{2.6ex}2&$t\,=\,t+ dt$&$dt=\dDtqty $\\\rule {0pt}{2.6ex}3&$\protect \protect \unhbox \voidb@x \hbox {Als }t\geqslant   5\protect \protect \unhbox \voidb@x \hbox { Dan}\protect \protect \unhbox \voidb@x \hbox { Stop }\protect \protect \unhbox \voidb@x \hbox {EindAls}$&$n=\dNqty $\\&&$r=\dRqty $\\\end {tabular}
TEXTMODEL done
BUILD: step 0 reset auto-positions
BUILD: step 1 lua layout writeback
BUILD: step 2 tikzpicture
NODE: dT
NODE: dDt
NODE: dN
NODE: dR
BUILD: step 5 stock-valve nodes
BUILD: step 6 flow arrows
BUILD: step 6a valve nodes
BUILD: step 6b+7 causal arrows (Lua)
BUILD: step 8 done
COMPUTE start
COMPUTE done
[2] (./showcase.aux)
 ***********
LaTeX2e <2025-11-01>
L3 programming layer <2026-01-19>
 ***********


LaTeX Warning: Label(s) may have changed. Rerun to get cross-references right.

)

Here is how much of LuaTeX's memory you used:
 31844 strings out of 476076
 100000,1648299 words of node,token memory allocated
 500 words of node memory still in use:
   6 hlist, 2 vlist, 2 rule, 2 glue, 4 kern, 1 glyph, 8 attribute, 53 glue_spec, 8 attribute_list, 2 write nodes
   avail lists: 1:1,2:7164,3:4151,4:40,5:153,6:10,7:3219,8:25,9:954,11:18
 53506 multiletter control sequences out of 65536+600000
 51 fonts using 3374415 bytes
 117i,19n,114p,822b,2484s stack positions out of 10000i,1000n,20000p,200000b,200000s
<c:/texlive/2025/texmf-dist/fonts/opentype/public/lm/lmroman10-regular.otf><c:/texlive/2025/texmf-dist/fonts/opentype/public/lm/lmroman10-bold.otf><c:/texlive/2025/texmf-dist/fonts/opentype/public/lm/lmroman12-bold.otf><c:/texlive/2025/texmf-dist/fonts/type1/public/amsfonts/cm/cmmi10.pfb><c:/texlive/2025/texmf-dist/fonts/type1/public/amsfonts/cm/cmmi5.pfb><c:/texlive/2025/texmf-dist/fonts/type1/public/amsfonts/cm/cmmi6.pfb><c:/texlive/2025/texmf-dist/fonts/type1/public/amsfonts/cm/cmmi7.pfb><c:/texlive/2025/texmf-dist/fonts/type1/public/amsfonts/cm/cmmi9.pfb><c:/texlive/2025/texmf-dist/fonts/type1/public/amsfonts/cm/cmr10.pfb><c:/texlive/2025/texmf-dist/fonts/type1/public/amsfonts/cm/cmr7.pfb><c:/texlive/2025/texmf-dist/fonts/type1/public/amsfonts/cm/cmsy10.pfb><c:/texlive/2025/texmf-dist/fonts/type1/public/amsfonts/cm/cmsy7.pfb><c:/texlive/2025/texmf-dist/fonts/type1/public/amsfonts/symbols/msam10.pfb>
Output written on showcase.pdf (2 pages, 128137 bytes).

PDF statistics: 75 PDF objects out of 1000 (max. 8388607)
 51 compressed objects within 1 object stream
 0 named destinations out of 1000 (max. 1048576)
 16 words of extra memory for PDF output out of 10000 (max. 100000000)

