This is LuaHBTeX, Version 1.24.0 (TeX Live 2026)  (format=lualatex 2026.4.10)  26 MAY 2026 22:10
 restricted system commands enabled.
**numodel-manual.tex
(./numodel-manual.tex
LaTeX2e <2025-11-01>
L3 programming layer <2026-01-19>
Lua module: luaotfload 2024-12-03 v3.29 Lua based OpenType font support
Lua module: lualibs 2023-07-13 v2.76 ConTeXt Lua standard libraries.
Lua module: lualibs-extended 2023-07-13 v2.76 ConTeXt Lua libraries -- extended 
collection.
luaotfload | conf : Root cache directory is "C:/Users/paulz/.texlive2026/texmf-v
ar/luatex-cache/generic/names".
luaotfload | init : Loading fontloader "fontloader-2023-12-28.lua" from kpse-res
olved path "c:/texlive/2025/texmf-dist/tex/luatex/luaotfload/fontloader-2023-12-
28.lua".
Lua-only attribute luaotfload@noligature = 1
luaotfload | init : Context OpenType loader version 3.134
Inserting `luaotfload.node_processor' in `pre_linebreak_filter'.
Inserting `luaotfload.node_processor' in `hpack_filter'.
Inserting `luaotfload.glyph_stream' in `glyph_stream_provider'.
Inserting `luaotfload.define_font' in `define_font'.
Lua-only attribute luaotfload_color_attribute = 2
luaotfload | conf : Root cache directory is "C:/Users/paulz/.texlive2026/texmf-v
ar/luatex-cache/generic/names".
Inserting `luaotfload.harf.strip_prefix' in `find_opentype_file'.
Inserting `luaotfload.harf.strip_prefix' in `find_truetype_file'.
Removing  `luaotfload.glyph_stream' from `glyph_stream_provider'.
Inserting `luaotfload.harf.glyphstream' in `glyph_stream_provider'.
Inserting `luaotfload.harf.finalize_vlist' in `post_linebreak_filter'.
Inserting `luaotfload.harf.finalize_hlist' in `hpack_filter'.
Inserting `luaotfload.cleanup_files' in `wrapup_run'.
Inserting `luaotfload.harf.finalize_unicode' in `finish_pdffile'.
Inserting `luaotfload.glyphinfo' in `glyph_info'.
Lua-only attribute luaotfload.letterspace_done = 3
Inserting `luaotfload.aux.set_sscale_dimens' in `luaotfload.patch_font'.
Inserting `luaotfload.aux.set_font_index' in `luaotfload.patch_font'.
Inserting `luaotfload.aux.patch_cambria_domh' in `luaotfload.patch_font'.
Inserting `luaotfload.aux.fixup_fontdata' in `luaotfload.patch_font_unsafe'.
Inserting `luaotfload.aux.set_capheight' in `luaotfload.patch_font'.
Inserting `luaotfload.aux.set_xheight' in `luaotfload.patch_font'.
Inserting `luaotfload.rewrite_fontname' in `luaotfload.patch_font'.
Inserting `tracingstacklevels' in `input_level_string'. (c:/texlive/2025/texmf-
dist/tex/latex/base/ltxdoc.cls
Document Class: ltxdoc 2024/02/08 v2.1j Standard LaTeX documentation class
*************************************
* Local config file ltxdoc.cfg used
*************************************
(c:/texlive/2025/texmf-dist/tex/latex/base/ltxdoc.cfg
File: ltxdoc.cfg 2022/06/14 v2.0d ltxdoc.cls configuration (LaTeX Project)
)
(c:/texlive/2025/texmf-dist/tex/latex/base/article.cls
Document Class: article 2025/01/22 v1.4n Standard LaTeX document class
(c:/texlive/2025/texmf-dist/tex/latex/base/size10.clo
File: size10.clo 2025/01/22 v1.4n Standard LaTeX file (size option)
luaotfload | db : Font names database loaded from C:/Users/paulz/.texlive2026/te
xmf-var/luatex-cache/generic/names/luaotfload-names.luc.gz)
\c@part=\count273
\c@section=\count274
\c@subsection=\count275
\c@subsubsection=\count276
\c@paragraph=\count277
\c@subparagraph=\count278
\c@figure=\count279
\c@table=\count280
\abovecaptionskip=\skip49
\belowcaptionskip=\skip50
\bibindent=\dimen147
)
(c:/texlive/2025/texmf-dist/tex/latex/base/doc.sty
Package: doc 2024/12/25 v3.0q Standard LaTeX documentation package V3 (FMi)
\c@StandardModuleDepth=\count281
\guard@level=\count282
\MacrocodeTopsep=\skip51
\MacroIndent=\dimen148
\macro@cnt=\count283
\MacroTopsep=\skip52
\IndexMin=\dimen149
\c@IndexColumns=\count284

(c:/texlive/2025/texmf-dist/tex/latex/tools/multicol.sty
Package: multicol 2025/10/21 v2.0b multicolumn formatting (FMi)
\c@tracingmulticols=\count285
\mult@box=\box53
\multicol@leftmargin=\dimen150
\c@unbalance=\count286
\c@collectmore=\count287
\doublecol@number=\count288
\multicoltolerance=\count289
\multicolpretolerance=\count290
\full@width=\dimen151
\page@free=\dimen152
\premulticols=\dimen153
\postmulticols=\dimen154
\multicolsep=\skip53
\multicolbaselineskip=\skip54
\partial@page=\box54
\last@line=\box55
\mc@boxedresult=\box56
\maxbalancingoverflow=\dimen155
\mult@rightbox=\box57
\mult@grightbox=\box58
\mult@firstbox=\box59
\mult@gfirstbox=\box60
\@tempa=\box61
\@tempa=\box62
\@tempa=\box63
\@tempa=\box64
\@tempa=\box65
\@tempa=\box66
\@tempa=\box67
\@tempa=\box68
\@tempa=\box69
\@tempa=\box70
\@tempa=\box71
\@tempa=\box72
\@tempa=\box73
\@tempa=\box74
\@tempa=\box75
\@tempa=\box76
\@tempa=\box77
\@tempa=\box78
\@tempa=\box79
\@tempa=\box80
\@tempa=\box81
\@tempa=\box82
\@tempa=\box83
\@tempa=\box84
\@tempa=\box85
\@tempa=\box86
\@tempa=\box87
\@tempa=\box88
\@tempa=\box89
\@tempa=\box90
\@tempa=\box91
\@tempa=\box92
\@tempa=\box93
\@tempa=\box94
\@tempa=\box95
\@tempa=\box96
\c@minrows=\count291
\c@columnbadness=\count292
\c@finalcolumnbadness=\count293
\last@try=\dimen156
\multicolovershoot=\dimen157
\multicolundershoot=\dimen158
\mult@nat@firstbox=\box97
\colbreak@box=\box98
\mc@col@check@num=\count294
\g__mc_curr_col_int=\count295
)
\GlossaryMin=\dimen159
\c@GlossaryColumns=\count296
\check@sum=\count297
\bslash@cnt=\count298
\wrong@table=\toks17
\c@CodelineNo=\count299
\@temptokenb=\toks18
)) (./numodel.sty
Package: numodel 2026/05/26 v0.6.0 Numerical physics models with Euler integrat
ion and Forrester diagrams

(c:/texlive/2025/texmf-dist/tex/latex/l3kernel/expl3.sty
Package: expl3 2026-01-19 L3 programming layer (loader) 

(c:/texlive/2025/texmf-dist/tex/latex/l3backend/l3backend-luatex.def
File: l3backend-luatex.def 2025-10-09 L3 backend support: PDF output (LuaTeX)
\l__color_backend_stack_int=\count300
Inserting `l3color' in `luaotfload.parse_color'.))
(c:/texlive/2025/texmf-dist/tex/latex/l3packages/xparse/xparse.sty
Package: xparse 2025-10-09 L3 Experimental document command parser
)
(c:/texlive/2025/texmf-dist/tex/latex/l3packages/l3keys2e/l3keys2e.sty
Package: l3keys2e 2025-10-09 LaTeX2e option processing using LaTeX3 keys
)
(c:/texlive/2025/texmf-dist/tex/latex/amsmath/amsmath.sty
Package: amsmath 2025/07/09 v2.17z AMS math features
\@mathmargin=\skip55

For additional information on amsmath, use the `?' option.
(c:/texlive/2025/texmf-dist/tex/latex/amsmath/amstext.sty
Package: amstext 2024/11/17 v2.01 AMS text

(c:/texlive/2025/texmf-dist/tex/latex/amsmath/amsgen.sty
File: amsgen.sty 1999/11/30 v2.0 generic functions
\@emptytoks=\toks19
\ex@=\dimen160
))
(c:/texlive/2025/texmf-dist/tex/latex/amsmath/amsbsy.sty
Package: amsbsy 1999/11/29 v1.2d Bold Symbols
\pmbraise@=\dimen161
)
(c:/texlive/2025/texmf-dist/tex/latex/amsmath/amsopn.sty
Package: amsopn 2022/04/08 v2.04 operator names
)
\inf@bad=\count301
LaTeX Info: Redefining \frac on input line 235.
\uproot@=\count302
\leftroot@=\count303
LaTeX Info: Redefining \overline on input line 398.
LaTeX Info: Redefining \colon on input line 409.
\classnum@=\count304
\DOTSCASE@=\count305
LaTeX Info: Redefining \ldots on input line 495.
LaTeX Info: Redefining \dots on input line 498.
LaTeX Info: Redefining \cdots on input line 619.
\Mathstrutbox@=\box99
\strutbox@=\box100
LaTeX Info: Redefining \big on input line 721.
LaTeX Info: Redefining \Big on input line 722.
LaTeX Info: Redefining \bigg on input line 723.
LaTeX Info: Redefining \Bigg on input line 724.
\big@size=\dimen162
LaTeX Font Info:    Redeclaring font encoding OML on input line 742.
LaTeX Font Info:    Redeclaring font encoding OMS on input line 743.
\macc@depth=\count306
LaTeX Info: Redefining \bmod on input line 904.
LaTeX Info: Redefining \pmod on input line 909.
LaTeX Info: Redefining \smash on input line 939.
LaTeX Info: Redefining \relbar on input line 969.
LaTeX Info: Redefining \Relbar on input line 970.
\c@MaxMatrixCols=\count307
\dotsspace@=\muskip17
\c@parentequation=\count308
\dspbrk@lvl=\count309
\tag@help=\toks20
\row@=\count310
\column@=\count311
\maxfields@=\count312
\andhelp@=\toks21
\eqnshift@=\dimen163
\alignsep@=\dimen164
\tagshift@=\dimen165
\tagwidth@=\dimen166
\totwidth@=\dimen167
\lineht@=\dimen168
\@envbody=\toks22
\multlinegap=\skip56
\multlinetaggap=\skip57
\mathdisplay@stack=\toks23
LaTeX Info: Redefining \[ on input line 2950.
LaTeX Info: Redefining \] on input line 2951.
)
(c:/texlive/2025/texmf-dist/tex/latex/amsfonts/amssymb.sty
Package: amssymb 2013/01/14 v3.01 AMS font symbols

(c:/texlive/2025/texmf-dist/tex/latex/amsfonts/amsfonts.sty
Package: amsfonts 2013/01/14 v3.01 Basic AMSFonts support
\symAMSa=\mathgroup4
\symAMSb=\mathgroup5
LaTeX Font Info:    Redeclaring math symbol \hbar on input line 98.
LaTeX Font Info:    Overwriting math alphabet `\mathfrak' in version `bold'
(Font)                  U/euf/m/n --> U/euf/b/n on input line 106.
))
(c:/texlive/2025/texmf-dist/tex/latex/pgf/frontendlayer/tikz.sty
(c:/texlive/2025/texmf-dist/tex/latex/pgf/basiclayer/pgf.sty
(c:/texlive/2025/texmf-dist/tex/latex/pgf/utilities/pgfrcs.sty
(c:/texlive/2025/texmf-dist/tex/generic/pgf/utilities/pgfutil-common.tex
\pgfutil@everybye=\toks24
\pgfutil@tempdima=\dimen169
\pgfutil@tempdimb=\dimen170
)
(c:/texlive/2025/texmf-dist/tex/generic/pgf/utilities/pgfutil-latex.def
\pgfutil@abb=\box101
)
(c:/texlive/2025/texmf-dist/tex/generic/pgf/utilities/pgfrcs.code.tex
(c:/texlive/2025/texmf-dist/tex/generic/pgf/pgf.revision.tex)
Package: pgfrcs 2025-08-29 v3.1.11a (3.1.11a)
))
Package: pgf 2025-08-29 v3.1.11a (3.1.11a)

(c:/texlive/2025/texmf-dist/tex/latex/pgf/basiclayer/pgfcore.sty
(c:/texlive/2025/texmf-dist/tex/latex/graphics/graphicx.sty
Package: graphicx 2024/12/31 v1.2e Enhanced LaTeX Graphics (DPC,SPQR)

(c:/texlive/2025/texmf-dist/tex/latex/graphics/keyval.sty
Package: keyval 2022/05/29 v1.15 key=value parser (DPC)
\KV@toks@=\toks25
)
(c:/texlive/2025/texmf-dist/tex/latex/graphics/graphics.sty
Package: graphics 2024/08/06 v1.4g Standard LaTeX Graphics (DPC,SPQR)

(c:/texlive/2025/texmf-dist/tex/latex/graphics/trig.sty
Package: trig 2023/12/02 v1.11 sin cos tan (DPC)
)
(c:/texlive/2025/texmf-dist/tex/latex/graphics-cfg/graphics.cfg
File: graphics.cfg 2016/06/04 v1.11 sample graphics configuration
)
Package graphics Info: Driver file: luatex.def on input line 106.

(c:/texlive/2025/texmf-dist/tex/latex/graphics-def/luatex.def
File: luatex.def 2025/09/29 v1.2f Graphics/color driver for luatex
))
\Gin@req@height=\dimen171
\Gin@req@width=\dimen172
)
(c:/texlive/2025/texmf-dist/tex/latex/pgf/systemlayer/pgfsys.sty
(c:/texlive/2025/texmf-dist/tex/generic/pgf/systemlayer/pgfsys.code.tex
Package: pgfsys 2025-08-29 v3.1.11a (3.1.11a)

(c:/texlive/2025/texmf-dist/tex/generic/pgf/utilities/pgfkeys.code.tex
\pgfkeys@pathtoks=\toks26
\pgfkeys@temptoks=\toks27

(c:/texlive/2025/texmf-dist/tex/generic/pgf/utilities/pgfkeyslibraryfiltered.co
de.tex
\pgfkeys@tmptoks=\toks28
))
\pgf@x=\dimen173
\pgf@y=\dimen174
\pgf@xa=\dimen175
\pgf@ya=\dimen176
\pgf@xb=\dimen177
\pgf@yb=\dimen178
\pgf@xc=\dimen179
\pgf@yc=\dimen180
\pgf@xd=\dimen181
\pgf@yd=\dimen182
\w@pgf@writea=\write3
\r@pgf@reada=\read2
\c@pgf@counta=\count313
\c@pgf@countb=\count314
\c@pgf@countc=\count315
\c@pgf@countd=\count316
\t@pgf@toka=\toks29
\t@pgf@tokb=\toks30
\t@pgf@tokc=\toks31
\pgf@sys@id@count=\count317
 (c:/texlive/2025/texmf-dist/tex/generic/pgf/systemlayer/pgf.cfg
File: pgf.cfg 2025-08-29 v3.1.11a (3.1.11a)
)
Driver file for pgf: pgfsys-luatex.def

(c:/texlive/2025/texmf-dist/tex/generic/pgf/systemlayer/pgfsys-luatex.def
File: pgfsys-luatex.def 2025-08-29 v3.1.11a (3.1.11a)

(c:/texlive/2025/texmf-dist/tex/generic/pgf/systemlayer/pgfsys-common-pdf.def
File: pgfsys-common-pdf.def 2025-08-29 v3.1.11a (3.1.11a)
)))
(c:/texlive/2025/texmf-dist/tex/generic/pgf/systemlayer/pgfsyssoftpath.code.tex
File: pgfsyssoftpath.code.tex 2025-08-29 v3.1.11a (3.1.11a)
\pgfsyssoftpath@smallbuffer@items=\count318
\pgfsyssoftpath@bigbuffer@items=\count319
)
(c:/texlive/2025/texmf-dist/tex/generic/pgf/systemlayer/pgfsysprotocol.code.tex
File: pgfsysprotocol.code.tex 2025-08-29 v3.1.11a (3.1.11a)
)) (c:/texlive/2025/texmf-dist/tex/latex/xcolor/xcolor.sty
Package: xcolor 2024/09/29 v3.02 LaTeX color extensions (UK)

(c:/texlive/2025/texmf-dist/tex/latex/graphics-cfg/color.cfg
File: color.cfg 2016/01/02 v1.6 sample color configuration
)
Package xcolor Info: Driver file: luatex.def on input line 274.

(c:/texlive/2025/texmf-dist/tex/latex/graphics/mathcolor.ltx)
Package xcolor Info: Model `cmy' substituted by `cmy0' on input line 1349.
Package xcolor Info: Model `hsb' substituted by `rgb' on input line 1353.
Package xcolor Info: Model `RGB' extended on input line 1365.
Package xcolor Info: Model `HTML' substituted by `rgb' on input line 1367.
Package xcolor Info: Model `Hsb' substituted by `hsb' on input line 1368.
Package xcolor Info: Model `tHsb' substituted by `hsb' on input line 1369.
Package xcolor Info: Model `HSB' substituted by `hsb' on input line 1370.
Package xcolor Info: Model `Gray' substituted by `gray' on input line 1371.
Package xcolor Info: Model `wave' substituted by `hsb' on input line 1372.
)
(c:/texlive/2025/texmf-dist/tex/generic/pgf/basiclayer/pgfcore.code.tex
Package: pgfcore 2025-08-29 v3.1.11a (3.1.11a)

(c:/texlive/2025/texmf-dist/tex/generic/pgf/math/pgfmath.code.tex
(c:/texlive/2025/texmf-dist/tex/generic/pgf/math/pgfmathutil.code.tex)
(c:/texlive/2025/texmf-dist/tex/generic/pgf/math/pgfmathparser.code.tex
\pgfmath@dimen=\dimen183
\pgfmath@count=\count320
\pgfmath@box=\box102
\pgfmath@toks=\toks32
\pgfmath@stack@operand=\toks33
\pgfmath@stack@operation=\toks34
)
(c:/texlive/2025/texmf-dist/tex/generic/pgf/math/pgfmathfunctions.code.tex)
(c:/texlive/2025/texmf-dist/tex/generic/pgf/math/pgfmathfunctions.basic.code.te
x)
(c:/texlive/2025/texmf-dist/tex/generic/pgf/math/pgfmathfunctions.trigonometric
.code.tex)
(c:/texlive/2025/texmf-dist/tex/generic/pgf/math/pgfmathfunctions.random.code.t
ex)
(c:/texlive/2025/texmf-dist/tex/generic/pgf/math/pgfmathfunctions.comparison.co
de.tex)
(c:/texlive/2025/texmf-dist/tex/generic/pgf/math/pgfmathfunctions.base.code.tex
)
(c:/texlive/2025/texmf-dist/tex/generic/pgf/math/pgfmathfunctions.round.code.te
x)
(c:/texlive/2025/texmf-dist/tex/generic/pgf/math/pgfmathfunctions.misc.code.tex
)
(c:/texlive/2025/texmf-dist/tex/generic/pgf/math/pgfmathfunctions.integerarithm
etics.code.tex)
(c:/texlive/2025/texmf-dist/tex/generic/pgf/math/pgfmathcalc.code.tex)
(c:/texlive/2025/texmf-dist/tex/generic/pgf/math/pgfmathfloat.code.tex
\c@pgfmathroundto@lastzeros=\count321
))
(c:/texlive/2025/texmf-dist/tex/generic/pgf/math/pgfint.code.tex)
(c:/texlive/2025/texmf-dist/tex/generic/pgf/basiclayer/pgfcorepoints.code.tex
File: pgfcorepoints.code.tex 2025-08-29 v3.1.11a (3.1.11a)
\pgf@picminx=\dimen184
\pgf@picmaxx=\dimen185
\pgf@picminy=\dimen186
\pgf@picmaxy=\dimen187
\pgf@pathminx=\dimen188
\pgf@pathmaxx=\dimen189
\pgf@pathminy=\dimen190
\pgf@pathmaxy=\dimen191
\pgf@xx=\dimen192
\pgf@xy=\dimen193
\pgf@yx=\dimen194
\pgf@yy=\dimen195
\pgf@zx=\dimen196
\pgf@zy=\dimen197
)
(c:/texlive/2025/texmf-dist/tex/generic/pgf/basiclayer/pgfcorepathconstruct.cod
e.tex
File: pgfcorepathconstruct.code.tex 2025-08-29 v3.1.11a (3.1.11a)
\pgf@path@lastx=\dimen198
\pgf@path@lasty=\dimen199
)
(c:/texlive/2025/texmf-dist/tex/generic/pgf/basiclayer/pgfcorepathusage.code.te
x
File: pgfcorepathusage.code.tex 2025-08-29 v3.1.11a (3.1.11a)
\pgf@shorten@end@additional=\dimen256
\pgf@shorten@start@additional=\dimen257
)
(c:/texlive/2025/texmf-dist/tex/generic/pgf/basiclayer/pgfcorescopes.code.tex
File: pgfcorescopes.code.tex 2025-08-29 v3.1.11a (3.1.11a)
\pgfpic=\box103
\pgf@hbox=\box104
\pgf@layerbox@main=\box105
\pgf@picture@serial@count=\count322
)
(c:/texlive/2025/texmf-dist/tex/generic/pgf/basiclayer/pgfcoregraphicstate.code
.tex
File: pgfcoregraphicstate.code.tex 2025-08-29 v3.1.11a (3.1.11a)
\pgflinewidth=\dimen258
)
(c:/texlive/2025/texmf-dist/tex/generic/pgf/basiclayer/pgfcoretransformations.c
ode.tex
File: pgfcoretransformations.code.tex 2025-08-29 v3.1.11a (3.1.11a)
\pgf@pt@x=\dimen259
\pgf@pt@y=\dimen260
\pgf@pt@temp=\dimen261
)
(c:/texlive/2025/texmf-dist/tex/generic/pgf/basiclayer/pgfcorequick.code.tex
File: pgfcorequick.code.tex 2025-08-29 v3.1.11a (3.1.11a)
)
(c:/texlive/2025/texmf-dist/tex/generic/pgf/basiclayer/pgfcoreobjects.code.tex
File: pgfcoreobjects.code.tex 2025-08-29 v3.1.11a (3.1.11a)
)
(c:/texlive/2025/texmf-dist/tex/generic/pgf/basiclayer/pgfcorepathprocessing.co
de.tex
File: pgfcorepathprocessing.code.tex 2025-08-29 v3.1.11a (3.1.11a)
)
(c:/texlive/2025/texmf-dist/tex/generic/pgf/basiclayer/pgfcorearrows.code.tex
File: pgfcorearrows.code.tex 2025-08-29 v3.1.11a (3.1.11a)
\pgfarrowsep=\dimen262
)
(c:/texlive/2025/texmf-dist/tex/generic/pgf/basiclayer/pgfcoreshade.code.tex
File: pgfcoreshade.code.tex 2025-08-29 v3.1.11a (3.1.11a)
\pgf@max=\dimen263
\pgf@sys@shading@range@num=\count323
\pgf@shadingcount=\count324
)
(c:/texlive/2025/texmf-dist/tex/generic/pgf/basiclayer/pgfcoreimage.code.tex
File: pgfcoreimage.code.tex 2025-08-29 v3.1.11a (3.1.11a)
)
(c:/texlive/2025/texmf-dist/tex/generic/pgf/basiclayer/pgfcoreexternal.code.tex
File: pgfcoreexternal.code.tex 2025-08-29 v3.1.11a (3.1.11a)
\pgfexternal@startupbox=\box106
) (c:/texlive/2025/texmf-dist/tex/generic/pgf/basiclayer/pgfcorelayers.code.tex
File: pgfcorelayers.code.tex 2025-08-29 v3.1.11a (3.1.11a)
)
(c:/texlive/2025/texmf-dist/tex/generic/pgf/basiclayer/pgfcoretransparency.code
.tex
File: pgfcoretransparency.code.tex 2025-08-29 v3.1.11a (3.1.11a)
)
(c:/texlive/2025/texmf-dist/tex/generic/pgf/basiclayer/pgfcorepatterns.code.tex
File: pgfcorepatterns.code.tex 2025-08-29 v3.1.11a (3.1.11a)
) (c:/texlive/2025/texmf-dist/tex/generic/pgf/basiclayer/pgfcorerdf.code.tex
File: pgfcorerdf.code.tex 2025-08-29 v3.1.11a (3.1.11a)
))) (c:/texlive/2025/texmf-dist/tex/generic/pgf/modules/pgfmoduleshapes.code.te
x
File: pgfmoduleshapes.code.tex 2025-08-29 v3.1.11a (3.1.11a)
\pgfnodeparttextbox=\box107
)
(c:/texlive/2025/texmf-dist/tex/generic/pgf/modules/pgfmoduleplot.code.tex
File: pgfmoduleplot.code.tex 2025-08-29 v3.1.11a (3.1.11a)
)
(c:/texlive/2025/texmf-dist/tex/latex/pgf/compatibility/pgfcomp-version-0-65.st
y
Package: pgfcomp-version-0-65 2025-08-29 v3.1.11a (3.1.11a)
\pgf@nodesepstart=\dimen264
\pgf@nodesepend=\dimen265
)
(c:/texlive/2025/texmf-dist/tex/latex/pgf/compatibility/pgfcomp-version-1-18.st
y
Package: pgfcomp-version-1-18 2025-08-29 v3.1.11a (3.1.11a)
)) (c:/texlive/2025/texmf-dist/tex/latex/pgf/utilities/pgffor.sty
(c:/texlive/2025/texmf-dist/tex/latex/pgf/utilities/pgfkeys.sty
(c:/texlive/2025/texmf-dist/tex/generic/pgf/utilities/pgfkeys.code.tex))
(c:/texlive/2025/texmf-dist/tex/latex/pgf/math/pgfmath.sty
(c:/texlive/2025/texmf-dist/tex/generic/pgf/math/pgfmath.code.tex))
(c:/texlive/2025/texmf-dist/tex/generic/pgf/utilities/pgffor.code.tex
Package: pgffor 2025-08-29 v3.1.11a (3.1.11a)
\pgffor@iter=\dimen266
\pgffor@skip=\dimen267
\pgffor@stack=\toks35
\pgffor@toks=\toks36
))
(c:/texlive/2025/texmf-dist/tex/generic/pgf/frontendlayer/tikz/tikz.code.tex
Package: tikz 2025-08-29 v3.1.11a (3.1.11a)

(c:/texlive/2025/texmf-dist/tex/generic/pgf/libraries/pgflibraryplothandlers.co
de.tex
File: pgflibraryplothandlers.code.tex 2025-08-29 v3.1.11a (3.1.11a)
\pgf@plot@mark@count=\count325
\pgfplotmarksize=\dimen268
)
\tikz@lastx=\dimen269
\tikz@lasty=\dimen270
\tikz@lastxsaved=\dimen271
\tikz@lastysaved=\dimen272
\tikz@lastmovetox=\dimen273
\tikz@lastmovetoy=\dimen274
\tikzleveldistance=\dimen275
\tikzsiblingdistance=\dimen276
\tikz@figbox=\box108
\tikz@figbox@bg=\box109
\tikz@tempbox=\box110
\tikz@tempbox@bg=\box111
\tikztreelevel=\count326
\tikznumberofchildren=\count327
\tikznumberofcurrentchild=\count328
\tikz@fig@count=\count329

(c:/texlive/2025/texmf-dist/tex/generic/pgf/modules/pgfmodulematrix.code.tex
File: pgfmodulematrix.code.tex 2025-08-29 v3.1.11a (3.1.11a)
\pgfmatrixcurrentrow=\count330
\pgfmatrixcurrentcolumn=\count331
\pgf@matrix@numberofcolumns=\count332
)
\tikz@expandcount=\count333

(c:/texlive/2025/texmf-dist/tex/generic/pgf/frontendlayer/tikz/libraries/tikzli
brarytopaths.code.tex
File: tikzlibrarytopaths.code.tex 2025-08-29 v3.1.11a (3.1.11a)
)))
(c:/texlive/2025/texmf-dist/tex/generic/pgf/frontendlayer/tikz/libraries/tikzli
braryshapes.symbols.code.tex
File: tikzlibraryshapes.symbols.code.tex 2025-08-29 v3.1.11a (3.1.11a)

(c:/texlive/2025/texmf-dist/tex/generic/pgf/libraries/shapes/pgflibraryshapes.s
ymbols.code.tex
File: pgflibraryshapes.symbols.code.tex 2025-08-29 v3.1.11a (3.1.11a)
))
(c:/texlive/2025/texmf-dist/tex/generic/pgf/libraries/pgflibraryarrows.meta.cod
e.tex
File: pgflibraryarrows.meta.code.tex 2025-08-29 v3.1.11a (3.1.11a)
\pgfarrowinset=\dimen277
\pgfarrowlength=\dimen278
\pgfarrowwidth=\dimen279
\pgfarrowlinewidth=\dimen280
) (c:/texlive/2025/texmf-dist/tex/lualatex/luacode/luacode.sty
Package: luacode 2012/01/23 v1.2a lua-in-tex helpers (mpg)

(c:/texlive/2025/texmf-dist/tex/generic/iftex/ifluatex.sty
Package: ifluatex 2019/10/25 v1.5 ifluatex legacy package. Use iftex instead.

(c:/texlive/2025/texmf-dist/tex/generic/iftex/iftex.sty
Package: iftex 2024/12/12 v1.0g TeX engine tests
))
(c:/texlive/2025/texmf-dist/tex/luatex/luatexbase/luatexbase.sty
Package: luatexbase 2015/10/04 v1.3 luatexbase interface to LuaTeX 

(c:/texlive/2025/texmf-dist/tex/luatex/ctablestack/ctablestack.sty
Package: ctablestack 2015/10/01 v1.0 Catcode table stable support
\@catcodetablestackcnt=\count334
)
\CatcodeTableOther=\catcodetable14
\CatcodeTableExpl=\catcodetable15
)
\luacode@lines=\toks37
\luacode@table@soft=\catcodetable16
)
(c:/texlive/2025/texmf-dist/tex/latex/siunitx/siunitx.sty
Package: siunitx 2025-07-09 v3.4.14 A comprehensive (SI) units package
\l__siunitx_number_uncert_offset_int=\count335
\l__siunitx_number_exponent_fixed_int=\count336
\l__siunitx_number_min_decimal_int=\count337
\l__siunitx_number_min_integer_int=\count338
\l__siunitx_number_round_precision_int=\count339
\l__siunitx_number_lower_threshold_int=\count340
\l__siunitx_number_upper_threshold_int=\count341
\l__siunitx_number_group_first_int=\count342
\l__siunitx_number_group_size_int=\count343
\l__siunitx_number_group_minimum_int=\count344
\l__siunitx_angle_tmp_dim=\dimen281
\l__siunitx_angle_marker_box=\box112
\l__siunitx_angle_unit_box=\box113
\l__siunitx_compound_count_int=\count345

(c:/texlive/2025/texmf-dist/tex/latex/translations/translations.sty
Package: translations 2022/02/05 v1.12 internationalization of LaTeX2e packages
 (CN)

(c:/texlive/2025/texmf-dist/tex/latex/etoolbox/etoolbox.sty
Package: etoolbox 2025/10/02 v2.5m e-TeX tools for LaTeX (JAW)
\etb@tempcnta=\count346
)
(c:/texlive/2025/texmf-dist/tex/generic/pdftexcmds/pdftexcmds.sty
Package: pdftexcmds 2020-06-27 v0.33 Utility functions of pdfTeX for LuaTeX (HO
)

(c:/texlive/2025/texmf-dist/tex/generic/infwarerr/infwarerr.sty
Package: infwarerr 2019/12/03 v1.5 Providing info/warning/error messages (HO)
)
(c:/texlive/2025/texmf-dist/tex/generic/ltxcmds/ltxcmds.sty
Package: ltxcmds 2023-12-04 v1.26 LaTeX kernel commands for general use (HO)
)
Package pdftexcmds Info: \pdf@primitive is available.
Package pdftexcmds Info: \pdf@ifprimitive is available.
Package pdftexcmds Info: \pdfdraftmode found.
\pdftexcmds@toks=\toks38
))
\l__siunitx_table_tmp_box=\box114
\l__siunitx_table_tmp_dim=\dimen282
\l__siunitx_table_column_width_dim=\dimen283
\l__siunitx_table_integer_box=\box115
\l__siunitx_table_decimal_box=\box116
\l__siunitx_table_uncert_box=\box117
\l__siunitx_table_before_box=\box118
\l__siunitx_table_after_box=\box119
\l__siunitx_table_before_dim=\dimen284
\l__siunitx_table_carry_dim=\dimen285
\l__siunitx_unit_tmp_int=\count347
\l__siunitx_unit_position_int=\count348
\l__siunitx_unit_total_int=\count349

(c:/texlive/2025/texmf-dist/tex/latex/tools/array.sty
Package: array 2025/09/25 v2.6n Tabular extension package (FMi)
\col@sep=\dimen286
\ar@mcellbox=\box120
\extrarowheight=\dimen287
\NC@list=\toks39
\extratabsurround=\skip58
\backup@length=\skip59
\ar@cellbox=\box121
))
(c:/texlive/2025/texmf-dist/tex/latex/float/float.sty
Package: float 2001/11/08 v1.3d Float enhancements (AL)
\c@float@type=\count350
\float@exts=\toks40
\float@box=\box122
\@float@everytoks=\toks41
\@floatcapt=\box123
)
(c:/texlive/2025/texmf-dist/tex/latex/tabularray/tabularray.sty
Package: tabularray 2025-11-27 v2025C Typeset tabulars and arrays with LaTeX3

(c:/texlive/2025/texmf-dist/tex/latex/ninecolors/ninecolors.sty
Package: ninecolors 2022-02-13 v2022D Select colors with proper color contrast
)
\g__tblr_nohyper_int=\count351
\l__tblr_a_int=\count352
\l__tblr_c_int=\count353
\l__tblr_r_int=\count354
\l__tblr_d_dim=\dimen288
\l__tblr_h_dim=\dimen289
\l__tblr_o_dim=\dimen290
\l__tblr_p_dim=\dimen291
\l__tblr_q_dim=\dimen292
\l__tblr_r_dim=\dimen293
\l__tblr_s_dim=\dimen294
\l__tblr_t_dim=\dimen295
\l__tblr_v_dim=\dimen296
\l__tblr_w_dim=\dimen297
\l__tblr_a_box=\box124
\l__tblr_b_box=\box125
\l__tblr_c_box=\box126
\l__tblr_d_box=\box127
\c@tblrcount=\count355
\c@rownum=\count356
\c@colnum=\count357
\c@rowcount=\count358
\c@colcount=\count359
\abovesep=\dimen298
\belowsep=\dimen299
\leftsep=\dimen300
\rightsep=\dimen301
\gTblrLevelInt=\count360
\g__tblr_data_row_key_count_int=\count361
\g__tblr_data_column_key_count_int=\count362
\g__tblr_data_cell_key_count_int=\count363
\g__tblr_array_int=\count364
\l__tblr_key_count_int=\count365
\l__tblr_key_quotient_int=\count366
\l__tblr_key_quotient_two_int=\count367
\l__tblr_key_remainder_int=\count368
\g__tblr_data_str_value_count_int=\count369
\lTblrChildTotalInt=\count370
\lTblrChildHtotalInt=\count371
\lTblrChildVtotalInt=\count372
\l__child_diff_h_int=\count373
\l__child_diff_v_int=\count374
\l__child_sign_h_int=\count375
\l__child_sign_v_int=\count376
\l__child_step_int=\count377
\lTblrDefaultHruleWidthDim=\dimen302
\lTblrDefaultVruleWidthDim=\dimen303
\l__tblr_split_balance_int=\count378
\l__tblr_strut_dp_dim=\dimen304
\l__tblr_strut_ht_dim=\dimen305
\g__tblr_cell_wd_dim=\dimen306
\g__tblr_cell_ht_dim=\dimen307
\g__tblr_cell_head_dim=\dimen308
\g__tblr_cell_foot_dim=\dimen309
\l__tblr_measured_cell_box=\box128
\g__tblr_last_box=\box129
\l__tblr_temp_box=\box130
\l__tblr_column_target_dim=\dimen310
\l__tblr_hfuzz_dim=\dimen311
\l__tblr_caption_box=\box131
\l__tblr_caption_left_box=\box132
\lTblrRowHeadInt=\count379
\lTblrRowFootInt=\count380
\l__tblr_row_head_box=\box133
\l__tblr_row_foot_box=\box134
\l__tblr_row_head_foot_dim=\dimen312
\lTblrTableWidthDim=\dimen313
\l__tblr_table_firsthead_box=\box135
\l__tblr_table_middlehead_box=\box136
\l__tblr_table_lasthead_box=\box137
\l__tblr_table_firstfoot_box=\box138
\l__tblr_table_middlefoot_box=\box139
\l__tblr_table_lastfoot_box=\box140
\l__tblr_remain_height_dim=\dimen314
\l__tblr_next_rows_dim=\dimen315
\l__tblr_page_overfill_dim=\dimen316
\l__tblr_long_from_int=\count381
\l__tblr_long_to_int=\count382
\l__tblr_curr_i_int=\count383
\l__tblr_prev_i_int=\count384
\lTblrTablePageInt=\count385
\l__tblr_table_head_box=\box141
\l__tblr_table_foot_box=\box142
\l__tblr_table_head_foot_dim=\dimen317
\l__tblr_table_head_body_foot_dim=\dimen318
\l__tblr_table_box=\box143
\lTblrRowFirstInt=\count386
\lTblrRowLastInt=\count387
\l__tblr_cover_box_a_dim=\dimen319
\l__tblr_cover_box_b_dim=\dimen320
\l__tblr_table_hlines_box=\box144
\l__tblr_hline_box=\box145
\l__tblr_row_box=\box146
\l__tblr_col_o_wd_dim=\dimen321
\l__tblr_col_b_wd_dim=\dimen322
\l__tblr_hline_leftskip_dim=\dimen323
\l__tblr_hline_rightskip_dim=\dimen324
\l__tblr_row_ht_dim=\dimen325
\l__tblr_row_dp_dim=\dimen326
\l__tblr_row_abovesep_dim=\dimen327
\l__tblr_row_belowsep_dim=\dimen328
\l__tblr_row_vlines_box=\box147
\l__tblr_vline_box=\box148
\l__tblr_cell_box=\box149
\l__tblr_row_upper_dim=\dimen329
\l__tblr_row_lower_dim=\dimen330
\l__tblr_row_vpace_dim=\dimen331
\l__tblr_vline_aboveskip_dim=\dimen332
\l__tblr_vline_belowskip_dim=\dimen333
\lTblrCellRowSpanInt=\count388
\lTblrCellColSpanInt=\count389
\l__tblr_cell_wd_dim=\dimen334
\l__tblr_cell_ht_dim=\dimen335
\lTblrCellAboveBorderWidthDim=\dimen336
\lTblrCellBelowBorderWidthDim=\dimen337
\lTblrCellLeftBorderWidthDim=\dimen338
\lTblrCellRightBorderWidthDim=\dimen339
\l__tblr_diag_box=\box150
\l__tblr_cell_inner_wd_dim=\dimen340
\l__tblr_cell_inner_dp_dim=\dimen341
\l__tblr_cell_hanchor_dim=\dimen342
\l__tblr_last_cell_table_ht_dim=\dimen343
\l__tblr_last_cell_table_dp_dim=\dimen344
\l__tblr_last_vline_wd_dim=\dimen345
\l__tblr_tikz_node_box=\box151
)
(c:/Users/paulz/texmf/tex/latex/numodel-bundle/numodel-plot/numodel-plot.sty
Package: numodel-plot 2026/05/26 v0.6.0 Auto-sizing PGFPlots engine

(c:/texlive/2025/texmf-dist/tex/latex/pgfplots/pgfplots.sty
(c:/texlive/2025/texmf-dist/tex/generic/pgfplots/pgfplots.revision.tex)
Package: pgfplots 2025/08/14 v1.18.2 Data Visualization (1.18.2)

(c:/texlive/2025/texmf-dist/tex/generic/pgfplots/pgfplots.code.tex
(c:/texlive/2025/texmf-dist/tex/generic/pgfplots/pgfplotscore.code.tex
Package pgfplots info on input line 124: Initializing with LUA version Lua 5.3
\pgfplots@luabackend@table=\catcodetable17
\t@pgfplots@toka=\toks42
\t@pgfplots@tokb=\toks43
\t@pgfplots@tokc=\toks44
\pgfplots@tmpa=\dimen346
\c@pgfplots@coordindex=\count390
\c@pgfplots@scanlineindex=\count391

(c:/texlive/2025/texmf-dist/tex/generic/pgfplots/sys/pgfplotssysgeneric.code.te
x))
(c:/texlive/2025/texmf-dist/tex/generic/pgfplots/libs/pgfplotslibrary.code.tex)
(c:/texlive/2025/texmf-dist/tex/generic/pgfplots/oldpgfcompatib/pgfplotsoldpgfs
upp_loader.code.tex
(c:/texlive/2025/texmf-dist/tex/generic/pgf/libraries/pgflibraryfpu.code.tex)
(c:/texlive/2025/texmf-dist/tex/generic/pgfplots/oldpgfcompatib/pgfplotsoldpgfs
upp_pgfutil-common-lists.tex)
(c:/texlive/2025/texmf-dist/tex/generic/pgf/libraries/luamath/pgflibraryluamath
.code.tex)
Package pgfplots info on input line 292: luamath library shipped with pgf 3.1.1
1a is up-to-date
)
(c:/texlive/2025/texmf-dist/tex/generic/pgfplots/util/pgfplotsutil.code.tex
Package pgfplots info on input line 82: Found new luatex: initializing lua comm
ands instead of write18 (shell-escape)

(c:/texlive/2025/texmf-dist/tex/generic/pgfplots/liststructure/pgfplotsliststru
cture.code.tex)
(c:/texlive/2025/texmf-dist/tex/generic/pgfplots/liststructure/pgfplotsliststru
ctureext.code.tex)
(c:/texlive/2025/texmf-dist/tex/generic/pgfplots/liststructure/pgfplotsarray.co
de.tex
\c@pgfplotsarray@tmp=\count392
)
(c:/texlive/2025/texmf-dist/tex/generic/pgfplots/liststructure/pgfplotsmatrix.c
ode.tex)
(c:/texlive/2025/texmf-dist/tex/generic/pgfplots/numtable/pgfplotstableshared.c
ode.tex
\c@pgfplotstable@counta=\count393
\t@pgfplotstable@a=\toks45
)
(c:/texlive/2025/texmf-dist/tex/generic/pgfplots/liststructure/pgfplotsdeque.co
de.tex)
(c:/texlive/2025/texmf-dist/tex/generic/pgfplots/util/pgfplotsbinary.code.tex
(c:/texlive/2025/texmf-dist/tex/generic/pgfplots/util/pgfplotsbinary.data.code.
tex))
(c:/texlive/2025/texmf-dist/tex/generic/pgfplots/util/pgfplotsutil.verb.code.te
x)
(c:/texlive/2025/texmf-dist/tex/generic/pgfplots/libs/pgflibrarypgfplots.surfsh
ading.code.tex
\c@pgfplotslibrarysurf@no=\count394

(c:/texlive/2025/texmf-dist/tex/generic/pgfplots/sys/pgflibrarypgfplots.surfsha
ding.pgfsys-luatex.def)))
(c:/texlive/2025/texmf-dist/tex/generic/pgfplots/util/pgfplotscolormap.code.tex
(c:/texlive/2025/texmf-dist/tex/generic/pgfplots/util/pgfplotscolor.code.tex))
(c:/texlive/2025/texmf-dist/tex/generic/pgfplots/pgfplotsstackedplots.code.tex) (c:/texlive/2025/texmf-dist/tex/generic/pgfplots/pgfplotsplothandlers.code.tex
(c:/texlive/2025/texmf-dist/tex/generic/pgfplots/pgfplotsmeshplothandler.code.t
ex
(c:/texlive/2025/texmf-dist/tex/generic/pgfplots/pgfplotsmeshplotimage.code.tex
))) (c:/texlive/2025/texmf-dist/tex/generic/pgfplots/pgfplots.scaling.code.tex)
(c:/texlive/2025/texmf-dist/tex/generic/pgfplots/pgfplotscoordprocessing.code.t
ex)
(c:/texlive/2025/texmf-dist/tex/generic/pgfplots/pgfplots.errorbars.code.tex)
(c:/texlive/2025/texmf-dist/tex/generic/pgfplots/pgfplots.markers.code.tex)
(c:/texlive/2025/texmf-dist/tex/generic/pgfplots/pgfplotsticks.code.tex)
(c:/texlive/2025/texmf-dist/tex/generic/pgfplots/pgfplots.paths.code.tex)
(c:/texlive/2025/texmf-dist/tex/generic/pgf/frontendlayer/tikz/libraries/tikzli
brarydecorations.code.tex
(c:/texlive/2025/texmf-dist/tex/generic/pgf/modules/pgfmoduledecorations.code.t
ex
\pgfdecoratedcompleteddistance=\dimen347
\pgfdecoratedremainingdistance=\dimen348
\pgfdecoratedinputsegmentcompleteddistance=\dimen349
\pgfdecoratedinputsegmentremainingdistance=\dimen350
\pgf@decorate@distancetomove=\dimen351
\pgf@decorate@repeatstate=\count395
\pgfdecorationsegmentamplitude=\dimen352
\pgfdecorationsegmentlength=\dimen353
)
\tikz@lib@dec@box=\box152
)
(c:/texlive/2025/texmf-dist/tex/generic/pgf/frontendlayer/tikz/libraries/tikzli
brarydecorations.pathmorphing.code.tex
(c:/texlive/2025/texmf-dist/tex/generic/pgf/libraries/decorations/pgflibrarydec
orations.pathmorphing.code.tex))
(c:/texlive/2025/texmf-dist/tex/generic/pgf/frontendlayer/tikz/libraries/tikzli
brarydecorations.pathreplacing.code.tex
(c:/texlive/2025/texmf-dist/tex/generic/pgf/libraries/decorations/pgflibrarydec
orations.pathreplacing.code.tex))
(c:/texlive/2025/texmf-dist/tex/generic/pgfplots/libs/tikzlibrarypgfplots.conto
urlua.code.tex)
\pgfplots@numplots=\count396
\pgfplots@xmin@reg=\dimen354
\pgfplots@xmax@reg=\dimen355
\pgfplots@ymin@reg=\dimen356
\pgfplots@ymax@reg=\dimen357
\pgfplots@zmin@reg=\dimen358
\pgfplots@zmax@reg=\dimen359
)
(c:/texlive/2025/texmf-dist/tex/generic/pgf/frontendlayer/tikz/libraries/tikzli
braryplotmarks.code.tex
File: tikzlibraryplotmarks.code.tex 2025-08-29 v3.1.11a (3.1.11a)

(c:/texlive/2025/texmf-dist/tex/generic/pgf/libraries/pgflibraryplotmarks.code.
tex
File: pgflibraryplotmarks.code.tex 2025-08-29 v3.1.11a (3.1.11a)
)))
(c:/texlive/2025/texmf-dist/tex/generic/pgfplots/libs/tikzlibrarypgfplots.fillb
etween.code.tex
(c:/texlive/2025/texmf-dist/tex/generic/pgfplots/pgfcontrib/tikzlibraryfillbetw
een.code.tex
(c:/texlive/2025/texmf-dist/tex/generic/pgf/frontendlayer/tikz/libraries/tikzli
braryintersections.code.tex
(c:/texlive/2025/texmf-dist/tex/generic/pgf/libraries/pgflibraryintersections.c
ode.tex
\pgf@intersect@solutions=\count397
))
(c:/texlive/2025/texmf-dist/tex/generic/pgfplots/pgfcontrib/tikzlibrarydecorati
ons.softclip.code.tex
(c:/texlive/2025/texmf-dist/tex/generic/pgfplots/pgfcontrib/pgflibraryfillbetwe
en.code.tex)))
(c:/texlive/2025/texmf-dist/tex/generic/pgfplots/libs/tikzlibrarypgfplots.decor
ations.softclip.code.tex)))
\g_mrule_counter_int=\count398
\g_numodel_steps_int=\count399
\g_numodel_maxiter_int=\count400
\g_numodel_gridmaxx_int=\count401
 (./numodel-EN.def
File: numodel-EN.def 2026/05/26 v0.6.0 numodel keyword table -- English (XMILE)

)
\l__numodel_row_int=\count402
\l__numodel_dispnum_int=\count403
\l__numodel_startrow_int=\count404
\l__numodel_numrules_int=\count405
\l__numodel_numstarts_int=\count406
\l__numodel_yidx_int=\count407
)
(c:/texlive/2025/texmf-dist/tex/latex/geometry/geometry.sty
Package: geometry 2026/03/07 v6.0 Page Geometry

(c:/texlive/2025/texmf-dist/tex/generic/iftex/ifvtex.sty
Package: ifvtex 2019/10/25 v1.7 ifvtex legacy package. Use iftex instead.
)
\Gm@cnth=\count408
\Gm@cntv=\count409
\c@Gm@tempcnt=\count410
\Gm@bindingoffset=\dimen360
\Gm@wd@mp=\dimen361
\Gm@odd@mp=\dimen362
\Gm@even@mp=\dimen363
\Gm@layoutwidth=\dimen364
\Gm@layoutheight=\dimen365
\Gm@layouthoffset=\dimen366
\Gm@layoutvoffset=\dimen367
\Gm@dimlist=\toks46
)
(c:/texlive/2025/texmf-dist/tex/latex/booktabs/booktabs.sty
Package: booktabs 2020/01/12 v1.61803398 Publication quality tables
\heavyrulewidth=\dimen368
\lightrulewidth=\dimen369
\cmidrulewidth=\dimen370
\belowrulesep=\dimen371
\belowbottomsep=\dimen372
\aboverulesep=\dimen373
\abovetopsep=\dimen374
\cmidrulesep=\dimen375
\cmidrulekern=\dimen376
\defaultaddspace=\dimen377
\@cmidla=\count411
\@cmidlb=\count412
\@aboverulesep=\dimen378
\@belowrulesep=\dimen379
\@thisruleclass=\count413
\@lastruleclass=\count414
\@thisrulewidth=\dimen380
)
\@indexfile=\write4

\openout4 = numodel-manual.idx

Writing index file numodel-manual.idx
(c:/texlive/2025/texmf-dist/tex/latex/fontspec/fontspec.sty
Package: fontspec 2025/09/29 v2.9g Font selection for XeLaTeX and LuaLaTeX
Lua module: fontspec 2025/09/29 v2.9g Font selection for XeLaTeX and LuaLaTeX
(c:/texlive/2025/texmf-dist/tex/latex/fontspec/fontspec-luatex.sty
Package: fontspec-luatex 2025/09/29 v2.9g Font selection for XeLaTeX and LuaLaT
eX
\l__fontspec_script_int=\count415
\l__fontspec_language_int=\count416
\l__fontspec_strnum_int=\count417
\l__fontspec_tmp_int=\count418
\l__fontspec_tmpa_int=\count419
\l__fontspec_tmpb_int=\count420
\l__fontspec_tmpc_int=\count421
\l__fontspec_em_int=\count422
\l__fontspec_emdef_int=\count423
\l__fontspec_strong_int=\count424
\l__fontspec_strongdef_int=\count425
\l__fontspec_tmpa_dim=\dimen381
\l__fontspec_tmpb_dim=\dimen382
\l__fontspec_tmpc_dim=\dimen383

(c:/texlive/2025/texmf-dist/tex/latex/base/fontenc.sty
Package: fontenc 2025/07/18 v2.1d Standard LaTeX package
)
(c:/texlive/2025/texmf-dist/tex/latex/fontspec/fontspec.cfg)))
luaotfload | cache : Lookup cache loaded from C:/Users/paulz/.texlive2026/texmf-
var/luatex-cache/generic/names/luaotfload-lookup-cache.luc.

Package fontspec Info: 
(fontspec)             Font family 'Arial(0)' created for font 'Arial' with
(fontspec)             options [Ligatures=TeX].
(fontspec)              
(fontspec)              This font family consists of the following NFSS
(fontspec)             series/shapes:
(fontspec)              
(fontspec)             - 'normal' (m/n) with NFSS spec.:
(fontspec)             <->"name:Arial:mode=node;script=latn;language=dflt;+tlig
;"
(fontspec)             - 'small caps'  (m/sc) with NFSS spec.:
(fontspec)             <->"name:Arial:mode=node;script=latn;language=dflt;+tlig
;+smcp;"
(fontspec)             - 'bold' (b/n) with NFSS spec.:
(fontspec)             <->"name:Arial/B:mode=node;script=latn;language=dflt;+tl
ig;"
(fontspec)             - 'bold small caps'  (b/sc) with NFSS spec.:
(fontspec)             <->"name:Arial/B:mode=node;script=latn;language=dflt;+tl
ig;+smcp;"
(fontspec)             - 'italic' (m/it) with NFSS spec.:
(fontspec)             <->"name:Arial/I:mode=node;script=latn;language=dflt;+tl
ig;"
(fontspec)             - 'bold italic' (b/it) with NFSS spec.:
(fontspec)             <->"name:Arial/BI:mode=node;script=latn;language=dflt;+t
lig;"


(c:/texlive/2025/texmf-dist/tex/latex/unicode-math/unicode-math.sty
Package: unicode-math 2023/08/13 v0.8r Unicode maths in XeLaTeX and LuaLaTeX

(c:/texlive/2025/texmf-dist/tex/latex/unicode-math/unicode-math-luatex.sty
Package: unicode-math-luatex 2023/08/13 v0.8r Unicode maths in XeLaTeX and LuaL
aTeX

(c:/texlive/2025/texmf-dist/tex/latex/base/fix-cm.sty
Package: fix-cm 2020/11/24 v1.1t fixes to LaTeX

(c:/texlive/2025/texmf-dist/tex/latex/base/ts1enc.def
File: ts1enc.def 2001/06/05 v3.0e (jk/car/fm) Standard LaTeX file
LaTeX Font Info:    Redeclaring font encoding TS1 on input line 47.
LaTeX Encoding Info:    Redeclaring text command \capitalcedilla (encoding TS1)
 on input line 49.
LaTeX Encoding Info:    Redeclaring text command \capitalogonek (encoding TS1) 
on input line 52.
LaTeX Encoding Info:    Redeclaring text command \capitalgrave (encoding TS1) o
n input line 55.
LaTeX Encoding Info:    Redeclaring text command \capitalacute (encoding TS1) o
n input line 56.
LaTeX Encoding Info:    Redeclaring text command \capitalcircumflex (encoding T
S1) on input line 57.
LaTeX Encoding Info:    Redeclaring text command \capitaltilde (encoding TS1) o
n input line 58.
LaTeX Encoding Info:    Redeclaring text command \capitaldieresis (encoding TS1
) on input line 59.
LaTeX Encoding Info:    Redeclaring text command \capitalhungarumlaut (encoding
 TS1) on input line 60.
LaTeX Encoding Info:    Redeclaring text command \capitalring (encoding TS1) on
 input line 61.
LaTeX Encoding Info:    Redeclaring text command \capitalcaron (encoding TS1) o
n input line 62.
LaTeX Encoding Info:    Redeclaring text command \capitalbreve (encoding TS1) o
n input line 63.
LaTeX Encoding Info:    Redeclaring text command \capitalmacron (encoding TS1) 
on input line 64.
LaTeX Encoding Info:    Redeclaring text command \capitaldotaccent (encoding TS
1) on input line 65.
LaTeX Encoding Info:    Redeclaring text command \t (encoding TS1) on input lin
e 66.
LaTeX Encoding Info:    Redeclaring text command \capitaltie (encoding TS1) on 
input line 67.
LaTeX Encoding Info:    Redeclaring text command \newtie (encoding TS1) on inpu
t line 68.
LaTeX Encoding Info:    Redeclaring text command \capitalnewtie (encoding TS1) 
on input line 69.
LaTeX Encoding Info:    Redeclaring text symbol \textcapitalcompwordmark (encod
ing TS1) on input line 70.
LaTeX Encoding Info:    Redeclaring text symbol \textascendercompwordmark (enco
ding TS1) on input line 71.
LaTeX Encoding Info:    Redeclaring text symbol \textquotestraightbase (encodin
g TS1) on input line 72.
LaTeX Encoding Info:    Redeclaring text symbol \textquotestraightdblbase (enco
ding TS1) on input line 73.
LaTeX Encoding Info:    Redeclaring text symbol \texttwelveudash (encoding TS1)
 on input line 74.
LaTeX Encoding Info:    Redeclaring text symbol \textthreequartersemdash (encod
ing TS1) on input line 75.
LaTeX Encoding Info:    Redeclaring text symbol \textleftarrow (encoding TS1) o
n input line 76.
LaTeX Encoding Info:    Redeclaring text symbol \textrightarrow (encoding TS1) 
on input line 77.
LaTeX Encoding Info:    Redeclaring text symbol \textblank (encoding TS1) on in
put line 78.
LaTeX Encoding Info:    Redeclaring text symbol \textdollar (encoding TS1) on i
nput line 79.
LaTeX Encoding Info:    Redeclaring text symbol \textquotesingle (encoding TS1)
 on input line 80.
LaTeX Encoding Info:    Redeclaring text command \textasteriskcentered (encodin
g TS1) on input line 81.
LaTeX Encoding Info:    Redeclaring text symbol \textdblhyphen (encoding TS1) o
n input line 92.
LaTeX Encoding Info:    Redeclaring text symbol \textfractionsolidus (encoding 
TS1) on input line 93.
LaTeX Encoding Info:    Redeclaring text symbol \textzerooldstyle (encoding TS1
) on input line 94.
LaTeX Encoding Info:    Redeclaring text symbol \textoneoldstyle (encoding TS1)
 on input line 95.
LaTeX Encoding Info:    Redeclaring text symbol \texttwooldstyle (encoding TS1)
 on input line 96.
LaTeX Encoding Info:    Redeclaring text symbol \textthreeoldstyle (encoding TS
1) on input line 97.
LaTeX Encoding Info:    Redeclaring text symbol \textfouroldstyle (encoding TS1
) on input line 98.
LaTeX Encoding Info:    Redeclaring text symbol \textfiveoldstyle (encoding TS1
) on input line 99.
LaTeX Encoding Info:    Redeclaring text symbol \textsixoldstyle (encoding TS1)
 on input line 100.
LaTeX Encoding Info:    Redeclaring text symbol \textsevenoldstyle (encoding TS
1) on input line 101.
LaTeX Encoding Info:    Redeclaring text symbol \texteightoldstyle (encoding TS
1) on input line 102.
LaTeX Encoding Info:    Redeclaring text symbol \textnineoldstyle (encoding TS1
) on input line 103.
LaTeX Encoding Info:    Redeclaring text symbol \textlangle (encoding TS1) on i
nput line 104.
LaTeX Encoding Info:    Redeclaring text symbol \textminus (encoding TS1) on in
put line 105.
LaTeX Encoding Info:    Redeclaring text symbol \textrangle (encoding TS1) on i
nput line 106.
LaTeX Encoding Info:    Redeclaring text symbol \textmho (encoding TS1) on inpu
t line 107.
LaTeX Encoding Info:    Redeclaring text symbol \textbigcircle (encoding TS1) o
n input line 108.
LaTeX Encoding Info:    Redeclaring text command \textcircled (encoding TS1) on
 input line 109.
LaTeX Encoding Info:    Redeclaring text symbol \textohm (encoding TS1) on inpu
t line 115.
LaTeX Encoding Info:    Redeclaring text symbol \textlbrackdbl (encoding TS1) o
n input line 116.
LaTeX Encoding Info:    Redeclaring text symbol \textrbrackdbl (encoding TS1) o
n input line 117.
LaTeX Encoding Info:    Redeclaring text symbol \textuparrow (encoding TS1) on 
input line 118.
LaTeX Encoding Info:    Redeclaring text symbol \textdownarrow (encoding TS1) o
n input line 119.
LaTeX Encoding Info:    Redeclaring text symbol \textasciigrave (encoding TS1) 
on input line 120.
LaTeX Encoding Info:    Redeclaring text symbol \textborn (encoding TS1) on inp
ut line 121.
LaTeX Encoding Info:    Redeclaring text symbol \textdivorced (encoding TS1) on
 input line 122.
LaTeX Encoding Info:    Redeclaring text symbol \textdied (encoding TS1) on inp
ut line 123.
LaTeX Encoding Info:    Redeclaring text symbol \textleaf (encoding TS1) on inp
ut line 124.
LaTeX Encoding Info:    Redeclaring text symbol \textmarried (encoding TS1) on 
input line 125.
LaTeX Encoding Info:    Redeclaring text symbol \textmusicalnote (encoding TS1)
 on input line 126.
LaTeX Encoding Info:    Redeclaring text symbol \texttildelow (encoding TS1) on
 input line 127.
LaTeX Encoding Info:    Redeclaring text symbol \textdblhyphenchar (encoding TS
1) on input line 128.
LaTeX Encoding Info:    Redeclaring text symbol \textasciibreve (encoding TS1) 
on input line 129.
LaTeX Encoding Info:    Redeclaring text symbol \textasciicaron (encoding TS1) 
on input line 130.
LaTeX Encoding Info:    Redeclaring text symbol \textacutedbl (encoding TS1) on
 input line 131.
LaTeX Encoding Info:    Redeclaring text symbol \textgravedbl (encoding TS1) on
 input line 132.
LaTeX Encoding Info:    Redeclaring text symbol \textdagger (encoding TS1) on i
nput line 133.
LaTeX Encoding Info:    Redeclaring text symbol \textdaggerdbl (encoding TS1) o
n input line 134.
LaTeX Encoding Info:    Redeclaring text symbol \textbardbl (encoding TS1) on i
nput line 135.
LaTeX Encoding Info:    Redeclaring text symbol \textperthousand (encoding TS1)
 on input line 136.
LaTeX Encoding Info:    Redeclaring text symbol \textbullet (encoding TS1) on i
nput line 137.
LaTeX Encoding Info:    Redeclaring text symbol \textcelsius (encoding TS1) on 
input line 138.
LaTeX Encoding Info:    Redeclaring text symbol \textdollaroldstyle (encoding T
S1) on input line 139.
LaTeX Encoding Info:    Redeclaring text symbol \textcentoldstyle (encoding TS1
) on input line 140.
LaTeX Encoding Info:    Redeclaring text symbol \textflorin (encoding TS1) on i
nput line 141.
LaTeX Encoding Info:    Redeclaring text symbol \textcolonmonetary (encoding TS
1) on input line 142.
LaTeX Encoding Info:    Redeclaring text symbol \textwon (encoding TS1) on inpu
t line 143.
LaTeX Encoding Info:    Redeclaring text symbol \textnaira (encoding TS1) on in
put line 144.
LaTeX Encoding Info:    Redeclaring text symbol \textguarani (encoding TS1) on 
input line 145.
LaTeX Encoding Info:    Redeclaring text symbol \textpeso (encoding TS1) on inp
ut line 146.
LaTeX Encoding Info:    Redeclaring text symbol \textlira (encoding TS1) on inp
ut line 147.
LaTeX Encoding Info:    Redeclaring text symbol \textrecipe (encoding TS1) on i
nput line 148.
LaTeX Encoding Info:    Redeclaring text symbol \textinterrobang (encoding TS1)
 on input line 149.
LaTeX Encoding Info:    Redeclaring text symbol \textinterrobangdown (encoding 
TS1) on input line 150.
LaTeX Encoding Info:    Redeclaring text symbol \textdong (encoding TS1) on inp
ut line 151.
LaTeX Encoding Info:    Redeclaring text symbol \texttrademark (encoding TS1) o
n input line 152.
LaTeX Encoding Info:    Redeclaring text symbol \textpertenthousand (encoding T
S1) on input line 153.
LaTeX Encoding Info:    Redeclaring text symbol \textpilcrow (encoding TS1) on 
input line 154.
LaTeX Encoding Info:    Redeclaring text symbol \textbaht (encoding TS1) on inp
ut line 155.
LaTeX Encoding Info:    Redeclaring text symbol \textnumero (encoding TS1) on i
nput line 156.
LaTeX Encoding Info:    Redeclaring text symbol \textdiscount (encoding TS1) on
 input line 157.
LaTeX Encoding Info:    Redeclaring text symbol \textestimated (encoding TS1) o
n input line 158.
LaTeX Encoding Info:    Redeclaring text symbol \textopenbullet (encoding TS1) 
on input line 159.
LaTeX Encoding Info:    Redeclaring text symbol \textservicemark (encoding TS1)
 on input line 160.
LaTeX Encoding Info:    Redeclaring text symbol \textlquill (encoding TS1) on i
nput line 161.
LaTeX Encoding Info:    Redeclaring text symbol \textrquill (encoding TS1) on i
nput line 162.
LaTeX Encoding Info:    Redeclaring text symbol \textcent (encoding TS1) on inp
ut line 163.
LaTeX Encoding Info:    Redeclaring text symbol \textsterling (encoding TS1) on
 input line 164.
LaTeX Encoding Info:    Redeclaring text symbol \textcurrency (encoding TS1) on
 input line 165.
LaTeX Encoding Info:    Redeclaring text symbol \textyen (encoding TS1) on inpu
t line 166.
LaTeX Encoding Info:    Redeclaring text symbol \textbrokenbar (encoding TS1) o
n input line 167.
LaTeX Encoding Info:    Redeclaring text symbol \textsection (encoding TS1) on 
input line 168.
LaTeX Encoding Info:    Redeclaring text symbol \textasciidieresis (encoding TS
1) on input line 169.
LaTeX Encoding Info:    Redeclaring text symbol \textcopyright (encoding TS1) o
n input line 170.
LaTeX Encoding Info:    Redeclaring text symbol \textordfeminine (encoding TS1)
 on input line 171.
LaTeX Encoding Info:    Redeclaring text symbol \textcopyleft (encoding TS1) on
 input line 172.
LaTeX Encoding Info:    Redeclaring text symbol \textlnot (encoding TS1) on inp
ut line 173.
LaTeX Encoding Info:    Redeclaring text symbol \textcircledP (encoding TS1) on
 input line 174.
LaTeX Encoding Info:    Redeclaring text symbol \textregistered (encoding TS1) 
on input line 175.
LaTeX Encoding Info:    Redeclaring text symbol \textasciimacron (encoding TS1)
 on input line 176.
LaTeX Encoding Info:    Redeclaring text symbol \textdegree (encoding TS1) on i
nput line 177.
LaTeX Encoding Info:    Redeclaring text symbol \textpm (encoding TS1) on input
 line 178.
LaTeX Encoding Info:    Redeclaring text symbol \texttwosuperior (encoding TS1)
 on input line 179.
LaTeX Encoding Info:    Redeclaring text symbol \textthreesuperior (encoding TS
1) on input line 180.
LaTeX Encoding Info:    Redeclaring text symbol \textasciiacute (encoding TS1) 
on input line 181.
LaTeX Encoding Info:    Redeclaring text symbol \textmu (encoding TS1) on input
 line 182.
LaTeX Encoding Info:    Redeclaring text symbol \textparagraph (encoding TS1) o
n input line 183.
LaTeX Encoding Info:    Redeclaring text symbol \textperiodcentered (encoding T
S1) on input line 184.
LaTeX Encoding Info:    Redeclaring text symbol \textreferencemark (encoding TS
1) on input line 185.
LaTeX Encoding Info:    Redeclaring text symbol \textonesuperior (encoding TS1)
 on input line 186.
LaTeX Encoding Info:    Redeclaring text symbol \textordmasculine (encoding TS1
) on input line 187.
LaTeX Encoding Info:    Redeclaring text symbol \textsurd (encoding TS1) on inp
ut line 188.
LaTeX Encoding Info:    Redeclaring text symbol \textonequarter (encoding TS1) 
on input line 189.
LaTeX Encoding Info:    Redeclaring text symbol \textonehalf (encoding TS1) on 
input line 190.
LaTeX Encoding Info:    Redeclaring text symbol \textthreequarters (encoding TS
1) on input line 191.
LaTeX Encoding Info:    Redeclaring text symbol \texteuro (encoding TS1) on inp
ut line 192.
LaTeX Encoding Info:    Redeclaring text symbol \texttimes (encoding TS1) on in
put line 193.
LaTeX Encoding Info:    Redeclaring text symbol \textdiv (encoding TS1) on inpu
t line 194.
))
(c:/texlive/2025/texmf-dist/tex/lualatex/lualatex-math/lualatex-math.sty
Package: lualatex-math 2022/01/01 v1.12 Patches for mathematics typesetting wit
h LuaLaTeX
Lua module: lualatex-math 2013/08/03 v1.3 Patches for mathematics typesetting wi
th LuaLaTeX)
\g__um_fam_int=\count426
\g__um_fonts_used_int=\count427
\l__um_primecount_int=\count428
\g__um_primekern_muskip=\muskip18

(c:/texlive/2025/texmf-dist/tex/latex/unicode-math/unicode-math-table.tex)))

Package fontspec Info: 
(fontspec)             Font family 'LeteSansMath(0)' created for font 'Lete
(fontspec)             Sans Math' with options
(fontspec)             [Renderer=Basic,BoldItalicFont={},ItalicFont={},SmallCap
sFont={},Script=Math,RawFeature={mathfontdimen=xetex}].
(fontspec)              
(fontspec)              This font family consists of the following NFSS
(fontspec)             series/shapes:
(fontspec)              
(fontspec)             - 'normal' (m/n) with NFSS spec.: <->"name:Lete Sans
(fontspec)             Math:mode=base;script=math;language=dflt;mathfontdimen=x
etex;"
(fontspec)             - 'bold' (b/n) with NFSS spec.: <->"name:Lete Sans
(fontspec)             Math/B:mode=base;script=math;language=dflt;mathfontdimen
=xetex;"


Package fontspec Info: 
(fontspec)             Font family 'LeteSansMath(1)' created for font 'Lete
(fontspec)             Sans Math' with options
(fontspec)             [Renderer=Basic,BoldItalicFont={},ItalicFont={},SmallCap
sFont={},Script=Math,SizeFeatures={{Size=8.5-},{Size=6.25-8.5,Font=Lete
(fontspec)             Sans Math,Style=MathScript},{Size=-6.25,Font=Lete Sans
(fontspec)             Math,Style=MathScriptScript}},RawFeature={mathfontdimen=
xetex}].
(fontspec)              
(fontspec)              This font family consists of the following NFSS
(fontspec)             series/shapes:
(fontspec)              
(fontspec)             - 'normal' (m/n) with NFSS spec.: <8.5->"name:Lete Sans
(fontspec)             Math:mode=base;script=math;language=dflt;mathfontdimen=x
etex;"<6.25-8.5>"name:Lete
(fontspec)             Sans
(fontspec)             Math:mode=base;script=math;language=dflt;mathfontdimen=x
etex;+ssty=0;"<-6.25>"name:Lete
(fontspec)             Sans
(fontspec)             Math:mode=base;script=math;language=dflt;mathfontdimen=x
etex;+ssty=1;"
(fontspec)             - 'bold' (b/n) with NFSS spec.: <->"name:Lete Sans
(fontspec)             Math/B:mode=base;script=math;language=dflt;mathfontdimen
=xetex;"

LaTeX Font Info:    Encoding `OT1' has changed to `TU' for symbol font
(Font)              `operators' in the math version `normal' on input line 23.
LaTeX Font Info:    Overwriting symbol font `operators' in version `normal'
(Font)                  OT1/cmr/m/n --> TU/LeteSansMath(1)/m/n on input line 23
.
LaTeX Font Info:    Encoding `OT1' has changed to `TU' for symbol font
(Font)              `operators' in the math version `bold' on input line 23.
LaTeX Font Info:    Overwriting symbol font `operators' in version `bold'
(Font)                  OT1/cmr/bx/n --> TU/LeteSansMath(1)/b/n on input line 2
3.

Package fontspec Info: 
(fontspec)             Font family 'LeteSansMath(2)' created for font 'Lete
(fontspec)             Sans Math' with options
(fontspec)             [Renderer=Basic,BoldItalicFont={},ItalicFont={},SmallCap
sFont={},Script=Math,SizeFeatures={{Size=8.5-},{Size=6.25-8.5,Font=Lete
(fontspec)             Sans Math,Style=MathScript},{Size=-6.25,Font=Lete Sans
(fontspec)             Math,Style=MathScriptScript}},RawFeature={mathfontdimen=
xetex},RawFeature={mathfontdimen=tex2}].
(fontspec)              
(fontspec)              This font family consists of the following NFSS
(fontspec)             series/shapes:
(fontspec)              
(fontspec)             - 'normal' (m/n) with NFSS spec.: <8.5->"name:Lete Sans
(fontspec)             Math:mode=base;script=math;language=dflt;mathfontdimen=x
etex;mathfontdimen=tex2;"<6.25-8.5>"name:Lete
(fontspec)             Sans
(fontspec)             Math:mode=base;script=math;language=dflt;mathfontdimen=x
etex;mathfontdimen=tex2;+ssty=0;"<-6.25>"name:Lete
(fontspec)             Sans
(fontspec)             Math:mode=base;script=math;language=dflt;mathfontdimen=x
etex;mathfontdimen=tex2;+ssty=1;"
(fontspec)             - 'bold' (b/n) with NFSS spec.: <->"name:Lete Sans
(fontspec)             Math/B:mode=base;script=math;language=dflt;mathfontdimen
=xetex;mathfontdimen=tex2;"

LaTeX Font Info:    Encoding `OMS' has changed to `TU' for symbol font
(Font)              `symbols' in the math version `normal' on input line 23.
LaTeX Font Info:    Overwriting symbol font `symbols' in version `normal'
(Font)                  OMS/cmsy/m/n --> TU/LeteSansMath(2)/m/n on input line 2
3.
LaTeX Font Info:    Encoding `OMS' has changed to `TU' for symbol font
(Font)              `symbols' in the math version `bold' on input line 23.
LaTeX Font Info:    Overwriting symbol font `symbols' in version `bold'
(Font)                  OMS/cmsy/b/n --> TU/LeteSansMath(2)/b/n on input line 2
3.

Package fontspec Info: 
(fontspec)             Font family 'LeteSansMath(3)' created for font 'Lete
(fontspec)             Sans Math' with options
(fontspec)             [Renderer=Basic,BoldItalicFont={},ItalicFont={},SmallCap
sFont={},Script=Math,SizeFeatures={{Size=8.5-},{Size=6.25-8.5,Font=Lete
(fontspec)             Sans Math,Style=MathScript},{Size=-6.25,Font=Lete Sans
(fontspec)             Math,Style=MathScriptScript}},RawFeature={mathfontdimen=
xetex},RawFeature={mathfontdimen=tex3}].
(fontspec)              
(fontspec)              This font family consists of the following NFSS
(fontspec)             series/shapes:
(fontspec)              
(fontspec)             - 'normal' (m/n) with NFSS spec.: <8.5->"name:Lete Sans
(fontspec)             Math:mode=base;script=math;language=dflt;mathfontdimen=x
etex;mathfontdimen=tex3;"<6.25-8.5>"name:Lete
(fontspec)             Sans
(fontspec)             Math:mode=base;script=math;language=dflt;mathfontdimen=x
etex;mathfontdimen=tex3;+ssty=0;"<-6.25>"name:Lete
(fontspec)             Sans
(fontspec)             Math:mode=base;script=math;language=dflt;mathfontdimen=x
etex;mathfontdimen=tex3;+ssty=1;"
(fontspec)             - 'bold' (b/n) with NFSS spec.: <->"name:Lete Sans
(fontspec)             Math/B:mode=base;script=math;language=dflt;mathfontdimen
=xetex;mathfontdimen=tex3;"

LaTeX Font Info:    Encoding `OMX' has changed to `TU' for symbol font
(Font)              `largesymbols' in the math version `normal' on input line 2
3.
LaTeX Font Info:    Overwriting symbol font `largesymbols' in version `normal'
(Font)                  OMX/cmex/m/n --> TU/LeteSansMath(3)/m/n on input line 2
3.
LaTeX Font Info:    Encoding `OMX' has changed to `TU' for symbol font
(Font)              `largesymbols' in the math version `bold' on input line 23.

LaTeX Font Info:    Overwriting symbol font `largesymbols' in version `bold'
(Font)                  OMX/cmex/m/n --> TU/LeteSansMath(3)/b/n on input line 2
3.
LaTeX Font Info:    Trying to load font information for U+msa on input line 23.


(c:/texlive/2025/texmf-dist/tex/latex/amsfonts/umsa.fd
File: umsa.fd 2013/01/14 v3.01 AMS symbols A
)
LaTeX Font Info:    Trying to load font information for U+msb on input line 23.


(c:/texlive/2025/texmf-dist/tex/latex/amsfonts/umsb.fd
File: umsb.fd 2013/01/14 v3.01 AMS symbols B
)

Package fontspec Info: 
(fontspec)             Font family 'FiraMono(0)' created for font 'Fira Mono'
(fontspec)             with options
(fontspec)             [WordSpace={1,0,0},HyphenChar=None,PunctuationSpace=Word
Space].
(fontspec)              
(fontspec)              This font family consists of the following NFSS
(fontspec)             series/shapes:
(fontspec)              
(fontspec)             - 'normal' (m/n) with NFSS spec.: <->"name:Fira
(fontspec)             Mono:mode=node;script=latn;language=dflt;"
(fontspec)             - 'bold' (b/n) with NFSS spec.: <->"name:Fira
(fontspec)             Mono/B:mode=node;script=latn;language=dflt;"
(fontspec)             - 'italic' (m/it) with NFSS spec.: <->"name:Fira
(fontspec)             Mono/I:mode=node;script=latn;language=dflt;"
(fontspec)             - 'bold italic' (b/it) with NFSS spec.: <->"name:Fira
(fontspec)             Mono/BI:mode=node;script=latn;language=dflt;"


Package fontspec Info: 
(fontspec)             Font family 'FiraMono(1)' created for font 'Fira Mono'
(fontspec)             with options [Renderer=Basic].
(fontspec)              
(fontspec)              This font family consists of the following NFSS
(fontspec)             series/shapes:
(fontspec)              
(fontspec)             - 'normal' (m/n) with NFSS spec.: <->"name:Fira
(fontspec)             Mono:mode=base;script=latn;language=dflt;"
(fontspec)             - 'bold' (b/n) with NFSS spec.: <->"name:Fira
(fontspec)             Mono/B:mode=base;script=latn;language=dflt;"
(fontspec)             - 'italic' (m/it) with NFSS spec.: <->"name:Fira
(fontspec)             Mono/I:mode=base;script=latn;language=dflt;"
(fontspec)             - 'bold italic' (b/it) with NFSS spec.: <->"name:Fira
(fontspec)             Mono/BI:mode=base;script=latn;language=dflt;"

LaTeX Font Info:    Overwriting math alphabet `\mathtt' in version `normal'
(Font)                  OT1/cmtt/m/n --> TU/FiraMono(1)/m/n on input line 24.
LaTeX Font Info:    Overwriting math alphabet `\mathtt' in version `bold'
(Font)                  OT1/cmtt/m/n --> TU/FiraMono(1)/b/n on input line 24.

(c:/texlive/2025/texmf-dist/tex/latex/fvextra/fvextra.sty
Package: fvextra 2026/02/25 v1.14.0 fvextra - extensions and patches for fancyv
rb

(c:/texlive/2025/texmf-dist/tex/latex/fancyvrb/fancyvrb.sty
Package: fancyvrb 2025/07/28 4.6 verbatim text (tvz,hv)
\FV@CodeLineNo=\count429
\FV@InFile=\read3
\FV@TabBox=\box153
\c@FancyVerbLine=\count430
\FV@StepNumber=\count431
\FV@OutFile=\write5
)
(c:/texlive/2025/texmf-dist/tex/latex/upquote/upquote.sty
Package: upquote 2012/04/19 v1.3 upright-quote and grave-accent glyphs in verba
tim

(c:/texlive/2025/texmf-dist/tex/latex/base/textcomp.sty
Package: textcomp 2024/04/24 v2.1b Standard LaTeX package
))
(c:/texlive/2025/texmf-dist/tex/latex/lineno/lineno.sty
Package: lineno 2026/03/08 line numbers on paragraphs v5.9

(c:/texlive/2025/texmf-dist/tex/latex/kvoptions/kvoptions.sty
Package: kvoptions 2022-06-15 v3.15 Key value format for package options (HO)

(c:/texlive/2025/texmf-dist/tex/latex/kvsetkeys/kvsetkeys.sty
Package: kvsetkeys 2022-10-05 v1.19 Key value parser (HO)
))
\linenopenalty=\count432
\output=\toks47
\linenoprevgraf=\count433
\linenumbersep=\dimen384
\linenumberwidth=\dimen385
\c@linenumber=\count434
\c@pagewiselinenumber=\count435
\c@LN@truepage=\count436
\c@internallinenumber=\count437
\c@internallinenumbers=\count438
\quotelinenumbersep=\dimen386
\bframerule=\dimen387
\bframesep=\dimen388
\bframebox=\box154
\@LN@amsmath@ams@eqpen=\count439
)
\c@FancyVerbWriteLine=\count440
\c@FancyVerbBufferLine=\count441
\c@FV@TrueTabGroupLevel=\count442
\c@FV@TrueTabCounter=\count443
\FV@TabBox@Group=\box155
\FV@bgcolorstructbox=\box156
\FV@TmpLength=\skip60
\c@FV@HighlightLinesStart=\count444
\c@FV@HighlightLinesStop=\count445
\FV@LoopCount=\count446
\FV@NCharsBox=\box157
\FV@BreakIndent=\dimen389
\FV@BreakIndentNChars=\count447
\FV@BreakSymbolSepLeft=\dimen390
\FV@BreakSymbolSepLeftNChars=\count448
\FV@BreakSymbolSepRight=\dimen391
\FV@BreakSymbolSepRightNChars=\count449
\FV@BreakSymbolIndentLeft=\dimen392
\FV@BreakSymbolIndentLeftNChars=\count450
\FV@BreakSymbolIndentRight=\dimen393
\FV@BreakSymbolIndentRightNChars=\count451
\c@FancyVerbLineBreakLast=\count452
\FV@LineBox=\box158
\FV@LineIndentBox=\box159
\c@FV@BreakBufferDepth=\count453
\FV@LineWidth=\dimen394
)
(c:/texlive/2025/texmf-dist/tex/latex/tcolorbox/tcolorbox.sty
Package: tcolorbox 2025/11/28 version 6.9.0 text color boxes

(c:/texlive/2025/texmf-dist/tex/latex/tools/verbatim.sty
Package: verbatim 2024-01-22 v1.5x LaTeX2e package for verbatim enhancements
\every@verbatim=\toks48
\verbatim@line=\toks49
\verbatim@in@stream=\read4
)
(c:/texlive/2025/texmf-dist/tex/latex/environ/environ.sty
Package: environ 2014/05/04 v0.3 A new way to define environments

(c:/texlive/2025/texmf-dist/tex/latex/trimspaces/trimspaces.sty
Package: trimspaces 2009/09/17 v1.1 Trim spaces around a token list
))
\tcb@titlebox=\box160
\tcb@upperbox=\box161
\tcb@lowerbox=\box162
\tcb@phantombox=\box163
\c@tcbbreakpart=\count454
\c@tcblayer=\count455
\c@tcolorbox@number=\count456
\l__tcobox_tmpa_box=\box164
\l__tcobox_tmpa_dim=\dimen395
\tcb@temp=\box165
\tcb@temp=\box166
\tcb@temp=\box167
\tcb@temp=\box168
)
(c:/texlive/2025/texmf-dist/tex/latex/tcolorbox/tcblistings.code.tex
Library (tcolorbox): 'tcblistings.code.tex' version '6.9.0'
(c:/texlive/2025/texmf-dist/tex/latex/listings/listings.sty
\lst@mode=\count457
\lst@gtempboxa=\box169
\lst@token=\toks50
\lst@length=\count458
\lst@currlwidth=\dimen396
\lst@column=\count459
\lst@pos=\count460
\lst@lostspace=\dimen397
\lst@width=\dimen398
\lst@newlines=\count461
\lst@lineno=\count462
\lst@maxwidth=\dimen399

(c:/texlive/2025/texmf-dist/tex/latex/listings/lstpatch.sty
File: lstpatch.sty 2025/11/14 1.11b (Carsten Heinz)
)
(c:/texlive/2025/texmf-dist/tex/latex/listings/lstmisc.sty
File: lstmisc.sty 2025/11/14 1.11b (Carsten Heinz)
\c@lstnumber=\count463
\lst@skipnumbers=\count464
\lst@framebox=\box170
)
(c:/texlive/2025/texmf-dist/tex/latex/listings/listings.cfg
File: listings.cfg 2025/11/14 1.11b listings configuration
))
Package: listings 2025/11/14 1.11b (Carsten Heinz)

==> First Aid for listings.sty no longer applied!
    Expected:
        2024/09/23 1.10c (Carsten Heinz)
    but found:
        2025/11/14 1.11b (Carsten Heinz)
    so I'm assuming it got fixed.
(c:/texlive/2025/texmf-dist/tex/latex/tcolorbox/tcblistingscore.code.tex
Library (tcolorbox): 'tcblistingscore.code.tex' version '6.9.0'
(c:/texlive/2025/texmf-dist/tex/latex/tcolorbox/tcbprocessing.code.tex
Library (tcolorbox): 'tcbprocessing.code.tex' version '6.9.0'
)
\c@tcblisting=\count465
)) (c:/texlive/2025/texmf-dist/tex/latex/tcolorbox/tcbskins.code.tex
Library (tcolorbox): 'tcbskins.code.tex' version '6.9.0'
(c:/texlive/2025/texmf-dist/tex/latex/tikzfill/tikzfill.image.sty
Package: tikzfill.image 2023/08/08 v1.0.1 Image filling library for TikZ

(c:/texlive/2025/texmf-dist/tex/latex/tikzfill/tikzfill-common.sty
Package: tikzfill-common 2023/08/08 v1.0.1 Auxiliary code for tikzfill
)
(c:/texlive/2025/texmf-dist/tex/latex/tikzfill/tikzlibraryfill.image.code.tex
File: tikzlibraryfill.image.code.tex 2023/08/08 v1.0.1 Image filling library
\l__tikzfill_img_box=\box171
)) (c:/texlive/2025/texmf-dist/tex/latex/tcolorbox/tcbskinsjigsaw.code.tex
Library (tcolorbox): 'tcbskinsjigsaw.code.tex' version '6.9.0'
)) (c:/texlive/2025/texmf-dist/tex/latex/tcolorbox/tcbbreakable.code.tex
Library (tcolorbox): 'tcbbreakable.code.tex' version '6.9.0'
(c:/texlive/2025/texmf-dist/tex/latex/pdfcol/pdfcol.sty
Package: pdfcol 2022-09-21 v1.7 Handle new color stacks for pdfTeX (HO)
)
Package pdfcol Info: New color stack `tcb@breakable' = 1 on input line 23.
\tcb@testbox=\box172
\tcb@totalupperbox=\box173
\tcb@totallowerbox=\box174
)
(c:/texlive/2025/texmf-dist/tex/latex/hypdoc/hypdoc.sty
Package: hypdoc 2023-10-26 v1.19 Hyper extensions for doc.sty (HO)

(c:/texlive/2025/texmf-dist/tex/latex/base/atveryend-ltx.sty
Package: atveryend-ltx 2020/08/19 v1.0a Emulation of the original atveryend pac
kage
with kernel methods
)
(c:/texlive/2025/texmf-dist/tex/latex/hyperref/hyperref.sty
Package: hyperref 2026-01-29 v7.01p Hypertext links for LaTeX

(c:/texlive/2025/texmf-dist/tex/generic/kvdefinekeys/kvdefinekeys.sty
Package: kvdefinekeys 2019-12-19 v1.6 Define keys (HO)
)
(c:/texlive/2025/texmf-dist/tex/generic/pdfescape/pdfescape.sty
Package: pdfescape 2019/12/09 v1.15 Implements pdfTeX's escape features (HO)
)
(c:/texlive/2025/texmf-dist/tex/latex/hycolor/hycolor.sty
Package: hycolor 2020-01-27 v1.10 Color options for hyperref/bookmark (HO)
)
(c:/texlive/2025/texmf-dist/tex/latex/hyperref/nameref.sty
Package: nameref 2026-01-29 v2.58 Cross-referencing by name of section

(c:/texlive/2025/texmf-dist/tex/latex/refcount/refcount.sty
Package: refcount 2019/12/15 v3.6 Data extraction from label references (HO)
)
(c:/texlive/2025/texmf-dist/tex/generic/gettitlestring/gettitlestring.sty
Package: gettitlestring 2019/12/15 v1.6 Cleanup title references (HO)
)
\c@section@level=\count466
)
(c:/texlive/2025/texmf-dist/tex/generic/stringenc/stringenc.sty
Package: stringenc 2019/11/29 v1.12 Convert strings between diff. encodings (HO
)
)
\@linkdim=\dimen400
\Hy@linkcounter=\count467
\Hy@pagecounter=\count468

(c:/texlive/2025/texmf-dist/tex/latex/hyperref/pd1enc.def
File: pd1enc.def 2026-01-29 v7.01p Hyperref: PDFDocEncoding definition (HO)
)
(c:/texlive/2025/texmf-dist/tex/generic/intcalc/intcalc.sty
Package: intcalc 2019/12/15 v1.3 Expandable calculations with integers (HO)
)
\Hy@SavedSpaceFactor=\count469

(c:/texlive/2025/texmf-dist/tex/latex/hyperref/puenc.def
File: puenc.def 2026-01-29 v7.01p Hyperref: PDF Unicode definition (HO)
)
Package hyperref Info: Option `hyperindex' set `false' on input line 4072.
Package hyperref Info: Option `pdfusetitle' set `true' on input line 4072.
Package hyperref Info: Hyper figures OFF on input line 4201.
Package hyperref Info: Link nesting OFF on input line 4206.
Package hyperref Info: Hyper index OFF on input line 4211.
Package hyperref Info: Plain pages OFF on input line 4216.
Package hyperref Info: Backreferencing OFF on input line 4221.
Package hyperref Info: Implicit mode ON; LaTeX internals redefined.
Package hyperref Info: Bookmarks ON on input line 4468.
\c@Hy@tempcnt=\count470

(c:/texlive/2025/texmf-dist/tex/latex/url/url.sty
\Urlmuskip=\muskip19
Package: url 2013/09/16  ver 3.4  Verb mode for urls, etc.
)
LaTeX Info: Redefining \url on input line 4807.
\XeTeXLinkMargin=\dimen401

(c:/texlive/2025/texmf-dist/tex/generic/bitset/bitset.sty
Package: bitset 2019/12/09 v1.3 Handle bit-vector datatype (HO)

(c:/texlive/2025/texmf-dist/tex/generic/bigintcalc/bigintcalc.sty
Package: bigintcalc 2019/12/15 v1.5 Expandable calculations on big integers (HO
)
))
\Fld@menulength=\count471
\Field@Width=\dimen402
\Fld@charsize=\dimen403
Package hyperref Info: Hyper figures OFF on input line 6084.
Package hyperref Info: Link nesting OFF on input line 6089.
Package hyperref Info: Hyper index OFF on input line 6094.
Package hyperref Info: backreferencing OFF on input line 6099.
Package hyperref Info: Link coloring OFF on input line 6104.
Package hyperref Info: Link coloring with OCG OFF on input line 6109.
Package hyperref Info: PDF/A mode OFF on input line 6114.
\Hy@abspage=\count472
\c@Item=\count473
\c@Hfootnote=\count474
)
Package hyperref Info: Driver (autodetected): hluatex.

(c:/texlive/2025/texmf-dist/tex/latex/hyperref/hluatex.def
File: hluatex.def 2026-01-29 v7.01p Hyperref driver for luaTeX
\Fld@listcount=\count475
\c@bookmark@seq@number=\count476

(c:/texlive/2025/texmf-dist/tex/latex/rerunfilecheck/rerunfilecheck.sty
Package: rerunfilecheck 2025-06-21 v1.11 Rerun checks for auxiliary files (HO)

(c:/texlive/2025/texmf-dist/tex/generic/uniquecounter/uniquecounter.sty
Package: uniquecounter 2019/12/15 v1.4 Provide unlimited unique counter (HO)
)
Package uniquecounter Info: New unique counter `rerunfilecheck' on input line 2
84.
)
\Hy@SectionHShift=\skip61
)
Package hyperref Info: Option `colorlinks' set `true' on input line 75.
Package hyperref Info: Option `plainpages' set `false' on input line 75.
Package hyperref Info: Option `bookmarksopen' set `true' on input line 75.
Package hyperref Info: Option `bookmarksnumbered' set `true' on input line 75.
\c@HD@unique=\count477
\c@HD@hypercount=\count478
\HD@helplength=\skip62
)
Package translations Info: No language package found. I am going to use `englis
h' as default language. on input line 77.

(./numodel-manual.aux)
\openout1 = numodel-manual.aux

LaTeX Font Info:    Checking defaults for OML/cmm/m/it on input line 77.
LaTeX Font Info:    ... okay on input line 77.
LaTeX Font Info:    Checking defaults for OMS/cmsy/m/n on input line 77.
LaTeX Font Info:    ... okay on input line 77.
LaTeX Font Info:    Checking defaults for OT1/cmr/m/n on input line 77.
LaTeX Font Info:    ... okay on input line 77.
LaTeX Font Info:    Checking defaults for T1/cmr/m/n on input line 77.
LaTeX Font Info:    ... okay on input line 77.
LaTeX Font Info:    Checking defaults for TS1/cmr/m/n on input line 77.
LaTeX Font Info:    ... okay on input line 77.
LaTeX Font Info:    Checking defaults for TU/lmr/m/n on input line 77.
LaTeX Font Info:    ... okay on input line 77.
LaTeX Font Info:    Checking defaults for OMX/cmex/m/n on input line 77.
LaTeX Font Info:    ... okay on input line 77.
LaTeX Font Info:    Checking defaults for U/cmr/m/n on input line 77.
LaTeX Font Info:    ... okay on input line 77.
LaTeX Font Info:    Checking defaults for PD1/pdf/m/n on input line 77.
LaTeX Font Info:    ... okay on input line 77.
LaTeX Font Info:    Checking defaults for PU/pdf/m/n on input line 77.
LaTeX Font Info:    ... okay on input line 77.
Package doc Info: Made | a short reference for \verb on input line 77.

(c:/texlive/2025/texmf-dist/tex/context/base/mkii/supp-pdf.mkii
[Loading MPS to PDF converter (version 2006.09.02).]
\scratchcounter=\count479
\scratchdimen=\dimen404
\scratchbox=\box175
\nofMPsegments=\count480
\nofMParguments=\count481
\everyMPshowfont=\toks51
\MPscratchCnt=\count482
\MPscratchDim=\dimen405
\MPnumerator=\count483
\makeMPintoPDFobject=\count484
\everyMPtoPDFconversion=\toks52
) (c:/texlive/2025/texmf-dist/tex/latex/epstopdf-pkg/epstopdf-base.sty
Package: epstopdf-base 2020-01-24 v2.11 Base part for package epstopdf
Package epstopdf-base Info: Redefining graphics rule for `.eps' on input line 4
85.

(c:/texlive/2025/texmf-dist/tex/latex/latexconfig/epstopdf-sys.cfg
File: epstopdf-sys.cfg 2010/07/13 v1.3 Configuration of (r)epstopdf for TeX Liv
e
))
(c:/texlive/2025/texmf-dist/tex/latex/translations/translations-basic-dictionar
y-english.trsl
File: translations-basic-dictionary-english.trsl (english translation file `tra
nslations-basic-dictionary')
)
Package translations Info: loading dictionary `translations-basic-dictionary' f
or `english'. on input line 77.

Package pgfplots notification 'compat/show suggested version=true': document ha
s been generated with the most recent feature set (\pgfplotsset{compat=1.18}).

*geometry* driver: auto-detecting
*geometry* detected driver: luatex
*geometry* verbose mode - [ preamble ] result:
* driver: luatex
* paper: <default>
* layout: <same size as paper>
* layoutoffset:(h,v)=(0.0pt,0.0pt)
* modes: 
* h-part:(L,W,R)=(99.58464pt, 441.01773pt, 56.9055pt)
* v-part:(T,H,B)=(56.9055pt, 731.23584pt, 56.9055pt)
* \paperwidth=597.50787pt
* \paperheight=845.04684pt
* \textwidth=441.01773pt
* \textheight=731.23584pt
* \oddsidemargin=27.31465pt
* \evensidemargin=27.31465pt
* \topmargin=-52.36449pt
* \headheight=12.0pt
* \headsep=25.0pt
* \topskip=10.0pt
* \footskip=30.0pt
* \marginparwidth=99.58464pt
* \marginparsep=8.5359pt
* \columnsep=10.0pt
* \skip\footins=9.0pt plus 4.0pt minus 2.0pt
* \hoffset=0.0pt
* \voffset=0.0pt
* \mag=1000
* \@twocolumnfalse
* \@twosidefalse
* \@mparswitchfalse
* \@reversemargintrue
* (1in=72.27pt=25.4mm, 1cm=28.453pt)

LaTeX Font Info:    Overwriting math alphabet `\mathrm' in version `normal'
(Font)                  TU/LeteSansMath(1)/m/n --> TU/Arial(0)/m/n on input lin
e 77.
LaTeX Font Info:    Overwriting math alphabet `\mathit' in version `normal'
(Font)                  OT1/cmr/m/it --> TU/Arial(0)/m/it on input line 77.
LaTeX Font Info:    Overwriting math alphabet `\mathbf' in version `normal'
(Font)                  OT1/cmr/bx/n --> TU/Arial(0)/b/n on input line 77.
LaTeX Font Info:    Overwriting math alphabet `\mathsf' in version `normal'
(Font)                  OT1/cmss/m/n --> TU/lmss/m/n on input line 77.
LaTeX Font Info:    Overwriting math alphabet `\mathsf' in version `bold'
(Font)                  OT1/cmss/bx/n --> TU/lmss/b/n on input line 77.
\c@lstlisting=\count485
Package hyperref Info: Link coloring ON on input line 77.
(./numodel-manual.out) (./numodel-manual.out)
\@outlinefile=\write6

\openout6 = numodel-manual.out
 (./numodel-manual.hd)
\HD@savedest@out=\write7

\openout7 = numodel-manual.hd
Package doc Info: | already a short reference for \verb(*) on input line 77.
Package doc Info: Deleted | as a short reference for \verb(*) on input line 77.


(./numodel-manual.toc)
\tf@toc=\write8

\openout8 = numodel-manual.toc
 [1

{c:/texlive/2025/texmf-var/fonts/map/pdftex/updmap/pdftex.map}]
NEWPREFIX start: ball
NEWPREFIX save current: 
NEWPREFIX register
NEWPREFIX init_backup
\g__numodel_ball_rulecounter_int=\count486
\g__numodel_ball_steps_int=\count487
NEWPREFIX lua_init
NEWPREFIX clear_state
NEWPREFIX set_current
NEWPREFIX done: ball
MVAR start: T
MVAR before-keys-set
MVAR after-keys-set
MVAR eff: ball
MVAR body fullname: ballT
MVAR done: T
MVAR start: Dt
MVAR before-keys-set
MVAR after-keys-set
MVAR eff: ball
MVAR body fullname: ballDt
MVAR done: Dt
MVAR start: V
MVAR before-keys-set
MVAR after-keys-set
MVAR eff: ball
MVAR body fullname: ballV
MVAR done: V
MVAR start: Y
MVAR before-keys-set
MVAR after-keys-set
MVAR eff: ball
MVAR body fullname: ballY
MVAR done: Y
MVAR start: G
MVAR before-keys-set
MVAR after-keys-set
MVAR eff: ball
MVAR body fullname: ballG
MVAR done: G
MRULE start: V
VTD input: \ballV + \ballG * \ballDt 
VTD seq: ballT|ballDt|ballV|ballY|ballG
VTD iter: ballT
VTD replace \c {ballT} with t
VTD iter: ballDt
VTD replace \c {ballDt} with dt
VTD iter: ballV
VTD replace \c {ballV} with v
VTD iter: ballY
VTD replace \c {ballY} with y
VTD iter: ballG
VTD replace \c {ballG} with g
MRULE rhs after: v+ g\cdot   dt
MRULE display: v\,=\,v+ g\cdot   dt
MRULE done: V
MRULE start: Y
VTD input: \ballY + \ballV * \ballDt 
VTD seq: ballT|ballDt|ballV|ballY|ballG
VTD iter: ballT
VTD replace \c {ballT} with t
VTD iter: ballDt
VTD replace \c {ballDt} with dt
VTD iter: ballV
VTD replace \c {ballV} with v
VTD iter: ballY
VTD replace \c {ballY} with y
VTD iter: ballG
VTD replace \c {ballG} with g
MRULE rhs after: y+ v\cdot   dt
MRULE display: y\,=\,y+ v\cdot   dt
MRULE done: Y
MRULE start: T
VTD input: \ballT + \ballDt 
VTD seq: ballT|ballDt|ballV|ballY|ballG
VTD iter: ballT
VTD replace \c {ballT} with t
VTD iter: ballDt
VTD replace \c {ballDt} with dt
VTD iter: ballV
VTD replace \c {ballV} with v
VTD iter: ballY
VTD replace \c {ballY} with y
VTD iter: ballG
VTD replace \c {ballG} with g
MRULE rhs after: t+ dt
MRULE display: t\,=\,t+ dt
MRULE done: T
MSTOP start
VTD input: \ballY <= 0
VTD seq: ballT|ballDt|ballV|ballY|ballG
VTD iter: ballT
VTD replace \c {ballT} with t
VTD iter: ballDt
VTD replace \c {ballDt} with dt
VTD iter: ballV
VTD replace \c {ballV} with v
VTD iter: ballY
VTD replace \c {ballY} with y
VTD iter: ballG
VTD replace \c {ballG} with g
MSTOP done
TEXTMODEL start
BUILD_TABLE rules: v\,=\,v+ g\cdot   dt|y\,=\,y+ v\cdot   dt|t\,=\,t+ dt|\prote
ct \protect \unhbox \voidb@x \hbox {IF }y\leqslant   0\protect \protect \unhbox
 \voidb@x \hbox { THEN}\protect \protect \unhbox \voidb@x \hbox { STOP }\protec
t \protect \unhbox \voidb@x \hbox {ENDIF}
BUILD_TABLE types: rule|rule|rule|rule
BUILD_TABLE numrules: 4
BUILD_TABLE numstarts: 5
BUILD_TABLE before-step table: \begin {longtblr}[theme={numodel}]{colspec={r|l|
l},rowhead=1}&\textbf {model}&\textbf {initial values}\\\hline 
BUILD_TABLE iter row: 0
BUILD_TABLE row: 1type: rule
BUILD_TABLE emit rule num: 1content: v\,=\,v+ g\cdot   dt
BUILD_TABLE after-emit table tail: {longtblr}[theme={numodel}]{colspec={r|l|l},
rowhead=1}&\textbf {model}&\textbf {initial values}\\\hline \rule {0pt}{2.6ex}1
&$v\,=\,v+ g\cdot   dt$&
BUILD_TABLE iter row: 1
BUILD_TABLE row: 2type: rule
BUILD_TABLE emit rule num: 2content: y\,=\,y+ v\cdot   dt
BUILD_TABLE after-emit table tail: {longtblr}[theme={numodel}]{colspec={r|l|l},
rowhead=1}&\textbf {model}&\textbf {initial values}\\\hline \rule {0pt}{2.6ex}1
&$v\,=\,v+ g\cdot   dt$&${\ballTtext }=\ballTqty $\\\rule {0pt}{2.6ex}2&$y\,=\,
y+ v\cdot   dt$&
BUILD_TABLE iter row: 2
BUILD_TABLE row: 3type: rule
BUILD_TABLE emit rule num: 3content: t\,=\,t+ dt
BUILD_TABLE after-emit table tail: {longtblr}[theme={numodel}]{colspec={r|l|l},
rowhead=1}&\textbf {model}&\textbf {initial values}\\\hline \rule {0pt}{2.6ex}1
&$v\,=\,v+ g\cdot   dt$&${\ballTtext }=\ballTqty $\\\rule {0pt}{2.6ex}2&$y\,=\,
y+ v\cdot   dt$&${\ballDttext }=\ballDtqty $\\\rule {0pt}{2.6ex}3&$t\,=\,t+ dt$
&
BUILD_TABLE iter row: 3
BUILD_TABLE row: 4type: rule
BUILD_TABLE emit rule num: 4content: \protect \protect \unhbox \voidb@x \hbox {
IF }y\leqslant   0\protect \protect \unhbox \voidb@x \hbox { THEN}\protect \pro
tect \unhbox \voidb@x \hbox { STOP }\protect \protect \unhbox \voidb@x \hbox {E
NDIF}
BUILD_TABLE after-emit table tail: {longtblr}[theme={numodel}]{colspec={r|l|l},
rowhead=1}&\textbf {model}&\textbf {initial values}\\\hline \rule {0pt}{2.6ex}1
&$v\,=\,v+ g\cdot   dt$&${\ballTtext }=\ballTqty $\\\rule {0pt}{2.6ex}2&$y\,=\,
y+ v\cdot   dt$&${\ballDttext }=\ballDtqty $\\\rule {0pt}{2.6ex}3&$t\,=\,t+ dt$
&${\ballVtext }=\ballVqty $\\\rule {0pt}{2.6ex}4&$\protect \protect \unhbox \vo
idb@x \hbox {IF }y\leqslant   0\protect \protect \unhbox \voidb@x \hbox { THEN}
\protect \protect \unhbox \voidb@x \hbox { STOP }\protect \protect \unhbox \voi
db@x \hbox {ENDIF}$&
TEXTMODEL table: \begin {longtblr}[theme={numodel}]{colspec={r|l|l},rowhead=1}&
\textbf {model}&\textbf {initial values}\\\hline \rule {0pt}{2.6ex}1&$v\,=\,v+ 
g\cdot   dt$&${\ballTtext }=\ballTqty $\\\rule {0pt}{2.6ex}2&$y\,=\,y+ v\cdot  
 dt$&${\ballDttext }=\ballDtqty $\\\rule {0pt}{2.6ex}3&$t\,=\,t+ dt$&${\ballVte
xt }=\ballVqty $\\\rule {0pt}{2.6ex}4&$\protect \protect \unhbox \voidb@x \hbox
 {IF }y\leqslant   0\protect \protect \unhbox \voidb@x \hbox { THEN}\protect \p
rotect \unhbox \voidb@x \hbox { STOP }\protect \protect \unhbox \voidb@x \hbox 
{ENDIF}$&${\ballYtext }=\ballYqty $\\&&${\ballGtext }=\ballGqty $\\\end {longtb
lr}
TEXTMODEL done
[2]
BUILD: step 0 reset auto-positions
BUILD: step 1 lua layout writeback
BUILD: step 2 tikzpicture
NODE: ballT
NODE: ballDt
NODE: ballV
NODE: ballY
NODE: ballG
BUILD: step 5 stock-valve nodes
BUILD: step 6 flow arrows
BUILD: step 6a valve nodes
BUILD: step 6b+7 causal arrows (Lua)
BUILD: step 8 done
\g__tcobox_out_iow=\write9

\openout9 = numodel-manual.listing
(./numodel-manual.listing) (./numodel-manual.listing
COMPUTE start
COMPUTE done
) [3]
Overfull \hbox (7.71947pt too wide) in paragraph at lines 336--339
[]\TU/Arial(0)/m/n/10 For-rester/Ster-man con-ven-tion: the valve is drawn with-
out a la-bel and the helper/con-
 []

[4]
\openout9 = numodel-manual.listing
 (./numodel-manual.listing) (./numodel-manual.listing
NEWPREFIX start: flux
NEWPREFIX save current: ball
NEWPREFIX register
NEWPREFIX init_backup
\g__numodel_flux_rulecounter_int=\count488
\g__numodel_flux_steps_int=\count489
NEWPREFIX lua_init
NEWPREFIX clear_state
NEWPREFIX set_current
NEWPREFIX done: flux
MVAR start: T
MVAR before-keys-set
MVAR after-keys-set
MVAR eff: flux
MVAR body fullname: fluxT
MVAR done: T
MVAR start: Dt
MVAR before-keys-set
MVAR after-keys-set
MVAR eff: flux
MVAR body fullname: fluxDt
MVAR done: Dt
MVAR start: N
MVAR before-keys-set
MVAR after-keys-set
MVAR eff: flux
MVAR body fullname: fluxN
MVAR done: N
MVAR start: R
MVAR before-keys-set
MVAR after-keys-set
MVAR eff: flux
MVAR body fullname: fluxR
MVAR done: R
MRULE start: N
VTD input: \fluxN + \fluxR * \fluxDt 
VTD seq: fluxT|fluxDt|fluxN|fluxR
VTD iter: fluxT
VTD replace \c {fluxT} with t
VTD iter: fluxDt
VTD replace \c {fluxDt} with dt
VTD iter: fluxN
VTD replace \c {fluxN} with n
VTD iter: fluxR
VTD replace \c {fluxR} with r
MRULE rhs after: n+ r\cdot   dt
MRULE display: n\,=\,n+ r\cdot   dt
MRULE done: N
MRULE start: T
VTD input: \fluxT + \fluxDt 
VTD seq: fluxT|fluxDt|fluxN|fluxR
VTD iter: fluxT
VTD replace \c {fluxT} with t
VTD iter: fluxDt
VTD replace \c {fluxDt} with dt
VTD iter: fluxN
VTD replace \c {fluxN} with n
VTD iter: fluxR
VTD replace \c {fluxR} with r
MRULE rhs after: t+ dt
MRULE display: t\,=\,t+ dt
MRULE done: T
MSTOP start
VTD input: \fluxT >= 5
VTD seq: fluxT|fluxDt|fluxN|fluxR
VTD iter: fluxT
VTD replace \c {fluxT} with t
VTD iter: fluxDt
VTD replace \c {fluxDt} with dt
VTD iter: fluxN
VTD replace \c {fluxN} with n
VTD iter: fluxR
VTD replace \c {fluxR} with r
MSTOP done
BUILD: step 0 reset auto-positions
BUILD: step 1 lua layout writeback
BUILD: step 2 tikzpicture
NODE: fluxT
NODE: fluxDt
NODE: fluxN
NODE: fluxR
BUILD: step 5 stock-valve nodes
BUILD: step 6 flow arrows
BUILD: step 6a valve nodes
BUILD: step 6b+7 causal arrows (Lua)
BUILD: step 8 done
BUILD: step 0 reset auto-positions
BUILD: step 1 lua layout writeback
BUILD: step 2 tikzpicture
NODE: fluxT
NODE: fluxDt
NODE: fluxN
NODE: fluxR
BUILD: step 5 stock-valve nodes
BUILD: step 6 flow arrows
BUILD: step 6a valve nodes
BUILD: step 6b+7 causal arrows (Lua)
BUILD: step 8 done
BUILD: step 0 reset auto-positions
BUILD: step 1 lua layout writeback
BUILD: step 2 tikzpicture
NODE: fluxT
NODE: fluxDt
NODE: fluxN
NODE: fluxR
BUILD: step 5 stock-valve nodes
BUILD: step 6 flow arrows
BUILD: step 6a valve nodes
BUILD: step 6b+7 causal arrows (Lua)
BUILD: step 8 done
) [5] [6] [7] [8]
\openout9 = numodel-manual.listing
 (./numodel-manual.listing) (./numodel-manual.listing
NEWPREFIX start: nrg
NEWPREFIX save current: flux
NEWPREFIX register
NEWPREFIX init_backup
\g__numodel_nrg_rulecounter_int=\count490
\g__numodel_nrg_steps_int=\count491
NEWPREFIX lua_init
NEWPREFIX clear_state
NEWPREFIX set_current
NEWPREFIX done: nrg
MVAR start: T
MVAR before-keys-set
MVAR after-keys-set
MVAR eff: nrg
MVAR body fullname: nrgT
MVAR done: T
MVAR start: Dt
MVAR before-keys-set
MVAR after-keys-set
MVAR eff: nrg
MVAR body fullname: nrgDt
MVAR done: Dt
MVAR start: V
MVAR before-keys-set
MVAR after-keys-set
MVAR eff: nrg
MVAR body fullname: nrgV
MVAR done: V
MVAR start: Y
MVAR before-keys-set
MVAR after-keys-set
MVAR eff: nrg
MVAR body fullname: nrgY
MVAR done: Y
MVAR start: m
MVAR before-keys-set
MVAR after-keys-set
MVAR eff: nrg
MVAR body fullname: nrgm
MVAR done: m
MVAR start: G
MVAR before-keys-set
MVAR after-keys-set
MVAR eff: nrg
MVAR body fullname: nrgG
MVAR done: G
MVAR start: Ep
MVAR before-keys-set
MVAR after-keys-set
MVAR eff: nrg
MVAR body fullname: nrgEp
MVAR done: Ep
MVAR start: Ek
MVAR before-keys-set
MVAR after-keys-set
MVAR eff: nrg
MVAR body fullname: nrgEk
MVAR done: Ek
MRULE start: V
VTD input: \nrgV + \nrgG * \nrgDt 
VTD seq: nrgT|nrgDt|nrgV|nrgY|nrgm|nrgG|nrgEp|nrgEk
VTD iter: nrgT
VTD replace \c {nrgT} with t
VTD iter: nrgDt
VTD replace \c {nrgDt} with dt
VTD iter: nrgV
VTD replace \c {nrgV} with v
VTD iter: nrgY
VTD replace \c {nrgY} with y
VTD iter: nrgm
VTD replace \c {nrgm} with m
VTD iter: nrgG
VTD replace \c {nrgG} with g
VTD iter: nrgEp
VTD replace \c {nrgEp} with E_p
VTD iter: nrgEk
VTD replace \c {nrgEk} with E_k
MRULE rhs after: v+ g\cdot   dt
MRULE display: v\,=\,v+ g\cdot   dt
MRULE done: V
MRULE start: Y
VTD input: \nrgY + \nrgV * \nrgDt 
VTD seq: nrgT|nrgDt|nrgV|nrgY|nrgm|nrgG|nrgEp|nrgEk
VTD iter: nrgT
VTD replace \c {nrgT} with t
VTD iter: nrgDt
VTD replace \c {nrgDt} with dt
VTD iter: nrgV
VTD replace \c {nrgV} with v
VTD iter: nrgY
VTD replace \c {nrgY} with y
VTD iter: nrgm
VTD replace \c {nrgm} with m
VTD iter: nrgG
VTD replace \c {nrgG} with g
VTD iter: nrgEp
VTD replace \c {nrgEp} with E_p
VTD iter: nrgEk
VTD replace \c {nrgEk} with E_k
MRULE rhs after: y+ v\cdot   dt
MRULE display: y\,=\,y+ v\cdot   dt
MRULE done: Y
MRULE start: Ep
VTD input: -\nrgm * \nrgG * \nrgY 
VTD seq: nrgT|nrgDt|nrgV|nrgY|nrgm|nrgG|nrgEp|nrgEk
VTD iter: nrgT
VTD replace \c {nrgT} with t
VTD iter: nrgDt
VTD replace \c {nrgDt} with dt
VTD iter: nrgV
VTD replace \c {nrgV} with v
VTD iter: nrgY
VTD replace \c {nrgY} with y
VTD iter: nrgm
VTD replace \c {nrgm} with m
VTD iter: nrgG
VTD replace \c {nrgG} with g
VTD iter: nrgEp
VTD replace \c {nrgEp} with E_p
VTD iter: nrgEk
VTD replace \c {nrgEk} with E_k
MRULE rhs after: -m\cdot   g\cdot   y
MRULE display: E_p\,=\,-m\cdot   g\cdot   y
MRULE done: Ep
MRULE start: Ek
VTD input: 0.5 * \nrgm * \nrgV * \nrgV 
VTD seq: nrgT|nrgDt|nrgV|nrgY|nrgm|nrgG|nrgEp|nrgEk
VTD iter: nrgT
VTD replace \c {nrgT} with t
VTD iter: nrgDt
VTD replace \c {nrgDt} with dt
VTD iter: nrgV
VTD replace \c {nrgV} with v
VTD iter: nrgY
VTD replace \c {nrgY} with y
VTD iter: nrgm
VTD replace \c {nrgm} with m
VTD iter: nrgG
VTD replace \c {nrgG} with g
VTD iter: nrgEp
VTD replace \c {nrgEp} with E_p
VTD iter: nrgEk
VTD replace \c {nrgEk} with E_k
MRULE rhs after: 0.5 \cdot   m\cdot   v\cdot   v
MRULE display: E_k\,=\,0.5 \cdot   m\cdot   v\cdot   v
MRULE done: Ek
MRULE start: T
VTD input: \nrgT + \nrgDt 
VTD seq: nrgT|nrgDt|nrgV|nrgY|nrgm|nrgG|nrgEp|nrgEk
VTD iter: nrgT
VTD replace \c {nrgT} with t
VTD iter: nrgDt
VTD replace \c {nrgDt} with dt
VTD iter: nrgV
VTD replace \c {nrgV} with v
VTD iter: nrgY
VTD replace \c {nrgY} with y
VTD iter: nrgm
VTD replace \c {nrgm} with m
VTD iter: nrgG
VTD replace \c {nrgG} with g
VTD iter: nrgEp
VTD replace \c {nrgEp} with E_p
VTD iter: nrgEk
VTD replace \c {nrgEk} with E_k
MRULE rhs after: t+ dt
MRULE display: t\,=\,t+ dt
MRULE done: T
MSTOP start
VTD input: \nrgY <= 0
VTD seq: nrgT|nrgDt|nrgV|nrgY|nrgm|nrgG|nrgEp|nrgEk
VTD iter: nrgT
VTD replace \c {nrgT} with t
VTD iter: nrgDt
VTD replace \c {nrgDt} with dt
VTD iter: nrgV
VTD replace \c {nrgV} with v
VTD iter: nrgY
VTD replace \c {nrgY} with y
VTD iter: nrgm
VTD replace \c {nrgm} with m
VTD iter: nrgG
VTD replace \c {nrgG} with g
VTD iter: nrgEp
VTD replace \c {nrgEp} with E_p
VTD iter: nrgEk
VTD replace \c {nrgEk} with E_k
MSTOP done
COMPUTE start
COMPUTE done
) [9] [10]
\openout9 = numodel-manual.listing
 (./numodel-manual.listing) (./numodel-manual.listing
Package pgfplots info on input line 8: Deactivating LUA version of plot express
ion for plot 1 (type 'pgfplothandlerlineto'): y expression '\mstep {Y}{-1} + (\
mstep {Y}{-1} - \mstep {Y}{-2}) / (\mstep {T}{-1} - \mstep {T}{-2}) * (x - \mst
ep {T}{-1})' contains a TeX macro.
) [11] [12]
\openout9 = numodel-manual.listing

(./numodel-manual.listing) (./numodel-manual.listing
NEWPREFIX start: quiz
NEWPREFIX save current: ball
NEWPREFIX register
NEWPREFIX init_backup
\g__numodel_quiz_rulecounter_int=\count492
\g__numodel_quiz_steps_int=\count493
NEWPREFIX lua_init
NEWPREFIX clear_state
NEWPREFIX set_current
NEWPREFIX done: quiz
MVAR start: T
MVAR before-keys-set
MVAR after-keys-set
MVAR eff: quiz
MVAR body fullname: quizT
MVAR done: T
MVAR start: Dt
MVAR before-keys-set
MVAR after-keys-set
MVAR eff: quiz
MVAR body fullname: quizDt
MVAR done: Dt
MVAR start: V
MVAR before-keys-set
MVAR after-keys-set
MVAR eff: quiz
MVAR body fullname: quizV
MVAR done: V
MVAR start: Y
MVAR before-keys-set
MVAR after-keys-set
MVAR eff: quiz
MVAR body fullname: quizY
MVAR done: Y
MVAR start: G
MVAR before-keys-set
MVAR after-keys-set
MVAR eff: quiz
MVAR body fullname: quizG
MVAR done: G
MRULE start: V
VTD input: \quizV + \quizG * \quizDt 
VTD seq: quizT|quizDt|quizV|quizY|quizG
VTD iter: quizT
VTD replace \c {quizT} with t
VTD iter: quizDt
VTD replace \c {quizDt} with dt
VTD iter: quizV
VTD replace \c {quizV} with v
VTD iter: quizY
VTD replace \c {quizY} with y
VTD iter: quizG
VTD replace \c {quizG} with g
MRULE rhs after: v+ g\cdot   dt
MRULE display: v\,=\,v+ g\cdot   dt
MRULE done: V
MRULE start: Y
VTD input: \quizY + \quizV * \quizDt 
VTD seq: quizT|quizDt|quizV|quizY|quizG
VTD iter: quizT
VTD replace \c {quizT} with t
VTD iter: quizDt
VTD replace \c {quizDt} with dt
VTD iter: quizV
VTD replace \c {quizV} with v
VTD iter: quizY
VTD replace \c {quizY} with y
VTD iter: quizG
VTD replace \c {quizG} with g
MRULE rhs after: y+ v\cdot   dt
MRULE display: y\,=\,y+ v\cdot   dt
MRULE done: Y
MRULE start: T
VTD input: \quizT + \quizDt 
VTD seq: quizT|quizDt|quizV|quizY|quizG
VTD iter: quizT
VTD replace \c {quizT} with t
VTD iter: quizDt
VTD replace \c {quizDt} with dt
VTD iter: quizV
VTD replace \c {quizV} with v
VTD iter: quizY
VTD replace \c {quizY} with y
VTD iter: quizG
VTD replace \c {quizG} with g
MRULE rhs after: t+ dt
MRULE display: t\,=\,t+ dt
MRULE done: T
MSTOP start
VTD input: \quizY <= 0
VTD seq: quizT|quizDt|quizV|quizY|quizG
VTD iter: quizT
VTD replace \c {quizT} with t
VTD iter: quizDt
VTD replace \c {quizDt} with dt
VTD iter: quizV
VTD replace \c {quizV} with v
VTD iter: quizY
VTD replace \c {quizY} with y
VTD iter: quizG
VTD replace \c {quizG} with g
MSTOP done
)
TEXTMODEL start
BUILD_TABLE rules: v\,=\,v+ g\cdot   dt|y\,=\,y+ v\cdot   dt|t\,=\,t+ dt|\prote
ct \protect \unhbox \voidb@x \hbox {IF }y\leqslant   0\protect \protect \unhbox
 \voidb@x \hbox { THEN}\protect \protect \unhbox \voidb@x \hbox { STOP }\protec
t \protect \unhbox \voidb@x \hbox {ENDIF}
BUILD_TABLE types: rule|rule|rule|rule
BUILD_TABLE numrules: 4
BUILD_TABLE numstarts: 5
BUILD_TABLE before-step table: \begin {longtblr}[theme={numodel}]{colspec={r|l|
l},rowhead=1}&\textbf {model}&\textbf {initial values}\\\hline 
BUILD_TABLE iter row: 0
BUILD_TABLE row: 1type: rule
BUILD_TABLE emit rule num: 1content: v\,=\,v+ g\cdot   dt
BUILD_TABLE after-emit table tail: {longtblr}[theme={numodel}]{colspec={r|l|l},
rowhead=1}&\textbf {model}&\textbf {initial values}\\\hline \rule {0pt}{2.6ex}1
&$v\,=\,v+ g\cdot   dt$&
BUILD_TABLE iter row: 1
BUILD_TABLE row: 2type: rule
BUILD_TABLE emit rule num: 2content: y\,=\,y+ v\cdot   dt
BUILD_TABLE after-emit table tail: {longtblr}[theme={numodel}]{colspec={r|l|l},
rowhead=1}&\textbf {model}&\textbf {initial values}\\\hline \rule {0pt}{2.6ex}1
&$v\,=\,v+ g\cdot   dt$&${\quizTtext }=\quizTqty $\\\rule {0pt}{2.6ex}2&$y\,=\,
y+ v\cdot   dt$&
BUILD_TABLE iter row: 2
BUILD_TABLE row: 3type: rule
BUILD_TABLE emit rule num: 3content: t\,=\,t+ dt
BUILD_TABLE after-emit table tail: {longtblr}[theme={numodel}]{colspec={r|l|l},
rowhead=1}&\textbf {model}&\textbf {initial values}\\\hline \rule {0pt}{2.6ex}1
&$v\,=\,v+ g\cdot   dt$&${\quizTtext }=\quizTqty $\\\rule {0pt}{2.6ex}2&$y\,=\,
y+ v\cdot   dt$&${\quizDttext }=\quizDtqty $\\\rule {0pt}{2.6ex}3&$t\,=\,t+ dt$
&
BUILD_TABLE iter row: 3
BUILD_TABLE row: 4type: rule
BUILD_TABLE emit rule num: 4content: \protect \protect \unhbox \voidb@x \hbox {
IF }y\leqslant   0\protect \protect \unhbox \voidb@x \hbox { THEN}\protect \pro
tect \unhbox \voidb@x \hbox { STOP }\protect \protect \unhbox \voidb@x \hbox {E
NDIF}
BUILD_TABLE after-emit table tail: {longtblr}[theme={numodel}]{colspec={r|l|l},
rowhead=1}&\textbf {model}&\textbf {initial values}\\\hline \rule {0pt}{2.6ex}1
&$v\,=\,v+ g\cdot   dt$&${\quizTtext }=\quizTqty $\\\rule {0pt}{2.6ex}2&$y\,=\,
y+ v\cdot   dt$&${\quizDttext }=\quizDtqty $\\\rule {0pt}{2.6ex}3&$t\,=\,t+ dt$
&${\quizVtext }=\quizVqty $\\\rule {0pt}{2.6ex}4&$\protect \protect \unhbox \vo
idb@x \hbox {IF }y\leqslant   0\protect \protect \unhbox \voidb@x \hbox { THEN}
\protect \protect \unhbox \voidb@x \hbox { STOP }\protect \protect \unhbox \voi
db@x \hbox {ENDIF}$&
TEXTMODEL table: \begin {longtblr}[theme={numodel}]{colspec={r|l|l},rowhead=1}&
\textbf {model}&\textbf {initial values}\\\hline \rule {0pt}{2.6ex}1&$v\,=\,v+ 
g\cdot   dt$&${\quizTtext }=\quizTqty $\\\rule {0pt}{2.6ex}2&$y\,=\,y+ v\cdot  
 dt$&${\quizDttext }=\quizDtqty $\\\rule {0pt}{2.6ex}3&$t\,=\,t+ dt$&${\quizVte
xt }=\quizVqty $\\\rule {0pt}{2.6ex}4&$\protect \protect \unhbox \voidb@x \hbox
 {IF }y\leqslant   0\protect \protect \unhbox \voidb@x \hbox { THEN}\protect \p
rotect \unhbox \voidb@x \hbox { STOP }\protect \protect \unhbox \voidb@x \hbox 
{ENDIF}$&${\quizYtext }={\quizYaliasright }$\\&&${\quizGalias }$\\\end {longtbl
r}
TEXTMODEL done
[13]
Overfull \hbox (15.98227pt too wide) in paragraph at lines 1125--1125
 []\TU/FiraMono(0)/m/n/10 \switchmodelprefix{ball}\textmodel\computemodel\diagra
mmodel{T}{Y}{fall}[] 
 []


Overfull \hbox (39.98227pt too wide) in paragraph at lines 1128--1128
 []\TU/FiraMono(0)/m/n/10 \switchmodelprefix{spring}\textmodel\computemodel\diag
rammodel{T}{X}{spring}[] 
 []

[14] (./numodel-manual.aux)
 ***********
LaTeX2e <2025-11-01>
L3 programming layer <2026-01-19>
 ***********
Package rerunfilecheck Info: File `numodel-manual.out' has not changed.
(rerunfilecheck)             Checksum: C1D0C56A59CDF99C1F7D16495CA64573;3335.
Package rerunfilecheck Info: File `numodel-manual.hd' has not changed.
(rerunfilecheck)             Checksum: D41D8CD98F00B204E9800998ECF8427E;0.
)

Here is how much of LuaTeX's memory you used:
 57805 strings out of 476076
 305231,2373549 words of node,token memory allocated
 556 words of node memory still in use:
   6 hlist, 2 vlist, 2 rule, 3 glue, 4 kern, 1 glyph, 9 attribute, 62 glue_spec,
 9 attribute_list, 2 write nodes
   avail lists: 1:2,2:9476,3:3335,4:524,5:4642,6:368,7:17153,8:26,9:10822,10:42,
11:2204
 78975 multiletter control sequences out of 65536+600000
 137 fonts using 47858447 bytes
 117i,21n,162p,798b,4328s stack positions out of 10000i,1000n,20000p,200000b,200000s
<c:/Windows/Fonts/ARIALNBI.TTF><c:/texlive/2025/texmf-dist/fonts/opentype/public
/fira/FiraMono-Oblique.otf><c:/texlive/2025/texmf-dist/fonts/opentype/public/fir
a/FiraMono-Bold.otf><c:/texlive/2025/texmf-dist/fonts/opentype/public/lete-sans-
math/LeteSansMath.otf><c:/texlive/2025/texmf-dist/fonts/opentype/public/lm/lmsan
s8-regular.otf><c:/texlive/2025/texmf-dist/fonts/opentype/public/lete-sans-math/
LeteSansMath.otf><c:/Windows/Fonts/ARIALNI.TTF><c:/texlive/2025/texmf-dist/fonts
/opentype/public/lm/lmsans10-regular.otf><c:/texlive/2025/texmf-dist/fonts/opent
ype/public/lm/lmsans9-regular.otf><c:/Windows/Fonts/arialbd.ttf><c:/texlive/2025
/texmf-dist/fonts/opentype/public/fira/FiraMono-Regular.otf><c:/texlive/2025/tex
mf-dist/fonts/opentype/public/lete-sans-math/LeteSansMath.otf><c:/texlive/2025/t
exmf-dist/fonts/opentype/public/lm/lmsans17-regular.otf><c:/Windows/Fonts/arial.
ttf>
Output written on numodel-manual.pdf (14 pages, 205615 bytes).

PDF statistics: 349 PDF objects out of 1000 (max. 8388607)
 288 compressed objects within 3 object streams
 98 named destinations out of 1000 (max. 1048576)
 168 words of extra memory for PDF output out of 10000 (max. 100000000)

