This is LuaHBTeX, Version 1.24.0 (TeX Live 2026)  (format=lualatex 2026.4.10)  17 MAY 2026 17:39
 restricted system commands enabled.
**numodel.dtx
(./numodel.dtx
LaTeX2e <2025-11-01>
L3 programming layer <2026-01-19>
Lua module: luaotfload 2024-12-03 v3.29 Lua based OpenType font support
Lua module: lualibs 2023-07-13 v2.76 ConTeXt Lua standard libraries.
Lua module: lualibs-extended 2023-07-13 v2.76 ConTeXt Lua libraries -- extended 
collection.
luaotfload | conf : Root cache directory is "C:/Users/paulz/.texlive2026/texmf-v
ar/luatex-cache/generic/names".
luaotfload | init : Loading fontloader "fontloader-2023-12-28.lua" from kpse-res
olved path "c:/texlive/2025/texmf-dist/tex/luatex/luaotfload/fontloader-2023-12-
28.lua".
Lua-only attribute luaotfload@noligature = 1
luaotfload | init : Context OpenType loader version 3.134
Inserting `luaotfload.node_processor' in `pre_linebreak_filter'.
Inserting `luaotfload.node_processor' in `hpack_filter'.
Inserting `luaotfload.glyph_stream' in `glyph_stream_provider'.
Inserting `luaotfload.define_font' in `define_font'.
Lua-only attribute luaotfload_color_attribute = 2
luaotfload | conf : Root cache directory is "C:/Users/paulz/.texlive2026/texmf-v
ar/luatex-cache/generic/names".
Inserting `luaotfload.harf.strip_prefix' in `find_opentype_file'.
Inserting `luaotfload.harf.strip_prefix' in `find_truetype_file'.
Removing  `luaotfload.glyph_stream' from `glyph_stream_provider'.
Inserting `luaotfload.harf.glyphstream' in `glyph_stream_provider'.
Inserting `luaotfload.harf.finalize_vlist' in `post_linebreak_filter'.
Inserting `luaotfload.harf.finalize_hlist' in `hpack_filter'.
Inserting `luaotfload.cleanup_files' in `wrapup_run'.
Inserting `luaotfload.harf.finalize_unicode' in `finish_pdffile'.
Inserting `luaotfload.glyphinfo' in `glyph_info'.
Lua-only attribute luaotfload.letterspace_done = 3
Inserting `luaotfload.aux.set_sscale_dimens' in `luaotfload.patch_font'.
Inserting `luaotfload.aux.set_font_index' in `luaotfload.patch_font'.
Inserting `luaotfload.aux.patch_cambria_domh' in `luaotfload.patch_font'.
Inserting `luaotfload.aux.fixup_fontdata' in `luaotfload.patch_font_unsafe'.
Inserting `luaotfload.aux.set_capheight' in `luaotfload.patch_font'.
Inserting `luaotfload.aux.set_xheight' in `luaotfload.patch_font'.
Inserting `luaotfload.rewrite_fontname' in `luaotfload.patch_font'.
Inserting `tracingstacklevels' in `input_level_string'.
File: numodel.dtx 2026/05/16 v0.2.0 numodel documentation
(c:/texlive/2025/texmf-dist/tex/latex/base/ltxdoc.cls
Document Class: ltxdoc 2024/02/08 v2.1j Standard LaTeX documentation class
*************************************
* Local config file ltxdoc.cfg used
*************************************
(c:/texlive/2025/texmf-dist/tex/latex/base/ltxdoc.cfg
File: ltxdoc.cfg 2022/06/14 v2.0d ltxdoc.cls configuration (LaTeX Project)
)
(c:/texlive/2025/texmf-dist/tex/latex/base/article.cls
Document Class: article 2025/01/22 v1.4n Standard LaTeX document class
(c:/texlive/2025/texmf-dist/tex/latex/base/size10.clo
File: size10.clo 2025/01/22 v1.4n Standard LaTeX file (size option)
luaotfload | db : Font names database loaded from C:/Users/paulz/.texlive2026/te
xmf-var/luatex-cache/generic/names/luaotfload-names.luc.gz)
\c@part=\count273
\c@section=\count274
\c@subsection=\count275
\c@subsubsection=\count276
\c@paragraph=\count277
\c@subparagraph=\count278
\c@figure=\count279
\c@table=\count280
\abovecaptionskip=\skip49
\belowcaptionskip=\skip50
\bibindent=\dimen147
)
(c:/texlive/2025/texmf-dist/tex/latex/base/doc.sty
Package: doc 2024/12/25 v3.0q Standard LaTeX documentation package V3 (FMi)
\c@StandardModuleDepth=\count281
\guard@level=\count282
\MacrocodeTopsep=\skip51
\MacroIndent=\dimen148
\macro@cnt=\count283
\MacroTopsep=\skip52
\IndexMin=\dimen149
\c@IndexColumns=\count284

(c:/texlive/2025/texmf-dist/tex/latex/tools/multicol.sty
Package: multicol 2025/10/21 v2.0b multicolumn formatting (FMi)
\c@tracingmulticols=\count285
\mult@box=\box53
\multicol@leftmargin=\dimen150
\c@unbalance=\count286
\c@collectmore=\count287
\doublecol@number=\count288
\multicoltolerance=\count289
\multicolpretolerance=\count290
\full@width=\dimen151
\page@free=\dimen152
\premulticols=\dimen153
\postmulticols=\dimen154
\multicolsep=\skip53
\multicolbaselineskip=\skip54
\partial@page=\box54
\last@line=\box55
\mc@boxedresult=\box56
\maxbalancingoverflow=\dimen155
\mult@rightbox=\box57
\mult@grightbox=\box58
\mult@firstbox=\box59
\mult@gfirstbox=\box60
\@tempa=\box61
\@tempa=\box62
\@tempa=\box63
\@tempa=\box64
\@tempa=\box65
\@tempa=\box66
\@tempa=\box67
\@tempa=\box68
\@tempa=\box69
\@tempa=\box70
\@tempa=\box71
\@tempa=\box72
\@tempa=\box73
\@tempa=\box74
\@tempa=\box75
\@tempa=\box76
\@tempa=\box77
\@tempa=\box78
\@tempa=\box79
\@tempa=\box80
\@tempa=\box81
\@tempa=\box82
\@tempa=\box83
\@tempa=\box84
\@tempa=\box85
\@tempa=\box86
\@tempa=\box87
\@tempa=\box88
\@tempa=\box89
\@tempa=\box90
\@tempa=\box91
\@tempa=\box92
\@tempa=\box93
\@tempa=\box94
\@tempa=\box95
\@tempa=\box96
\c@minrows=\count291
\c@columnbadness=\count292
\c@finalcolumnbadness=\count293
\last@try=\dimen156
\multicolovershoot=\dimen157
\multicolundershoot=\dimen158
\mult@nat@firstbox=\box97
\colbreak@box=\box98
\mc@col@check@num=\count294
\g__mc_curr_col_int=\count295
)
\GlossaryMin=\dimen159
\c@GlossaryColumns=\count296
\check@sum=\count297
\bslash@cnt=\count298
\wrong@table=\toks17
\c@CodelineNo=\count299
\@temptokenb=\toks18
))
(c:/Users/paulz/texmf/tex/latex/numodel-bundle/numodel/numodel.sty
Package: numodel 2026/05/16 v0.2.0 Numerical physics models with Euler integrat
ion and Forrester diagrams

(c:/texlive/2025/texmf-dist/tex/latex/l3kernel/expl3.sty
Package: expl3 2026-01-19 L3 programming layer (loader) 

(c:/texlive/2025/texmf-dist/tex/latex/l3backend/l3backend-luatex.def
File: l3backend-luatex.def 2025-10-09 L3 backend support: PDF output (LuaTeX)
\l__color_backend_stack_int=\count300
Inserting `l3color' in `luaotfload.parse_color'.))
(c:/texlive/2025/texmf-dist/tex/latex/l3packages/xparse/xparse.sty
Package: xparse 2025-10-09 L3 Experimental document command parser
)
(c:/texlive/2025/texmf-dist/tex/latex/l3packages/l3keys2e/l3keys2e.sty
Package: l3keys2e 2025-10-09 LaTeX2e option processing using LaTeX3 keys
)
(c:/texlive/2025/texmf-dist/tex/latex/amsmath/amsmath.sty
Package: amsmath 2025/07/09 v2.17z AMS math features
\@mathmargin=\skip55

For additional information on amsmath, use the `?' option.
(c:/texlive/2025/texmf-dist/tex/latex/amsmath/amstext.sty
Package: amstext 2024/11/17 v2.01 AMS text

(c:/texlive/2025/texmf-dist/tex/latex/amsmath/amsgen.sty
File: amsgen.sty 1999/11/30 v2.0 generic functions
\@emptytoks=\toks19
\ex@=\dimen160
))
(c:/texlive/2025/texmf-dist/tex/latex/amsmath/amsbsy.sty
Package: amsbsy 1999/11/29 v1.2d Bold Symbols
\pmbraise@=\dimen161
)
(c:/texlive/2025/texmf-dist/tex/latex/amsmath/amsopn.sty
Package: amsopn 2022/04/08 v2.04 operator names
)
\inf@bad=\count301
LaTeX Info: Redefining \frac on input line 235.
\uproot@=\count302
\leftroot@=\count303
LaTeX Info: Redefining \overline on input line 398.
LaTeX Info: Redefining \colon on input line 409.
\classnum@=\count304
\DOTSCASE@=\count305
LaTeX Info: Redefining \ldots on input line 495.
LaTeX Info: Redefining \dots on input line 498.
LaTeX Info: Redefining \cdots on input line 619.
\Mathstrutbox@=\box99
\strutbox@=\box100
LaTeX Info: Redefining \big on input line 721.
LaTeX Info: Redefining \Big on input line 722.
LaTeX Info: Redefining \bigg on input line 723.
LaTeX Info: Redefining \Bigg on input line 724.
\big@size=\dimen162
LaTeX Font Info:    Redeclaring font encoding OML on input line 742.
LaTeX Font Info:    Redeclaring font encoding OMS on input line 743.
\macc@depth=\count306
LaTeX Info: Redefining \bmod on input line 904.
LaTeX Info: Redefining \pmod on input line 909.
LaTeX Info: Redefining \smash on input line 939.
LaTeX Info: Redefining \relbar on input line 969.
LaTeX Info: Redefining \Relbar on input line 970.
\c@MaxMatrixCols=\count307
\dotsspace@=\muskip17
\c@parentequation=\count308
\dspbrk@lvl=\count309
\tag@help=\toks20
\row@=\count310
\column@=\count311
\maxfields@=\count312
\andhelp@=\toks21
\eqnshift@=\dimen163
\alignsep@=\dimen164
\tagshift@=\dimen165
\tagwidth@=\dimen166
\totwidth@=\dimen167
\lineht@=\dimen168
\@envbody=\toks22
\multlinegap=\skip56
\multlinetaggap=\skip57
\mathdisplay@stack=\toks23
LaTeX Info: Redefining \[ on input line 2950.
LaTeX Info: Redefining \] on input line 2951.
)
(c:/texlive/2025/texmf-dist/tex/latex/amsfonts/amssymb.sty
Package: amssymb 2013/01/14 v3.01 AMS font symbols

(c:/texlive/2025/texmf-dist/tex/latex/amsfonts/amsfonts.sty
Package: amsfonts 2013/01/14 v3.01 Basic AMSFonts support
\symAMSa=\mathgroup4
\symAMSb=\mathgroup5
LaTeX Font Info:    Redeclaring math symbol \hbar on input line 98.
LaTeX Font Info:    Overwriting math alphabet `\mathfrak' in version `bold'
(Font)                  U/euf/m/n --> U/euf/b/n on input line 106.
))
(c:/texlive/2025/texmf-dist/tex/latex/pgf/frontendlayer/tikz.sty
(c:/texlive/2025/texmf-dist/tex/latex/pgf/basiclayer/pgf.sty
(c:/texlive/2025/texmf-dist/tex/latex/pgf/utilities/pgfrcs.sty
(c:/texlive/2025/texmf-dist/tex/generic/pgf/utilities/pgfutil-common.tex
\pgfutil@everybye=\toks24
\pgfutil@tempdima=\dimen169
\pgfutil@tempdimb=\dimen170
)
(c:/texlive/2025/texmf-dist/tex/generic/pgf/utilities/pgfutil-latex.def
\pgfutil@abb=\box101
)
(c:/texlive/2025/texmf-dist/tex/generic/pgf/utilities/pgfrcs.code.tex
(c:/texlive/2025/texmf-dist/tex/generic/pgf/pgf.revision.tex)
Package: pgfrcs 2025-08-29 v3.1.11a (3.1.11a)
))
Package: pgf 2025-08-29 v3.1.11a (3.1.11a)

(c:/texlive/2025/texmf-dist/tex/latex/pgf/basiclayer/pgfcore.sty
(c:/texlive/2025/texmf-dist/tex/latex/graphics/graphicx.sty
Package: graphicx 2024/12/31 v1.2e Enhanced LaTeX Graphics (DPC,SPQR)

(c:/texlive/2025/texmf-dist/tex/latex/graphics/keyval.sty
Package: keyval 2022/05/29 v1.15 key=value parser (DPC)
\KV@toks@=\toks25
)
(c:/texlive/2025/texmf-dist/tex/latex/graphics/graphics.sty
Package: graphics 2024/08/06 v1.4g Standard LaTeX Graphics (DPC,SPQR)

(c:/texlive/2025/texmf-dist/tex/latex/graphics/trig.sty
Package: trig 2023/12/02 v1.11 sin cos tan (DPC)
)
(c:/texlive/2025/texmf-dist/tex/latex/graphics-cfg/graphics.cfg
File: graphics.cfg 2016/06/04 v1.11 sample graphics configuration
)
Package graphics Info: Driver file: luatex.def on input line 106.

(c:/texlive/2025/texmf-dist/tex/latex/graphics-def/luatex.def
File: luatex.def 2025/09/29 v1.2f Graphics/color driver for luatex
))
\Gin@req@height=\dimen171
\Gin@req@width=\dimen172
)
(c:/texlive/2025/texmf-dist/tex/latex/pgf/systemlayer/pgfsys.sty
(c:/texlive/2025/texmf-dist/tex/generic/pgf/systemlayer/pgfsys.code.tex
Package: pgfsys 2025-08-29 v3.1.11a (3.1.11a)

(c:/texlive/2025/texmf-dist/tex/generic/pgf/utilities/pgfkeys.code.tex
\pgfkeys@pathtoks=\toks26
\pgfkeys@temptoks=\toks27

(c:/texlive/2025/texmf-dist/tex/generic/pgf/utilities/pgfkeyslibraryfiltered.co
de.tex
\pgfkeys@tmptoks=\toks28
))
\pgf@x=\dimen173
\pgf@y=\dimen174
\pgf@xa=\dimen175
\pgf@ya=\dimen176
\pgf@xb=\dimen177
\pgf@yb=\dimen178
\pgf@xc=\dimen179
\pgf@yc=\dimen180
\pgf@xd=\dimen181
\pgf@yd=\dimen182
\w@pgf@writea=\write3
\r@pgf@reada=\read2
\c@pgf@counta=\count313
\c@pgf@countb=\count314
\c@pgf@countc=\count315
\c@pgf@countd=\count316
\t@pgf@toka=\toks29
\t@pgf@tokb=\toks30
\t@pgf@tokc=\toks31
\pgf@sys@id@count=\count317
 (c:/texlive/2025/texmf-dist/tex/generic/pgf/systemlayer/pgf.cfg
File: pgf.cfg 2025-08-29 v3.1.11a (3.1.11a)
)
Driver file for pgf: pgfsys-luatex.def

(c:/texlive/2025/texmf-dist/tex/generic/pgf/systemlayer/pgfsys-luatex.def
File: pgfsys-luatex.def 2025-08-29 v3.1.11a (3.1.11a)

(c:/texlive/2025/texmf-dist/tex/generic/pgf/systemlayer/pgfsys-common-pdf.def
File: pgfsys-common-pdf.def 2025-08-29 v3.1.11a (3.1.11a)
)))
(c:/texlive/2025/texmf-dist/tex/generic/pgf/systemlayer/pgfsyssoftpath.code.tex
File: pgfsyssoftpath.code.tex 2025-08-29 v3.1.11a (3.1.11a)
\pgfsyssoftpath@smallbuffer@items=\count318
\pgfsyssoftpath@bigbuffer@items=\count319
)
(c:/texlive/2025/texmf-dist/tex/generic/pgf/systemlayer/pgfsysprotocol.code.tex
File: pgfsysprotocol.code.tex 2025-08-29 v3.1.11a (3.1.11a)
)) (c:/texlive/2025/texmf-dist/tex/latex/xcolor/xcolor.sty
Package: xcolor 2024/09/29 v3.02 LaTeX color extensions (UK)

(c:/texlive/2025/texmf-dist/tex/latex/graphics-cfg/color.cfg
File: color.cfg 2016/01/02 v1.6 sample color configuration
)
Package xcolor Info: Driver file: luatex.def on input line 274.

(c:/texlive/2025/texmf-dist/tex/latex/graphics/mathcolor.ltx)
Package xcolor Info: Model `cmy' substituted by `cmy0' on input line 1349.
Package xcolor Info: Model `hsb' substituted by `rgb' on input line 1353.
Package xcolor Info: Model `RGB' extended on input line 1365.
Package xcolor Info: Model `HTML' substituted by `rgb' on input line 1367.
Package xcolor Info: Model `Hsb' substituted by `hsb' on input line 1368.
Package xcolor Info: Model `tHsb' substituted by `hsb' on input line 1369.
Package xcolor Info: Model `HSB' substituted by `hsb' on input line 1370.
Package xcolor Info: Model `Gray' substituted by `gray' on input line 1371.
Package xcolor Info: Model `wave' substituted by `hsb' on input line 1372.
)
(c:/texlive/2025/texmf-dist/tex/generic/pgf/basiclayer/pgfcore.code.tex
Package: pgfcore 2025-08-29 v3.1.11a (3.1.11a)

(c:/texlive/2025/texmf-dist/tex/generic/pgf/math/pgfmath.code.tex
(c:/texlive/2025/texmf-dist/tex/generic/pgf/math/pgfmathutil.code.tex)
(c:/texlive/2025/texmf-dist/tex/generic/pgf/math/pgfmathparser.code.tex
\pgfmath@dimen=\dimen183
\pgfmath@count=\count320
\pgfmath@box=\box102
\pgfmath@toks=\toks32
\pgfmath@stack@operand=\toks33
\pgfmath@stack@operation=\toks34
)
(c:/texlive/2025/texmf-dist/tex/generic/pgf/math/pgfmathfunctions.code.tex)
(c:/texlive/2025/texmf-dist/tex/generic/pgf/math/pgfmathfunctions.basic.code.te
x)
(c:/texlive/2025/texmf-dist/tex/generic/pgf/math/pgfmathfunctions.trigonometric
.code.tex)
(c:/texlive/2025/texmf-dist/tex/generic/pgf/math/pgfmathfunctions.random.code.t
ex)
(c:/texlive/2025/texmf-dist/tex/generic/pgf/math/pgfmathfunctions.comparison.co
de.tex)
(c:/texlive/2025/texmf-dist/tex/generic/pgf/math/pgfmathfunctions.base.code.tex
)
(c:/texlive/2025/texmf-dist/tex/generic/pgf/math/pgfmathfunctions.round.code.te
x)
(c:/texlive/2025/texmf-dist/tex/generic/pgf/math/pgfmathfunctions.misc.code.tex
)
(c:/texlive/2025/texmf-dist/tex/generic/pgf/math/pgfmathfunctions.integerarithm
etics.code.tex)
(c:/texlive/2025/texmf-dist/tex/generic/pgf/math/pgfmathcalc.code.tex)
(c:/texlive/2025/texmf-dist/tex/generic/pgf/math/pgfmathfloat.code.tex
\c@pgfmathroundto@lastzeros=\count321
))
(c:/texlive/2025/texmf-dist/tex/generic/pgf/math/pgfint.code.tex)
(c:/texlive/2025/texmf-dist/tex/generic/pgf/basiclayer/pgfcorepoints.code.tex
File: pgfcorepoints.code.tex 2025-08-29 v3.1.11a (3.1.11a)
\pgf@picminx=\dimen184
\pgf@picmaxx=\dimen185
\pgf@picminy=\dimen186
\pgf@picmaxy=\dimen187
\pgf@pathminx=\dimen188
\pgf@pathmaxx=\dimen189
\pgf@pathminy=\dimen190
\pgf@pathmaxy=\dimen191
\pgf@xx=\dimen192
\pgf@xy=\dimen193
\pgf@yx=\dimen194
\pgf@yy=\dimen195
\pgf@zx=\dimen196
\pgf@zy=\dimen197
)
(c:/texlive/2025/texmf-dist/tex/generic/pgf/basiclayer/pgfcorepathconstruct.cod
e.tex
File: pgfcorepathconstruct.code.tex 2025-08-29 v3.1.11a (3.1.11a)
\pgf@path@lastx=\dimen198
\pgf@path@lasty=\dimen199
)
(c:/texlive/2025/texmf-dist/tex/generic/pgf/basiclayer/pgfcorepathusage.code.te
x
File: pgfcorepathusage.code.tex 2025-08-29 v3.1.11a (3.1.11a)
\pgf@shorten@end@additional=\dimen256
\pgf@shorten@start@additional=\dimen257
)
(c:/texlive/2025/texmf-dist/tex/generic/pgf/basiclayer/pgfcorescopes.code.tex
File: pgfcorescopes.code.tex 2025-08-29 v3.1.11a (3.1.11a)
\pgfpic=\box103
\pgf@hbox=\box104
\pgf@layerbox@main=\box105
\pgf@picture@serial@count=\count322
)
(c:/texlive/2025/texmf-dist/tex/generic/pgf/basiclayer/pgfcoregraphicstate.code
.tex
File: pgfcoregraphicstate.code.tex 2025-08-29 v3.1.11a (3.1.11a)
\pgflinewidth=\dimen258
)
(c:/texlive/2025/texmf-dist/tex/generic/pgf/basiclayer/pgfcoretransformations.c
ode.tex
File: pgfcoretransformations.code.tex 2025-08-29 v3.1.11a (3.1.11a)
\pgf@pt@x=\dimen259
\pgf@pt@y=\dimen260
\pgf@pt@temp=\dimen261
)
(c:/texlive/2025/texmf-dist/tex/generic/pgf/basiclayer/pgfcorequick.code.tex
File: pgfcorequick.code.tex 2025-08-29 v3.1.11a (3.1.11a)
)
(c:/texlive/2025/texmf-dist/tex/generic/pgf/basiclayer/pgfcoreobjects.code.tex
File: pgfcoreobjects.code.tex 2025-08-29 v3.1.11a (3.1.11a)
)
(c:/texlive/2025/texmf-dist/tex/generic/pgf/basiclayer/pgfcorepathprocessing.co
de.tex
File: pgfcorepathprocessing.code.tex 2025-08-29 v3.1.11a (3.1.11a)
)
(c:/texlive/2025/texmf-dist/tex/generic/pgf/basiclayer/pgfcorearrows.code.tex
File: pgfcorearrows.code.tex 2025-08-29 v3.1.11a (3.1.11a)
\pgfarrowsep=\dimen262
)
(c:/texlive/2025/texmf-dist/tex/generic/pgf/basiclayer/pgfcoreshade.code.tex
File: pgfcoreshade.code.tex 2025-08-29 v3.1.11a (3.1.11a)
\pgf@max=\dimen263
\pgf@sys@shading@range@num=\count323
\pgf@shadingcount=\count324
)
(c:/texlive/2025/texmf-dist/tex/generic/pgf/basiclayer/pgfcoreimage.code.tex
File: pgfcoreimage.code.tex 2025-08-29 v3.1.11a (3.1.11a)
)
(c:/texlive/2025/texmf-dist/tex/generic/pgf/basiclayer/pgfcoreexternal.code.tex
File: pgfcoreexternal.code.tex 2025-08-29 v3.1.11a (3.1.11a)
\pgfexternal@startupbox=\box106
) (c:/texlive/2025/texmf-dist/tex/generic/pgf/basiclayer/pgfcorelayers.code.tex
File: pgfcorelayers.code.tex 2025-08-29 v3.1.11a (3.1.11a)
)
(c:/texlive/2025/texmf-dist/tex/generic/pgf/basiclayer/pgfcoretransparency.code
.tex
File: pgfcoretransparency.code.tex 2025-08-29 v3.1.11a (3.1.11a)
)
(c:/texlive/2025/texmf-dist/tex/generic/pgf/basiclayer/pgfcorepatterns.code.tex
File: pgfcorepatterns.code.tex 2025-08-29 v3.1.11a (3.1.11a)
) (c:/texlive/2025/texmf-dist/tex/generic/pgf/basiclayer/pgfcorerdf.code.tex
File: pgfcorerdf.code.tex 2025-08-29 v3.1.11a (3.1.11a)
))) (c:/texlive/2025/texmf-dist/tex/generic/pgf/modules/pgfmoduleshapes.code.te
x
File: pgfmoduleshapes.code.tex 2025-08-29 v3.1.11a (3.1.11a)
\pgfnodeparttextbox=\box107
)
(c:/texlive/2025/texmf-dist/tex/generic/pgf/modules/pgfmoduleplot.code.tex
File: pgfmoduleplot.code.tex 2025-08-29 v3.1.11a (3.1.11a)
)
(c:/texlive/2025/texmf-dist/tex/latex/pgf/compatibility/pgfcomp-version-0-65.st
y
Package: pgfcomp-version-0-65 2025-08-29 v3.1.11a (3.1.11a)
\pgf@nodesepstart=\dimen264
\pgf@nodesepend=\dimen265
)
(c:/texlive/2025/texmf-dist/tex/latex/pgf/compatibility/pgfcomp-version-1-18.st
y
Package: pgfcomp-version-1-18 2025-08-29 v3.1.11a (3.1.11a)
)) (c:/texlive/2025/texmf-dist/tex/latex/pgf/utilities/pgffor.sty
(c:/texlive/2025/texmf-dist/tex/latex/pgf/utilities/pgfkeys.sty
(c:/texlive/2025/texmf-dist/tex/generic/pgf/utilities/pgfkeys.code.tex))
(c:/texlive/2025/texmf-dist/tex/latex/pgf/math/pgfmath.sty
(c:/texlive/2025/texmf-dist/tex/generic/pgf/math/pgfmath.code.tex))
(c:/texlive/2025/texmf-dist/tex/generic/pgf/utilities/pgffor.code.tex
Package: pgffor 2025-08-29 v3.1.11a (3.1.11a)
\pgffor@iter=\dimen266
\pgffor@skip=\dimen267
\pgffor@stack=\toks35
\pgffor@toks=\toks36
))
(c:/texlive/2025/texmf-dist/tex/generic/pgf/frontendlayer/tikz/tikz.code.tex
Package: tikz 2025-08-29 v3.1.11a (3.1.11a)

(c:/texlive/2025/texmf-dist/tex/generic/pgf/libraries/pgflibraryplothandlers.co
de.tex
File: pgflibraryplothandlers.code.tex 2025-08-29 v3.1.11a (3.1.11a)
\pgf@plot@mark@count=\count325
\pgfplotmarksize=\dimen268
)
\tikz@lastx=\dimen269
\tikz@lasty=\dimen270
\tikz@lastxsaved=\dimen271
\tikz@lastysaved=\dimen272
\tikz@lastmovetox=\dimen273
\tikz@lastmovetoy=\dimen274
\tikzleveldistance=\dimen275
\tikzsiblingdistance=\dimen276
\tikz@figbox=\box108
\tikz@figbox@bg=\box109
\tikz@tempbox=\box110
\tikz@tempbox@bg=\box111
\tikztreelevel=\count326
\tikznumberofchildren=\count327
\tikznumberofcurrentchild=\count328
\tikz@fig@count=\count329

(c:/texlive/2025/texmf-dist/tex/generic/pgf/modules/pgfmodulematrix.code.tex
File: pgfmodulematrix.code.tex 2025-08-29 v3.1.11a (3.1.11a)
\pgfmatrixcurrentrow=\count330
\pgfmatrixcurrentcolumn=\count331
\pgf@matrix@numberofcolumns=\count332
)
\tikz@expandcount=\count333

(c:/texlive/2025/texmf-dist/tex/generic/pgf/frontendlayer/tikz/libraries/tikzli
brarytopaths.code.tex
File: tikzlibrarytopaths.code.tex 2025-08-29 v3.1.11a (3.1.11a)
)))
(c:/texlive/2025/texmf-dist/tex/generic/pgf/frontendlayer/tikz/libraries/tikzli
braryshapes.symbols.code.tex
File: tikzlibraryshapes.symbols.code.tex 2025-08-29 v3.1.11a (3.1.11a)

(c:/texlive/2025/texmf-dist/tex/generic/pgf/libraries/shapes/pgflibraryshapes.s
ymbols.code.tex
File: pgflibraryshapes.symbols.code.tex 2025-08-29 v3.1.11a (3.1.11a)
))
(c:/texlive/2025/texmf-dist/tex/generic/pgf/libraries/pgflibraryarrows.meta.cod
e.tex
File: pgflibraryarrows.meta.code.tex 2025-08-29 v3.1.11a (3.1.11a)
\pgfarrowinset=\dimen277
\pgfarrowlength=\dimen278
\pgfarrowwidth=\dimen279
\pgfarrowlinewidth=\dimen280
) (c:/texlive/2025/texmf-dist/tex/lualatex/luacode/luacode.sty
Package: luacode 2012/01/23 v1.2a lua-in-tex helpers (mpg)

(c:/texlive/2025/texmf-dist/tex/generic/iftex/ifluatex.sty
Package: ifluatex 2019/10/25 v1.5 ifluatex legacy package. Use iftex instead.

(c:/texlive/2025/texmf-dist/tex/generic/iftex/iftex.sty
Package: iftex 2024/12/12 v1.0g TeX engine tests
))
(c:/texlive/2025/texmf-dist/tex/luatex/luatexbase/luatexbase.sty
Package: luatexbase 2015/10/04 v1.3 luatexbase interface to LuaTeX 

(c:/texlive/2025/texmf-dist/tex/luatex/ctablestack/ctablestack.sty
Package: ctablestack 2015/10/01 v1.0 Catcode table stable support
\@catcodetablestackcnt=\count334
)
\CatcodeTableOther=\catcodetable14
\CatcodeTableExpl=\catcodetable15
)
\luacode@lines=\toks37
\luacode@table@soft=\catcodetable16
)
(c:/texlive/2025/texmf-dist/tex/latex/siunitx/siunitx.sty
Package: siunitx 2025-07-09 v3.4.14 A comprehensive (SI) units package
\l__siunitx_number_uncert_offset_int=\count335
\l__siunitx_number_exponent_fixed_int=\count336
\l__siunitx_number_min_decimal_int=\count337
\l__siunitx_number_min_integer_int=\count338
\l__siunitx_number_round_precision_int=\count339
\l__siunitx_number_lower_threshold_int=\count340
\l__siunitx_number_upper_threshold_int=\count341
\l__siunitx_number_group_first_int=\count342
\l__siunitx_number_group_size_int=\count343
\l__siunitx_number_group_minimum_int=\count344
\l__siunitx_angle_tmp_dim=\dimen281
\l__siunitx_angle_marker_box=\box112
\l__siunitx_angle_unit_box=\box113
\l__siunitx_compound_count_int=\count345

(c:/texlive/2025/texmf-dist/tex/latex/translations/translations.sty
Package: translations 2022/02/05 v1.12 internationalization of LaTeX2e packages
 (CN)

(c:/texlive/2025/texmf-dist/tex/latex/etoolbox/etoolbox.sty
Package: etoolbox 2025/10/02 v2.5m e-TeX tools for LaTeX (JAW)
\etb@tempcnta=\count346
)
(c:/texlive/2025/texmf-dist/tex/generic/pdftexcmds/pdftexcmds.sty
Package: pdftexcmds 2020-06-27 v0.33 Utility functions of pdfTeX for LuaTeX (HO
)

(c:/texlive/2025/texmf-dist/tex/generic/infwarerr/infwarerr.sty
Package: infwarerr 2019/12/03 v1.5 Providing info/warning/error messages (HO)
)
(c:/texlive/2025/texmf-dist/tex/generic/ltxcmds/ltxcmds.sty
Package: ltxcmds 2023-12-04 v1.26 LaTeX kernel commands for general use (HO)
)
Package pdftexcmds Info: \pdf@primitive is available.
Package pdftexcmds Info: \pdf@ifprimitive is available.
Package pdftexcmds Info: \pdfdraftmode found.
\pdftexcmds@toks=\toks38
))
\l__siunitx_table_tmp_box=\box114
\l__siunitx_table_tmp_dim=\dimen282
\l__siunitx_table_column_width_dim=\dimen283
\l__siunitx_table_integer_box=\box115
\l__siunitx_table_decimal_box=\box116
\l__siunitx_table_uncert_box=\box117
\l__siunitx_table_before_box=\box118
\l__siunitx_table_after_box=\box119
\l__siunitx_table_before_dim=\dimen284
\l__siunitx_table_carry_dim=\dimen285
\l__siunitx_unit_tmp_int=\count347
\l__siunitx_unit_position_int=\count348
\l__siunitx_unit_total_int=\count349

(c:/texlive/2025/texmf-dist/tex/latex/tools/array.sty
Package: array 2025/09/25 v2.6n Tabular extension package (FMi)
\col@sep=\dimen286
\ar@mcellbox=\box120
\extrarowheight=\dimen287
\NC@list=\toks39
\extratabsurround=\skip58
\backup@length=\skip59
\ar@cellbox=\box121
))
(c:/texlive/2025/texmf-dist/tex/latex/float/float.sty
Package: float 2001/11/08 v1.3d Float enhancements (AL)
\c@float@type=\count350
\float@exts=\toks40
\float@box=\box122
\@float@everytoks=\toks41
\@floatcapt=\box123
)
(c:/Users/paulz/texmf/tex/latex/numodel-bundle/numodel-plot/numodel-plot.sty
Package: numodel-plot 2026/05/16 v0.2.0 Auto-sizing PGFPlots engine

(c:/texlive/2025/texmf-dist/tex/latex/pgfplots/pgfplots.sty
(c:/texlive/2025/texmf-dist/tex/generic/pgfplots/pgfplots.revision.tex)
Package: pgfplots 2025/08/14 v1.18.2 Data Visualization (1.18.2)

(c:/texlive/2025/texmf-dist/tex/generic/pgfplots/pgfplots.code.tex
(c:/texlive/2025/texmf-dist/tex/generic/pgfplots/pgfplotscore.code.tex
Package pgfplots info on input line 124: Initializing with LUA version Lua 5.3
\pgfplots@luabackend@table=\catcodetable17
\t@pgfplots@toka=\toks42
\t@pgfplots@tokb=\toks43
\t@pgfplots@tokc=\toks44
\pgfplots@tmpa=\dimen288
\c@pgfplots@coordindex=\count351
\c@pgfplots@scanlineindex=\count352

(c:/texlive/2025/texmf-dist/tex/generic/pgfplots/sys/pgfplotssysgeneric.code.te
x))
(c:/texlive/2025/texmf-dist/tex/generic/pgfplots/libs/pgfplotslibrary.code.tex)
(c:/texlive/2025/texmf-dist/tex/generic/pgfplots/oldpgfcompatib/pgfplotsoldpgfs
upp_loader.code.tex
(c:/texlive/2025/texmf-dist/tex/generic/pgf/libraries/pgflibraryfpu.code.tex)
(c:/texlive/2025/texmf-dist/tex/generic/pgfplots/oldpgfcompatib/pgfplotsoldpgfs
upp_pgfutil-common-lists.tex)
(c:/texlive/2025/texmf-dist/tex/generic/pgf/libraries/luamath/pgflibraryluamath
.code.tex)
Package pgfplots info on input line 292: luamath library shipped with pgf 3.1.1
1a is up-to-date
)
(c:/texlive/2025/texmf-dist/tex/generic/pgfplots/util/pgfplotsutil.code.tex
Package pgfplots info on input line 82: Found new luatex: initializing lua comm
ands instead of write18 (shell-escape)

(c:/texlive/2025/texmf-dist/tex/generic/pgfplots/liststructure/pgfplotsliststru
cture.code.tex)
(c:/texlive/2025/texmf-dist/tex/generic/pgfplots/liststructure/pgfplotsliststru
ctureext.code.tex)
(c:/texlive/2025/texmf-dist/tex/generic/pgfplots/liststructure/pgfplotsarray.co
de.tex
\c@pgfplotsarray@tmp=\count353
)
(c:/texlive/2025/texmf-dist/tex/generic/pgfplots/liststructure/pgfplotsmatrix.c
ode.tex)
(c:/texlive/2025/texmf-dist/tex/generic/pgfplots/numtable/pgfplotstableshared.c
ode.tex
\c@pgfplotstable@counta=\count354
\t@pgfplotstable@a=\toks45
)
(c:/texlive/2025/texmf-dist/tex/generic/pgfplots/liststructure/pgfplotsdeque.co
de.tex)
(c:/texlive/2025/texmf-dist/tex/generic/pgfplots/util/pgfplotsbinary.code.tex
(c:/texlive/2025/texmf-dist/tex/generic/pgfplots/util/pgfplotsbinary.data.code.
tex))
(c:/texlive/2025/texmf-dist/tex/generic/pgfplots/util/pgfplotsutil.verb.code.te
x)
(c:/texlive/2025/texmf-dist/tex/generic/pgfplots/libs/pgflibrarypgfplots.surfsh
ading.code.tex
\c@pgfplotslibrarysurf@no=\count355

(c:/texlive/2025/texmf-dist/tex/generic/pgfplots/sys/pgflibrarypgfplots.surfsha
ding.pgfsys-luatex.def)))
(c:/texlive/2025/texmf-dist/tex/generic/pgfplots/util/pgfplotscolormap.code.tex
(c:/texlive/2025/texmf-dist/tex/generic/pgfplots/util/pgfplotscolor.code.tex))
(c:/texlive/2025/texmf-dist/tex/generic/pgfplots/pgfplotsstackedplots.code.tex) (c:/texlive/2025/texmf-dist/tex/generic/pgfplots/pgfplotsplothandlers.code.tex
(c:/texlive/2025/texmf-dist/tex/generic/pgfplots/pgfplotsmeshplothandler.code.t
ex
(c:/texlive/2025/texmf-dist/tex/generic/pgfplots/pgfplotsmeshplotimage.code.tex
))) (c:/texlive/2025/texmf-dist/tex/generic/pgfplots/pgfplots.scaling.code.tex)
(c:/texlive/2025/texmf-dist/tex/generic/pgfplots/pgfplotscoordprocessing.code.t
ex)
(c:/texlive/2025/texmf-dist/tex/generic/pgfplots/pgfplots.errorbars.code.tex)
(c:/texlive/2025/texmf-dist/tex/generic/pgfplots/pgfplots.markers.code.tex)
(c:/texlive/2025/texmf-dist/tex/generic/pgfplots/pgfplotsticks.code.tex)
(c:/texlive/2025/texmf-dist/tex/generic/pgfplots/pgfplots.paths.code.tex)
(c:/texlive/2025/texmf-dist/tex/generic/pgf/frontendlayer/tikz/libraries/tikzli
brarydecorations.code.tex
(c:/texlive/2025/texmf-dist/tex/generic/pgf/modules/pgfmoduledecorations.code.t
ex
\pgfdecoratedcompleteddistance=\dimen289
\pgfdecoratedremainingdistance=\dimen290
\pgfdecoratedinputsegmentcompleteddistance=\dimen291
\pgfdecoratedinputsegmentremainingdistance=\dimen292
\pgf@decorate@distancetomove=\dimen293
\pgf@decorate@repeatstate=\count356
\pgfdecorationsegmentamplitude=\dimen294
\pgfdecorationsegmentlength=\dimen295
)
\tikz@lib@dec@box=\box124
)
(c:/texlive/2025/texmf-dist/tex/generic/pgf/frontendlayer/tikz/libraries/tikzli
brarydecorations.pathmorphing.code.tex
(c:/texlive/2025/texmf-dist/tex/generic/pgf/libraries/decorations/pgflibrarydec
orations.pathmorphing.code.tex))
(c:/texlive/2025/texmf-dist/tex/generic/pgf/frontendlayer/tikz/libraries/tikzli
brarydecorations.pathreplacing.code.tex
(c:/texlive/2025/texmf-dist/tex/generic/pgf/libraries/decorations/pgflibrarydec
orations.pathreplacing.code.tex))
(c:/texlive/2025/texmf-dist/tex/generic/pgfplots/libs/tikzlibrarypgfplots.conto
urlua.code.tex)
\pgfplots@numplots=\count357
\pgfplots@xmin@reg=\dimen296
\pgfplots@xmax@reg=\dimen297
\pgfplots@ymin@reg=\dimen298
\pgfplots@ymax@reg=\dimen299
\pgfplots@zmin@reg=\dimen300
\pgfplots@zmax@reg=\dimen301
)
(c:/texlive/2025/texmf-dist/tex/generic/pgf/frontendlayer/tikz/libraries/tikzli
braryplotmarks.code.tex
File: tikzlibraryplotmarks.code.tex 2025-08-29 v3.1.11a (3.1.11a)

(c:/texlive/2025/texmf-dist/tex/generic/pgf/libraries/pgflibraryplotmarks.code.
tex
File: pgflibraryplotmarks.code.tex 2025-08-29 v3.1.11a (3.1.11a)
)))
(c:/texlive/2025/texmf-dist/tex/generic/pgfplots/libs/tikzlibrarypgfplots.fillb
etween.code.tex
(c:/texlive/2025/texmf-dist/tex/generic/pgfplots/pgfcontrib/tikzlibraryfillbetw
een.code.tex
(c:/texlive/2025/texmf-dist/tex/generic/pgf/frontendlayer/tikz/libraries/tikzli
braryintersections.code.tex
(c:/texlive/2025/texmf-dist/tex/generic/pgf/libraries/pgflibraryintersections.c
ode.tex
\pgf@intersect@solutions=\count358
))
(c:/texlive/2025/texmf-dist/tex/generic/pgfplots/pgfcontrib/tikzlibrarydecorati
ons.softclip.code.tex
(c:/texlive/2025/texmf-dist/tex/generic/pgfplots/pgfcontrib/pgflibraryfillbetwe
en.code.tex)))
(c:/texlive/2025/texmf-dist/tex/generic/pgfplots/libs/tikzlibrarypgfplots.decor
ations.softclip.code.tex)))
\g_mrule_counter_int=\count359
\g_numodel_steps_int=\count360
\g_numodel_maxiter_int=\count361
\g_numodel_gridmaxx_int=\count362

(c:/Users/paulz/texmf/tex/latex/numodel-bundle/numodel/numodel-EN.def
File: numodel-EN.def 2026/05/16 v0.2.0 numodel keyword table -- English (XMILE)

)
\l__numodel_row_int=\count363
\l__numodel_dispnum_int=\count364
\l__numodel_startrow_int=\count365
\l__numodel_numrules_int=\count366
\l__numodel_numstarts_int=\count367
)
(c:/texlive/2025/texmf-dist/tex/latex/geometry/geometry.sty
Package: geometry 2026/03/07 v6.0 Page Geometry

(c:/texlive/2025/texmf-dist/tex/generic/iftex/ifvtex.sty
Package: ifvtex 2019/10/25 v1.7 ifvtex legacy package. Use iftex instead.
)
\Gm@cnth=\count368
\Gm@cntv=\count369
\c@Gm@tempcnt=\count370
\Gm@bindingoffset=\dimen302
\Gm@wd@mp=\dimen303
\Gm@odd@mp=\dimen304
\Gm@even@mp=\dimen305
\Gm@layoutwidth=\dimen306
\Gm@layoutheight=\dimen307
\Gm@layouthoffset=\dimen308
\Gm@layoutvoffset=\dimen309
\Gm@dimlist=\toks46
)
\@indexfile=\write4

\openout4 = numodel.idx

Writing index file numodel.idx
\@glossaryfile=\write5

\openout5 = numodel.glo
Writing glossary file numodel.glo 
(c:/texlive/2025/texmf-dist/tex/latex/hypdoc/hypdoc.sty
Package: hypdoc 2023-10-26 v1.19 Hyper extensions for doc.sty (HO)

(c:/texlive/2025/texmf-dist/tex/latex/base/atveryend-ltx.sty
Package: atveryend-ltx 2020/08/19 v1.0a Emulation of the original atveryend pac
kage
with kernel methods
)
(c:/texlive/2025/texmf-dist/tex/latex/hyperref/hyperref.sty
Package: hyperref 2026-01-29 v7.01p Hypertext links for LaTeX

(c:/texlive/2025/texmf-dist/tex/latex/kvsetkeys/kvsetkeys.sty
Package: kvsetkeys 2022-10-05 v1.19 Key value parser (HO)
)
(c:/texlive/2025/texmf-dist/tex/generic/kvdefinekeys/kvdefinekeys.sty
Package: kvdefinekeys 2019-12-19 v1.6 Define keys (HO)
)
(c:/texlive/2025/texmf-dist/tex/generic/pdfescape/pdfescape.sty
Package: pdfescape 2019/12/09 v1.15 Implements pdfTeX's escape features (HO)
)
(c:/texlive/2025/texmf-dist/tex/latex/hycolor/hycolor.sty
Package: hycolor 2020-01-27 v1.10 Color options for hyperref/bookmark (HO)
)
(c:/texlive/2025/texmf-dist/tex/latex/hyperref/nameref.sty
Package: nameref 2026-01-29 v2.58 Cross-referencing by name of section

(c:/texlive/2025/texmf-dist/tex/latex/refcount/refcount.sty
Package: refcount 2019/12/15 v3.6 Data extraction from label references (HO)
)
(c:/texlive/2025/texmf-dist/tex/generic/gettitlestring/gettitlestring.sty
Package: gettitlestring 2019/12/15 v1.6 Cleanup title references (HO)

(c:/texlive/2025/texmf-dist/tex/latex/kvoptions/kvoptions.sty
Package: kvoptions 2022-06-15 v3.15 Key value format for package options (HO)
))
\c@section@level=\count371
)
(c:/texlive/2025/texmf-dist/tex/generic/stringenc/stringenc.sty
Package: stringenc 2019/11/29 v1.12 Convert strings between diff. encodings (HO
)
)
\@linkdim=\dimen310
\Hy@linkcounter=\count372
\Hy@pagecounter=\count373

(c:/texlive/2025/texmf-dist/tex/latex/hyperref/pd1enc.def
File: pd1enc.def 2026-01-29 v7.01p Hyperref: PDFDocEncoding definition (HO)
)
(c:/texlive/2025/texmf-dist/tex/generic/intcalc/intcalc.sty
Package: intcalc 2019/12/15 v1.3 Expandable calculations with integers (HO)
)
\Hy@SavedSpaceFactor=\count374

(c:/texlive/2025/texmf-dist/tex/latex/hyperref/puenc.def
File: puenc.def 2026-01-29 v7.01p Hyperref: PDF Unicode definition (HO)
)
Package hyperref Info: Option `hyperindex' set `false' on input line 4072.
Package hyperref Info: Option `pdfusetitle' set `true' on input line 4072.
Package hyperref Info: Hyper figures OFF on input line 4201.
Package hyperref Info: Link nesting OFF on input line 4206.
Package hyperref Info: Hyper index OFF on input line 4211.
Package hyperref Info: Plain pages OFF on input line 4216.
Package hyperref Info: Backreferencing OFF on input line 4221.
Package hyperref Info: Implicit mode ON; LaTeX internals redefined.
Package hyperref Info: Bookmarks ON on input line 4468.
\c@Hy@tempcnt=\count375

(c:/texlive/2025/texmf-dist/tex/latex/url/url.sty
\Urlmuskip=\muskip18
Package: url 2013/09/16  ver 3.4  Verb mode for urls, etc.
)
LaTeX Info: Redefining \url on input line 4807.
\XeTeXLinkMargin=\dimen311

(c:/texlive/2025/texmf-dist/tex/generic/bitset/bitset.sty
Package: bitset 2019/12/09 v1.3 Handle bit-vector datatype (HO)

(c:/texlive/2025/texmf-dist/tex/generic/bigintcalc/bigintcalc.sty
Package: bigintcalc 2019/12/15 v1.5 Expandable calculations on big integers (HO
)
))
\Fld@menulength=\count376
\Field@Width=\dimen312
\Fld@charsize=\dimen313
Package hyperref Info: Hyper figures OFF on input line 6084.
Package hyperref Info: Link nesting OFF on input line 6089.
Package hyperref Info: Hyper index OFF on input line 6094.
Package hyperref Info: backreferencing OFF on input line 6099.
Package hyperref Info: Link coloring OFF on input line 6104.
Package hyperref Info: Link coloring with OCG OFF on input line 6109.
Package hyperref Info: PDF/A mode OFF on input line 6114.
\Hy@abspage=\count377
\c@Item=\count378
\c@Hfootnote=\count379
)
Package hyperref Info: Driver (autodetected): hluatex.

(c:/texlive/2025/texmf-dist/tex/latex/hyperref/hluatex.def
File: hluatex.def 2026-01-29 v7.01p Hyperref driver for luaTeX
\Fld@listcount=\count380
\c@bookmark@seq@number=\count381

(c:/texlive/2025/texmf-dist/tex/latex/rerunfilecheck/rerunfilecheck.sty
Package: rerunfilecheck 2025-06-21 v1.11 Rerun checks for auxiliary files (HO)

(c:/texlive/2025/texmf-dist/tex/generic/uniquecounter/uniquecounter.sty
Package: uniquecounter 2019/12/15 v1.4 Provide unlimited unique counter (HO)
)
Package uniquecounter Info: New unique counter `rerunfilecheck' on input line 2
84.
)
\Hy@SectionHShift=\skip60
)
Package hyperref Info: Option `colorlinks' set `true' on input line 75.
Package hyperref Info: Option `plainpages' set `false' on input line 75.
Package hyperref Info: Option `bookmarksopen' set `true' on input line 75.
Package hyperref Info: Option `bookmarksnumbered' set `true' on input line 75.
\c@HD@unique=\count382
\c@HD@hypercount=\count383
\HD@helplength=\skip61
)
Package translations Info: No language package found. I am going to use `englis
h' as default language. on input line 26.

(./numodel.aux)
\openout1 = numodel.aux

LaTeX Font Info:    Checking defaults for OML/cmm/m/it on input line 26.
LaTeX Font Info:    ... okay on input line 26.
LaTeX Font Info:    Checking defaults for OMS/cmsy/m/n on input line 26.
LaTeX Font Info:    ... okay on input line 26.
LaTeX Font Info:    Checking defaults for OT1/cmr/m/n on input line 26.
LaTeX Font Info:    ... okay on input line 26.
LaTeX Font Info:    Checking defaults for T1/cmr/m/n on input line 26.
LaTeX Font Info:    ... okay on input line 26.
LaTeX Font Info:    Checking defaults for TS1/cmr/m/n on input line 26.
LaTeX Font Info:    ... okay on input line 26.
LaTeX Font Info:    Checking defaults for TU/lmr/m/n on input line 26.
LaTeX Font Info:    ... okay on input line 26.
LaTeX Font Info:    Checking defaults for OMX/cmex/m/n on input line 26.
LaTeX Font Info:    ... okay on input line 26.
LaTeX Font Info:    Checking defaults for U/cmr/m/n on input line 26.
LaTeX Font Info:    ... okay on input line 26.
LaTeX Font Info:    Checking defaults for PD1/pdf/m/n on input line 26.
LaTeX Font Info:    ... okay on input line 26.
LaTeX Font Info:    Checking defaults for PU/pdf/m/n on input line 26.
LaTeX Font Info:    ... okay on input line 26.
Package doc Info: Made | a short reference for \verb on input line 26.
 (c:/texlive/2025/texmf-dist/tex/context/base/mkii/supp-pdf.mkii
[Loading MPS to PDF converter (version 2006.09.02).]
\scratchcounter=\count384
\scratchdimen=\dimen314
\scratchbox=\box125
\nofMPsegments=\count385
\nofMParguments=\count386
\everyMPshowfont=\toks47
\MPscratchCnt=\count387
\MPscratchDim=\dimen315
\MPnumerator=\count388
\makeMPintoPDFobject=\count389
\everyMPtoPDFconversion=\toks48
) (c:/texlive/2025/texmf-dist/tex/latex/epstopdf-pkg/epstopdf-base.sty
Package: epstopdf-base 2020-01-24 v2.11 Base part for package epstopdf
Package epstopdf-base Info: Redefining graphics rule for `.eps' on input line 4
85.

(c:/texlive/2025/texmf-dist/tex/latex/latexconfig/epstopdf-sys.cfg
File: epstopdf-sys.cfg 2010/07/13 v1.3 Configuration of (r)epstopdf for TeX Liv
e
))
(c:/texlive/2025/texmf-dist/tex/latex/translations/translations-basic-dictionar
y-english.trsl
File: translations-basic-dictionary-english.trsl (english translation file `tra
nslations-basic-dictionary')
)
Package translations Info: loading dictionary `translations-basic-dictionary' f
or `english'. on input line 26.

Package pgfplots notification 'compat/show suggested version=true': document ha
s been generated with the most recent feature set (\pgfplotsset{compat=1.18}).

*geometry* driver: auto-detecting
*geometry* detected driver: luatex
*geometry* verbose mode - [ preamble ] result:
* driver: luatex
* paper: <default>
* layout: <same size as paper>
* layoutoffset:(h,v)=(0.0pt,0.0pt)
* modes: 
* h-part:(L,W,R)=(99.58464pt, 441.01773pt, 56.9055pt)
* v-part:(T,H,B)=(56.9055pt, 731.23584pt, 56.9055pt)
* \paperwidth=597.50787pt
* \paperheight=845.04684pt
* \textwidth=441.01773pt
* \textheight=731.23584pt
* \oddsidemargin=27.31465pt
* \evensidemargin=27.31465pt
* \topmargin=-52.36449pt
* \headheight=12.0pt
* \headsep=25.0pt
* \topskip=10.0pt
* \footskip=30.0pt
* \marginparwidth=99.58464pt
* \marginparsep=8.5359pt
* \columnsep=10.0pt
* \skip\footins=9.0pt plus 4.0pt minus 2.0pt
* \hoffset=0.0pt
* \voffset=0.0pt
* \mag=1000
* \@twocolumnfalse
* \@twosidefalse
* \@mparswitchfalse
* \@reversemargintrue
* (1in=72.27pt=25.4mm, 1cm=28.453pt)

Package hyperref Info: Link coloring ON on input line 26.
(./numodel.out) (./numodel.out)
\@outlinefile=\write6

\openout6 = numodel.out
 (./numodel.hd)
\HD@savedest@out=\write7

\openout7 = numodel.hd
 (./numodel.dtx
LaTeX Font Info:    Trying to load font information for U+msa on input line 54.


(c:/texlive/2025/texmf-dist/tex/latex/amsfonts/umsa.fd
File: umsa.fd 2013/01/14 v3.01 AMS symbols A
)
LaTeX Font Info:    Trying to load font information for U+msb on input line 54.


(c:/texlive/2025/texmf-dist/tex/latex/amsfonts/umsb.fd
File: umsb.fd 2013/01/14 v3.01 AMS symbols B
) (./numodel.toc)
\tf@toc=\write8

\openout8 = numodel.toc

[1

{c:/texlive/2025/texmf-var/fonts/map/pdftex/updmap/pdftex.map}]
LaTeX Font Info:    Font shape `TU/lmtt/bx/n' in size <12> not available
(Font)              Font shape `TU/lmtt/b/n' tried instead on input line 120.

NEWPREFIX start: ball
NEWPREFIX save current: 
NEWPREFIX register
NEWPREFIX init_backup
\g__numodel_ball_rulecounter_int=\count390
\g__numodel_ball_steps_int=\count391
NEWPREFIX lua_init
NEWPREFIX clear_state
NEWPREFIX set_current
NEWPREFIX done: ball
MVAR start: T
MVAR before-keys-set
MVAR after-keys-set
MVAR eff: ball
MVAR body fullname: ballT
MVAR done: T
MVAR start: Dt
MVAR before-keys-set
MVAR after-keys-set
MVAR eff: ball
MVAR body fullname: ballDt
MVAR done: Dt
MVAR start: V
MVAR before-keys-set
MVAR after-keys-set
MVAR eff: ball
MVAR body fullname: ballV
MVAR done: V
MVAR start: Y
MVAR before-keys-set
MVAR after-keys-set
MVAR eff: ball
MVAR body fullname: ballY
MVAR done: Y
MVAR start: G
MVAR before-keys-set
MVAR after-keys-set
MVAR eff: ball
MVAR body fullname: ballG
MVAR done: G
MRULE start: V
VTD input: \ballV + \ballG * \ballDt 
VTD seq: ballT|ballDt|ballV|ballY|ballG
VTD iter: ballT
VTD replace \c {ballT} with t
VTD iter: ballDt
VTD replace \c {ballDt} with dt
VTD iter: ballV
VTD replace \c {ballV} with v
VTD iter: ballY
VTD replace \c {ballY} with y
VTD iter: ballG
VTD replace \c {ballG} with g
MRULE rhs after: v+ g\cdot   dt
MRULE display: v\,=\,v+ g\cdot   dt
MRULE done: V
MRULE start: Y
VTD input: \ballY + \ballV * \ballDt 
VTD seq: ballT|ballDt|ballV|ballY|ballG
VTD iter: ballT
VTD replace \c {ballT} with t
VTD iter: ballDt
VTD replace \c {ballDt} with dt
VTD iter: ballV
VTD replace \c {ballV} with v
VTD iter: ballY
VTD replace \c {ballY} with y
VTD iter: ballG
VTD replace \c {ballG} with g
MRULE rhs after: y+ v\cdot   dt
MRULE display: y\,=\,y+ v\cdot   dt
MRULE done: Y
MRULE start: T
VTD input: \ballT + \ballDt 
VTD seq: ballT|ballDt|ballV|ballY|ballG
VTD iter: ballT
VTD replace \c {ballT} with t
VTD iter: ballDt
VTD replace \c {ballDt} with dt
VTD iter: ballV
VTD replace \c {ballV} with v
VTD iter: ballY
VTD replace \c {ballY} with y
VTD iter: ballG
VTD replace \c {ballG} with g
MRULE rhs after: t+ dt
MRULE display: t\,=\,t+ dt
MRULE done: T
MSTOP start
VTD input: \ballY <= 0
VTD seq: ballT|ballDt|ballV|ballY|ballG
VTD iter: ballT
VTD replace \c {ballT} with t
VTD iter: ballDt
VTD replace \c {ballDt} with dt
VTD iter: ballV
VTD replace \c {ballV} with v
VTD iter: ballY
VTD replace \c {ballY} with y
VTD iter: ballG
VTD replace \c {ballG} with g
MSTOP done
TEXTMODEL start
BUILD_TABLE rules: v\,=\,v+ g\cdot   dt|y\,=\,y+ v\cdot   dt|t\,=\,t+ dt|\prote
ct \protect \unhbox \voidb@x \hbox {IF }y\leqslant   0\protect \protect \unhbox
 \voidb@x \hbox { THEN}\protect \protect \unhbox \voidb@x \hbox { STOP }\protec
t \protect \unhbox \voidb@x \hbox {ENDIF}
BUILD_TABLE types: rule|rule|rule|rule
BUILD_TABLE numrules: 4
BUILD_TABLE numstarts: 5
BUILD_TABLE before-step table: \begin {tabular}{r|l|l}&\textbf {model}&\textbf 
{initial values}\\\hline 
BUILD_TABLE iter row: 0
BUILD_TABLE row: 1type: rule
BUILD_TABLE emit rule num: 1content: v\,=\,v+ g\cdot   dt
BUILD_TABLE after-emit table tail: {tabular}{r|l|l}&\textbf {model}&\textbf {in
itial values}\\\hline \rule {0pt}{2.6ex}1&$v\,=\,v+ g\cdot   dt$&
BUILD_TABLE iter row: 1
BUILD_TABLE row: 2type: rule
BUILD_TABLE emit rule num: 2content: y\,=\,y+ v\cdot   dt
BUILD_TABLE after-emit table tail: {tabular}{r|l|l}&\textbf {model}&\textbf {in
itial values}\\\hline \rule {0pt}{2.6ex}1&$v\,=\,v+ g\cdot   dt$&$t=\ballTqty $
\\\rule {0pt}{2.6ex}2&$y\,=\,y+ v\cdot   dt$&
BUILD_TABLE iter row: 2
BUILD_TABLE row: 3type: rule
BUILD_TABLE emit rule num: 3content: t\,=\,t+ dt
BUILD_TABLE after-emit table tail: {tabular}{r|l|l}&\textbf {model}&\textbf {in
itial values}\\\hline \rule {0pt}{2.6ex}1&$v\,=\,v+ g\cdot   dt$&$t=\ballTqty $
\\\rule {0pt}{2.6ex}2&$y\,=\,y+ v\cdot   dt$&$dt=\ballDtqty $\\\rule {0pt}{2.6e
x}3&$t\,=\,t+ dt$&
BUILD_TABLE iter row: 3
BUILD_TABLE row: 4type: rule
BUILD_TABLE emit rule num: 4content: \protect \protect \unhbox \voidb@x \hbox {
IF }y\leqslant   0\protect \protect \unhbox \voidb@x \hbox { THEN}\protect \pro
tect \unhbox \voidb@x \hbox { STOP }\protect \protect \unhbox \voidb@x \hbox {E
NDIF}
BUILD_TABLE after-emit table tail: {tabular}{r|l|l}&\textbf {model}&\textbf {in
itial values}\\\hline \rule {0pt}{2.6ex}1&$v\,=\,v+ g\cdot   dt$&$t=\ballTqty $
\\\rule {0pt}{2.6ex}2&$y\,=\,y+ v\cdot   dt$&$dt=\ballDtqty $\\\rule {0pt}{2.6e
x}3&$t\,=\,t+ dt$&$v=\ballVqty $\\\rule {0pt}{2.6ex}4&$\protect \protect \unhbo
x \voidb@x \hbox {IF }y\leqslant   0\protect \protect \unhbox \voidb@x \hbox { 
THEN}\protect \protect \unhbox \voidb@x \hbox { STOP }\protect \protect \unhbox
 \voidb@x \hbox {ENDIF}$&
TEXTMODEL table: \begin {tabular}{r|l|l}&\textbf {model}&\textbf {initial value
s}\\\hline \rule {0pt}{2.6ex}1&$v\,=\,v+ g\cdot   dt$&$t=\ballTqty $\\\rule {0p
t}{2.6ex}2&$y\,=\,y+ v\cdot   dt$&$dt=\ballDtqty $\\\rule {0pt}{2.6ex}3&$t\,=\,
t+ dt$&$v=\ballVqty $\\\rule {0pt}{2.6ex}4&$\protect \protect \unhbox \voidb@x 
\hbox {IF }y\leqslant   0\protect \protect \unhbox \voidb@x \hbox { THEN}\prote
ct \protect \unhbox \voidb@x \hbox { STOP }\protect \protect \unhbox \voidb@x \
hbox {ENDIF}$&$y=\ballYqty $\\&&$g=\ballGqty $\\\end {tabular}
TEXTMODEL done
BUILD: step 0 reset auto-positions
BUILD: step 1 lua layout writeback
BUILD: step 2 tikzpicture
NODE: ballT
NODE: ballDt
NODE: ballV
NODE: ballY
NODE: ballG
BUILD: step 5 stock-valve nodes
BUILD: step 6 flow arrows
BUILD: step 6a valve nodes
BUILD: step 6b+7 causal arrows (Lua)
BUILD: step 8 done
COMPUTE start
COMPUTE done
[2]
LaTeX Font Info:    Font shape `TU/lmtt/bx/n' in size <10> not available
(Font)              Font shape `TU/lmtt/b/n' tried instead on input line 201.
 [3]
Overfull \hbox (2.22726pt too wide) in paragraph at lines 247--250
[]\TU/lmr/m/n/10 For-rester/Ster-man con-ven-tion: the valve is drawn with-out 
a la-bel and the helper/con-
 []


Overfull \hbox (30.80428pt too wide) in paragraph at lines 282--285
[]\TU/lmr/m/n/10 use a comma (\TU/lmss/m/n/10 siunitx []\TU/lmtt/m/n/10 output-d
ecimal-marker={,}\TU/lmr/m/n/10 , \TU/lmss/m/n/10 pgf-plots []\TU/lmtt/m/n/10 /p
gf/number format/use comma\TU/lmr/m/n/10 ). 
 []


Overfull \hbox (39.74426pt too wide) in paragraph at lines 285--288
[]\TU/lmr/m/n/10 use a full stop (\TU/lmss/m/n/10 siunitx []\TU/lmtt/m/n/10 outp
ut-decimal-marker={.}\TU/lmr/m/n/10 , \TU/lmss/m/n/10 pgf-plots []\TU/lmtt/m/n/
10 /pgf/number format/use period\TU/lmr/m/n/10 ). 
 []

[4]
NEWPREFIX start: flux
NEWPREFIX save current: ball
NEWPREFIX register
NEWPREFIX init_backup
\g__numodel_flux_rulecounter_int=\count392
\g__numodel_flux_steps_int=\count393
NEWPREFIX lua_init
NEWPREFIX clear_state
NEWPREFIX set_current
NEWPREFIX done: flux
MVAR start: T
MVAR before-keys-set
MVAR after-keys-set
MVAR eff: flux
MVAR body fullname: fluxT
MVAR done: T
MVAR start: Dt
MVAR before-keys-set
MVAR after-keys-set
MVAR eff: flux
MVAR body fullname: fluxDt
MVAR done: Dt
MVAR start: N
MVAR before-keys-set
MVAR after-keys-set
MVAR eff: flux
MVAR body fullname: fluxN
MVAR done: N
MVAR start: R
MVAR before-keys-set
MVAR after-keys-set
MVAR eff: flux
MVAR body fullname: fluxR
MVAR done: R
MRULE start: N
VTD input: \fluxN + \fluxR * \fluxDt 
VTD seq: fluxT|fluxDt|fluxN|fluxR
VTD iter: fluxT
VTD replace \c {fluxT} with t
VTD iter: fluxDt
VTD replace \c {fluxDt} with dt
VTD iter: fluxN
VTD replace \c {fluxN} with n
VTD iter: fluxR
VTD replace \c {fluxR} with r
MRULE rhs after: n+ r\cdot   dt
MRULE display: n\,=\,n+ r\cdot   dt
MRULE done: N
MRULE start: T
VTD input: \fluxT + \fluxDt 
VTD seq: fluxT|fluxDt|fluxN|fluxR
VTD iter: fluxT
VTD replace \c {fluxT} with t
VTD iter: fluxDt
VTD replace \c {fluxDt} with dt
VTD iter: fluxN
VTD replace \c {fluxN} with n
VTD iter: fluxR
VTD replace \c {fluxR} with r
MRULE rhs after: t+ dt
MRULE display: t\,=\,t+ dt
MRULE done: T
MSTOP start
VTD input: \fluxT >= 5
VTD seq: fluxT|fluxDt|fluxN|fluxR
VTD iter: fluxT
VTD replace \c {fluxT} with t
VTD iter: fluxDt
VTD replace \c {fluxDt} with dt
VTD iter: fluxN
VTD replace \c {fluxN} with n
VTD iter: fluxR
VTD replace \c {fluxR} with r
MSTOP done
BUILD: step 0 reset auto-positions
BUILD: step 1 lua layout writeback
BUILD: step 2 tikzpicture
NODE: fluxT
NODE: fluxDt
NODE: fluxN
NODE: fluxR
BUILD: step 5 stock-valve nodes
BUILD: step 6 flow arrows
BUILD: step 6a valve nodes
BUILD: step 6b+7 causal arrows (Lua)
BUILD: step 8 done
BUILD: step 0 reset auto-positions
BUILD: step 1 lua layout writeback
BUILD: step 2 tikzpicture
NODE: fluxT
NODE: fluxDt
NODE: fluxN
NODE: fluxR
BUILD: step 5 stock-valve nodes
BUILD: step 6 flow arrows
BUILD: step 6a valve nodes
BUILD: step 6b+7 causal arrows (Lua)
BUILD: step 8 done
BUILD: step 0 reset auto-positions
BUILD: step 1 lua layout writeback
BUILD: step 2 tikzpicture
NODE: fluxT
NODE: fluxDt
NODE: fluxN
NODE: fluxR
BUILD: step 5 stock-valve nodes
BUILD: step 6 flow arrows
BUILD: step 6a valve nodes
BUILD: step 6b+7 causal arrows (Lua)
BUILD: step 8 done

Overfull \hbox (0.13007pt too wide) in paragraph at lines 361--375
\TU/lmr/m/n/10 where $\OMS/cmsy/m/n/10 h$\TU/lmr/m/it/10 Name$\OMS/cmsy/m/n/10 
i$ \TU/lmr/m/n/10 is a short al-pha-betic iden-ti-fier (the prefix-qualified ac-
ces-sor be-comes []\TU/lmtt/m/n/10 \<prefix><Name>\TU/lmr/m/n/10 ),
 []

[5]
Overfull \hbox (63.11226pt too wide) in paragraph at lines 454--460
[]\TU/lmr/m/n/10 Op-tional []\TU/lmtt/m/n/10 [<keys>] \TU/lmr/m/n/10 ac-cepts [
]\TU/lmtt/m/n/10 prefix=<name> \TU/lmr/m/n/10 (ren-der a non-current model) and []\TU/lmtt/m/n/10 diagram-style=tight\TU/lmr/m/n/10 forrester[]\TU/lmtt/m/n/10 edu\TU/lmr/m/n/10 ,
 []


Overfull \hbox (46.93727pt too wide) in paragraph at lines 483--489
\TU/lmr/m/n/10 ex-pand-able. Sig-na-ture: []\TU/lmtt/m/n/10 \mcoords{<xvar>}{<yv
ar>} \TU/lmr/m/n/10 (cur-rent pre-fix); []\TU/lmtt/m/n/10 \mcoordsp{<prefix>}{<x
var>}{<yvar>}
 []

[6]
Package pgfplots info on input line 532: Deactivating LUA version of plot expre
ssion for plot 1 (type 'pgfplothandlerlineto'): y expression '\mstep {Y}{-1} + 
(\mstep {Y}{-1} - \mstep {Y}{-2}) / (\mstep {T}{-1} - \mstep {T}{-2}) * (x - \m
step {T}{-1})' contains a TeX macro.

Overfull \hbox (35.81955pt too wide) in paragraph at lines 532--532
 [][] 
 []

[7]
Overfull \hbox (21.04425pt too wide) in paragraph at lines 591--593
[]\TU/lmr/m/n/10 Cur-rent nu-meric value (post-rule-update if in-side a step, po
st-final-step af-ter []\TU/lmtt/m/n/10 \computemodel\TU/lmr/m/n/10 ). 
 []

[8] [9] [10] [11] [12] [13] [14] [15] [16] [17] [18] [19] [20]
Overfull \hbox (7.58484pt too wide) in paragraph at lines 3184--3184
 [][]    \TU/lmtt/m/n/9 \cs_gset:cpe { \l__numodel_fullname_tl alias }      { \e
xp_not:V \l__numodel_alias_tl } 
 []

[21]
Overfull \hbox (26.48486pt too wide) in paragraph at lines 3184--3184
 [][]    \TU/lmtt/m/n/9 \cs_gset:cpe { \l__numodel_fullname_tl aliasleft }  { \e
xp_not:V \l__numodel_aliasleft_tl } 
 []


Overfull \hbox (31.20987pt too wide) in paragraph at lines 3184--3184
 [][]    \TU/lmtt/m/n/9 \cs_gset:cpe { \l__numodel_fullname_tl aliasright } { \e
xp_not:V \l__numodel_aliasright_tl } 
 []


Overfull \hbox (50.1099pt too wide) in paragraph at lines 3184--3184
 [][]    \TU/lmtt/m/n/9 \cs_gset:cpe { \l__numodel_fullname_tl flowcloud }  { \e
xp_not:V \l__numodel_mvar_flowcloud_tl } 
 []

[22] [23] [24] [25] [26] [27]
Overfull \hbox (172.96005pt too wide) in paragraph at lines 3184--3184
 [][]        \TU/lmtt/m/n/9 \typeout{BUILD_TABLE~row:~\int_use:N \l__numodel_row
_int~type:~\seq_item:Nn \g_mrule_type_seq { \l__numodel_row_int }} 
 []

[28]
Overfull \hbox (248.56015pt too wide) in paragraph at lines 3184--3184
 [][]            \TU/lmtt/m/n/9 \typeout{BUILD_TABLE~emit~rule~num:~\int_use:N 
\l__numodel_dispnum_int~content:~\seq_item:Nn \g_mrule_seq { \l__numodel_row_int
 }} 
 []

[29] [30] [31]
Overfull \hbox (125.70999pt too wide) in paragraph at lines 3184--3184
 [][]\TU/lmtt/m/n/9 \prop_new:N \l__numodel_vpos_y_prop         % varname -> val
ve gridy (used when gridmaxx wrap shifted the stock row) 
 []

[32] [33] [34] [35] [36] [37] [38] [39] [40] [41] [42] [43]
Overfull \hbox (12.30984pt too wide) in paragraph at lines 3184--3184
 [][]    \TU/lmtt/m/n/9 \caption{$\use:c{\l__numodel_yname_tl text}$($\use:c{\l_
_numodel_xname_tl text}$)\text{-
 []


Overfull \hbox (26.48486pt too wide) in paragraph at lines 3184--3184
 [][]\TU/lmtt/m/n/9 % === Grid spacing -- defaults set via \numodelsetup {graphs
calex, graphscaley, stockwidth} === 
 []

[44] [45] [46]
Overfull \hbox (7.10225pt too wide) in paragraph at lines 3188--3194
\TU/lmr/m/n/10 so ad-di-tional lan-guages can be sup-plied through []\TU/lmtt/m
/n/10 TEXMFHOME/tex/latex/numodel/numodel-<LANG>.def
 []

[47]
**********************************
* This macro file has no checksum!
* The checksum should be 2578!
**********************************
) [48] (./numodel.aux)
 ***********
LaTeX2e <2025-11-01>
L3 programming layer <2026-01-19>
 ***********
Package rerunfilecheck Info: File `numodel.out' has not changed.
(rerunfilecheck)             Checksum: 6F7AB181285C633E6119BA2844667B74;3866.
Package rerunfilecheck Info: File `numodel.hd' has not changed.
(rerunfilecheck)             Checksum: D41D8CD98F00B204E9800998ECF8427E;0.
)

Here is how much of LuaTeX's memory you used:
 41584 strings out of 476076
 100000,1648299 words of node,token memory allocated
 551 words of node memory still in use:
   6 hlist, 2 vlist, 2 rule, 3 glue, 4 kern, 1 glyph, 9 attribute, 61 glue_spec,
 9 attribute_list, 2 write nodes
   avail lists: 2:2824,3:2935,4:243,5:588,6:133,7:9013,8:16,9:963,10:14,11:493
 63014 multiletter control sequences out of 65536+600000
 90 fonts using 7020359 bytes
 117i,19n,114p,843b,2629s stack positions out of 10000i,1000n,20000p,200000b,200000s
<c:/texlive/2025/texmf-dist/fonts/opentype/public/lm/lmroman7-regular.otf><c:/te
xlive/2025/texmf-dist/fonts/opentype/public/lm/lmroman10-bolditalic.otf><c:/texl
ive/2025/texmf-dist/fonts/opentype/public/lm/lmmonolt10-bold.otf><c:/texlive/202
5/texmf-dist/fonts/opentype/public/lm/lmsans8-regular.otf><c:/texlive/2025/texmf
-dist/fonts/opentype/public/lm/lmroman8-regular.otf><c:/texlive/2025/texmf-dist/
fonts/opentype/public/lm/lmroman10-italic.otf><c:/texlive/2025/texmf-dist/fonts/
opentype/public/lm/lmsans10-regular.otf><c:/texlive/2025/texmf-dist/fonts/openty
pe/public/lm/lmmono10-regular.otf><c:/texlive/2025/texmf-dist/fonts/opentype/pub
lic/lm/lmroman10-regular.otf><c:/texlive/2025/texmf-dist/fonts/opentype/public/l
m/lmroman10-bold.otf><c:/texlive/2025/texmf-dist/fonts/opentype/public/lm/lmroma
n12-bold.otf><c:/texlive/2025/texmf-dist/fonts/opentype/public/lm/lmsans9-regula
r.otf><c:/texlive/2025/texmf-dist/fonts/opentype/public/lm/lmmono9-regular.otf><
c:/texlive/2025/texmf-dist/fonts/opentype/public/lm/lmroman9-regular.otf><c:/tex
live/2025/texmf-dist/fonts/opentype/public/lm/lmroman9-bold.otf><c:/texlive/2025
/texmf-dist/fonts/opentype/public/lm/lmmono12-regular.otf><c:/texlive/2025/texmf
-dist/fonts/opentype/public/lm/lmroman12-regular.otf><c:/texlive/2025/texmf-dist
/fonts/opentype/public/lm/lmsans17-regular.otf><c:/texlive/2025/texmf-dist/fonts
/opentype/public/lm/lmroman17-regular.otf><c:/texlive/2025/texmf-dist/fonts/type
1/public/amsfonts/cm/cmmi10.pfb><c:/texlive/2025/texmf-dist/fonts/type1/public/a
msfonts/cm/cmmi7.pfb><c:/texlive/2025/texmf-dist/fonts/type1/public/amsfonts/cm/
cmmi9.pfb><c:/texlive/2025/texmf-dist/fonts/type1/public/amsfonts/cm/cmr10.pfb><
c:/texlive/2025/texmf-dist/fonts/type1/public/amsfonts/cm/cmr7.pfb><c:/texlive/2
025/texmf-dist/fonts/type1/public/amsfonts/cm/cmss9.pfb><c:/texlive/2025/texmf-d
ist/fonts/type1/public/amsfonts/cm/cmsy10.pfb><c:/texlive/2025/texmf-dist/fonts/
type1/public/amsfonts/cm/cmsy6.pfb><c:/texlive/2025/texmf-dist/fonts/type1/publi
c/amsfonts/cm/cmsy7.pfb><c:/texlive/2025/texmf-dist/fonts/type1/public/amsfonts/
cm/cmsy9.pfb><c:/texlive/2025/texmf-dist/fonts/type1/public/amsfonts/symbols/msa
m10.pfb>
Output written on numodel.pdf (48 pages, 316274 bytes).

PDF statistics: 507 PDF objects out of 1000 (max. 8388607)
 385 compressed objects within 4 object streams
 73 named destinations out of 1000 (max. 1048576)
 184 words of extra memory for PDF output out of 10000 (max. 100000000)

